{
  "mode": "paper",
  "status": "stopped",
  "pid": 40460,
  "config_path": "C:\\dev\\ducketz\\configs\\hyperliquid-paper.json",
  "updated_at_utc": "2026-10-03T03:31:18.391920+00:00",
  "last_error": null,
  "portfolio": {
    "accounts": {
      "alex": {
        "account": "alex",
        "initial_cash": 6561.95114437,
        "cash": 6524.208593204303,
        "realized_pnl": -29.47886000000179,
        "fees": 8.264914181999998,
        "funding": 0.001223016304055,
        "net_transfers": 0.0,
        "initial_equity": 6518.5196771723895,
        "initial_unrealized_pnl": -43.434400000001006,
        "role": "short_perp",
        "positions": [
          {
            "account": "alex",
            "coin": "HYPE",
            "kind": "spot",
            "quantity": 3.283e-05,
            "avg_entry": 89.333,
            "risk_reference_price": 89.333,
            "risk_reference_source": "opening_mark",
            "market": "spot:HYPE",
            "mark_price": 88.254,
            "unrealized_pnl": -3.542356999999979e-05,
            "passive": true,
            "notional": 0.0028973788200000006,
            "side": "long"
          }
        ],
        "unrealized_pnl": -3.542356999999979e-05,
        "gross_exposure": 0.0028973788200000006,
        "equity": 6524.211490583123,
        "free_cash": 6524.208593204303,
        "total_pnl": 5.69181341073363,
        "net_realized_pnl": -37.74255116569773
      },
      "clearpond": {
        "account": "clearpond",
        "initial_cash": 3181.09673727,
        "cash": 32862.06587078099,
        "realized_pnl": -12.363746999698806,
        "fees": 20.810096488999996,
        "funding": 0.0,
        "net_transfers": 0.0,
        "initial_equity": 32906.10819676097,
        "initial_unrealized_pnl": 0.0,
        "role": "spot",
        "positions": [
          {
            "account": "clearpond",
            "coin": "BTC",
            "kind": "spot",
            "quantity": 3.862399999998711e-06,
            "avg_entry": 84641.0,
            "risk_reference_price": 84641.0,
            "risk_reference_source": "opening_mark",
            "market": "spot:BTC",
            "mark_price": 84606.0,
            "unrealized_pnl": -0.0001351839999999549,
            "passive": false,
            "notional": 0.32678221439989097,
            "side": "long"
          },
          {
            "account": "clearpond",
            "coin": "ETH",
            "kind": "spot",
            "quantity": 9.930000000002437e-05,
            "avg_entry": 2681.5,
            "risk_reference_price": 2681.5,
            "risk_reference_source": "opening_mark",
            "market": "spot:ETH",
            "mark_price": 2680.4,
            "unrealized_pnl": -0.00010923000000001778,
            "passive": false,
            "notional": 0.26616372000006533,
            "side": "long"
          },
          {
            "account": "clearpond",
            "coin": "HYPE",
            "kind": "spot",
            "quantity": 0.0011296899999990728,
            "avg_entry": 89.333,
            "risk_reference_price": 89.333,
            "risk_reference_source": "opening_mark",
            "market": "spot:HYPE",
            "mark_price": 88.254,
            "unrealized_pnl": -0.0012189355099989922,
            "passive": false,
            "notional": 0.09969966125991818,
            "side": "long"
          },
          {
            "account": "clearpond",
            "coin": "ZEC",
            "kind": "spot",
            "quantity": 0.007704646999999985,
            "avg_entry": 1320.5502531265206,
            "risk_reference_price": 1320.5502531265206,
            "risk_reference_source": "weighted_entry",
            "market": "spot:ZEC",
            "mark_price": 1323.3,
            "unrealized_pnl": 0.021185828999512032,
            "passive": false,
            "notional": 10.195559375099979,
            "side": "long"
          }
        ],
        "unrealized_pnl": 0.019722479489513067,
        "gross_exposure": 10.888204970759853,
        "equity": 32872.954075751746,
        "free_cash": 32862.06587078099,
        "total_pnl": -33.15412100922549,
        "net_realized_pnl": -33.1738434886988
      },
      "jeremy": {
        "account": "jeremy",
        "initial_cash": 5152.00998513,
        "cash": 4886.732321676869,
        "realized_pnl": -258.6689366707572,
        "fees": 6.603700252500001,
        "funding": -0.005026529874999987,
        "net_transfers": 0.0,
        "initial_equity": 4904.43378191416,
        "initial_unrealized_pnl": -247.57687499999975,
        "role": "long_perp",
        "positions": [
          {
            "account": "jeremy",
            "coin": "BTC",
            "kind": "perp",
            "quantity": 0.00014,
            "avg_entry": 84554.0,
            "risk_reference_price": 84554.0,
            "risk_reference_source": "fill_price",
            "market": "perp:BTC",
            "mark_price": 84564.0,
            "unrealized_pnl": 0.0013999999999999998,
            "passive": false,
            "notional": 11.838959999999998,
            "side": "long"
          },
          {
            "account": "jeremy",
            "coin": "ETH",
            "kind": "perp",
            "quantity": 0.012099999999999998,
            "avg_entry": 2680.191285432488,
            "risk_reference_price": 2680.191285432488,
            "risk_reference_source": "weighted_entry",
            "market": "perp:ETH",
            "mark_price": 2681.2,
            "unrealized_pnl": 0.012205446266895386,
            "passive": false,
            "notional": 32.442519999999995,
            "side": "long"
          },
          {
            "account": "jeremy",
            "coin": "ZEC",
            "kind": "perp",
            "quantity": 0.05999999999999983,
            "avg_entry": 1324.0035629251702,
            "risk_reference_price": 1323.4117134353742,
            "risk_reference_source": "weighted_entry",
            "market": "perp:ZEC",
            "mark_price": 1323.8,
            "unrealized_pnl": -0.012213775510213019,
            "passive": false,
            "notional": 79.42799999999977,
            "side": "long"
          },
          {
            "account": "jeremy",
            "coin": "HYPE",
            "kind": "spot",
            "quantity": 7.52e-06,
            "avg_entry": 89.333,
            "risk_reference_price": 89.333,
            "risk_reference_source": "opening_mark",
            "market": "spot:HYPE",
            "mark_price": 88.254,
            "unrealized_pnl": -8.114079999999952e-06,
            "passive": true,
            "notional": 0.00066367008,
            "side": "long"
          }
        ],
        "unrealized_pnl": 0.0013835566766823672,
        "gross_exposure": 123.71014367007976,
        "equity": 4886.734377017706,
        "free_cash": 4763.024233347626,
        "total_pnl": -17.699404896454325,
        "net_realized_pnl": -265.2776634531322
      }
    },
    "pooled": {
      "initial_cash": 14895.057866770001,
      "initial_equity": 44329.06165584752,
      "initial_unrealized_pnl": -291.01127500000075,
      "cash": 44273.00678566216,
      "equity": 44283.899943352575,
      "free_cash": 44149.298697332924,
      "realized_pnl": -300.5115436704578,
      "unrealized_pnl": 0.021070612596195436,
      "fees": 35.67871092349999,
      "funding": -0.0038035135709449863,
      "net_transfers": 0.0,
      "total_pnl": -45.16171249494619,
      "gross_exposure": 134.6012460196596,
      "net_realized_pnl": -336.19405810752875,
      "positions": [
        {
          "account": "alex",
          "coin": "HYPE",
          "kind": "spot",
          "quantity": 3.283e-05,
          "avg_entry": 89.333,
          "risk_reference_price": 89.333,
          "risk_reference_source": "opening_mark",
          "market": "spot:HYPE",
          "mark_price": 88.254,
          "unrealized_pnl": -3.542356999999979e-05,
          "passive": true,
          "notional": 0.0028973788200000006,
          "side": "long"
        },
        {
          "account": "clearpond",
          "coin": "BTC",
          "kind": "spot",
          "quantity": 3.862399999998711e-06,
          "avg_entry": 84641.0,
          "risk_reference_price": 84641.0,
          "risk_reference_source": "opening_mark",
          "market": "spot:BTC",
          "mark_price": 84606.0,
          "unrealized_pnl": -0.0001351839999999549,
          "passive": false,
          "notional": 0.32678221439989097,
          "side": "long"
        },
        {
          "account": "clearpond",
          "coin": "ETH",
          "kind": "spot",
          "quantity": 9.930000000002437e-05,
          "avg_entry": 2681.5,
          "risk_reference_price": 2681.5,
          "risk_reference_source": "opening_mark",
          "market": "spot:ETH",
          "mark_price": 2680.4,
          "unrealized_pnl": -0.00010923000000001778,
          "passive": false,
          "notional": 0.26616372000006533,
          "side": "long"
        },
        {
          "account": "clearpond",
          "coin": "HYPE",
          "kind": "spot",
          "quantity": 0.0011296899999990728,
          "avg_entry": 89.333,
          "risk_reference_price": 89.333,
          "risk_reference_source": "opening_mark",
          "market": "spot:HYPE",
          "mark_price": 88.254,
          "unrealized_pnl": -0.0012189355099989922,
          "passive": false,
          "notional": 0.09969966125991818,
          "side": "long"
        },
        {
          "account": "clearpond",
          "coin": "ZEC",
          "kind": "spot",
          "quantity": 0.007704646999999985,
          "avg_entry": 1320.5502531265206,
          "risk_reference_price": 1320.5502531265206,
          "risk_reference_source": "weighted_entry",
          "market": "spot:ZEC",
          "mark_price": 1323.3,
          "unrealized_pnl": 0.021185828999512032,
          "passive": false,
          "notional": 10.195559375099979,
          "side": "long"
        },
        {
          "account": "jeremy",
          "coin": "BTC",
          "kind": "perp",
          "quantity": 0.00014,
          "avg_entry": 84554.0,
          "risk_reference_price": 84554.0,
          "risk_reference_source": "fill_price",
          "market": "perp:BTC",
          "mark_price": 84564.0,
          "unrealized_pnl": 0.0013999999999999998,
          "passive": false,
          "notional": 11.838959999999998,
          "side": "long"
        },
        {
          "account": "jeremy",
          "coin": "ETH",
          "kind": "perp",
          "quantity": 0.012099999999999998,
          "avg_entry": 2680.191285432488,
          "risk_reference_price": 2680.191285432488,
          "risk_reference_source": "weighted_entry",
          "market": "perp:ETH",
          "mark_price": 2681.2,
          "unrealized_pnl": 0.012205446266895386,
          "passive": false,
          "notional": 32.442519999999995,
          "side": "long"
        },
        {
          "account": "jeremy",
          "coin": "ZEC",
          "kind": "perp",
          "quantity": 0.05999999999999983,
          "avg_entry": 1324.0035629251702,
          "risk_reference_price": 1323.4117134353742,
          "risk_reference_source": "weighted_entry",
          "market": "perp:ZEC",
          "mark_price": 1323.8,
          "unrealized_pnl": -0.012213775510213019,
          "passive": false,
          "notional": 79.42799999999977,
          "side": "long"
        },
        {
          "account": "jeremy",
          "coin": "HYPE",
          "kind": "spot",
          "quantity": 7.52e-06,
          "avg_entry": 89.333,
          "risk_reference_price": 89.333,
          "risk_reference_source": "opening_mark",
          "market": "spot:HYPE",
          "mark_price": 88.254,
          "unrealized_pnl": -8.114079999999952e-06,
          "passive": true,
          "notional": 0.00066367008,
          "side": "long"
        }
      ]
    }
  },
  "simulated": true,
  "poll_seconds": 30,
  "horizon_bars": 1,
  "lifecycle_phase": "trading",
  "errors": {},
  "quote_errors": {},
  "funding_errors": {},
  "funding_valuation": "realized_rate/candle_close_proxy",
  "quote_attempt_count": 1,
  "prepare_only": false
}
