SEC_HISTORY CROX 50/663
SEC_HISTORY CROX 100/663
SEC_HISTORY CROX 150/663
SEC_HISTORY CROX 200/663
SEC_HISTORY CROX 250/663
SEC_HISTORY CROX 300/663
SEC_HISTORY CROX 350/663
SEC_HISTORY CROX 400/663
SEC_HISTORY CROX 450/663
SEC_HISTORY CROX 500/663
SEC_HISTORY CROX 550/663
SEC_HISTORY CROX 600/663
SEC_HISTORY CROX 650/663
{"plan_id": "87972193f79e7d1259f20ac4a7f98dd05270702c9c02fa3576a029ee864c8054", "status": "COMPLETE", "completed_at": "2026-09-14T03:37:13.702198+00:00", "history_floor": "2018-01-01", "sec_filing_count": 663, "sec_stored_bytes": 121554310, "sec_uncompressed_bytes": 490338295, "sec_index_sha256": "30dfede1a3d6dd81d381582fa5109a8295c6d50610bde4bf3dfd5fc16f9e1da0", "fmp_daily_rows": 2185, "fmp_daily_sha256": "83ea1ce738d4cef3f6677c96739028e6764e08bc1bec0be03dfe9cdd9df4fc42"}
SEC_HISTORY PATH 50/665
SEC_HISTORY PATH 100/665
SEC_HISTORY PATH 150/665
SEC_HISTORY PATH 200/665
SEC_HISTORY PATH 250/665
SEC_HISTORY PATH 300/665
SEC_HISTORY PATH 350/665
SEC_HISTORY PATH 400/665
SEC_HISTORY PATH 450/665
SEC_HISTORY PATH 500/665
SEC_HISTORY PATH 550/665
SEC_HISTORY PATH 600/665
SEC_HISTORY PATH 650/665
{"plan_id": "af9f7ccd18bcf177e4b8e72604ba80f87de88e0e56fe7d0f80316212d22083e7", "status": "COMPLETE", "completed_at": "2026-09-14T03:39:01.824905+00:00", "history_floor": "2018-01-01", "sec_filing_count": 665, "sec_stored_bytes": 177420383, "sec_uncompressed_bytes": 487870572, "sec_index_sha256": "7bfa6575005dfa9fb7c0f0e32686e157793a2697bfd169b095834180bfa38ff0", "fmp_daily_rows": 1355, "fmp_daily_sha256": "eb6b6f2cb9c8126ac8ed413588d0d7b123860003597dd2ae6d9bd8534103c1c9"}
SEC_HISTORY TWST 50/1587
SEC_HISTORY TWST 100/1587
SEC_HISTORY TWST 150/1587
SEC_HISTORY TWST 200/1587
SEC_HISTORY TWST 250/1587
SEC_HISTORY TWST 300/1587
SEC_HISTORY TWST 350/1587
SEC_HISTORY TWST 400/1587
SEC_HISTORY TWST 450/1587
SEC_HISTORY TWST 500/1587
SEC_HISTORY TWST 550/1587
SEC_HISTORY TWST 600/1587
SEC_HISTORY TWST 650/1587
SEC_HISTORY TWST 700/1587
SEC_HISTORY TWST 750/1587
SEC_HISTORY TWST 800/1587
SEC_HISTORY TWST 850/1587
SEC_HISTORY TWST 900/1587
SEC_HISTORY TWST 950/1587
SEC_HISTORY TWST 1000/1587
SEC_HISTORY TWST 1050/1587
SEC_HISTORY TWST 1100/1587
SEC_HISTORY TWST 1150/1587
SEC_HISTORY TWST 1200/1587
SEC_HISTORY TWST 1250/1587
SEC_HISTORY TWST 1300/1587
SEC_HISTORY TWST 1350/1587
SEC_HISTORY TWST 1400/1587
SEC_HISTORY TWST 1450/1587
SEC_HISTORY TWST 1500/1587
SEC_HISTORY TWST 1550/1587
{"plan_id": "12f9265f252523497c5ea3878e4cbaf6b6cc0d0c68cc78a7dd5cd58efaaf9944", "status": "COMPLETE", "completed_at": "2026-09-14T03:43:17.950699+00:00", "history_floor": "2018-01-01", "sec_filing_count": 1587, "sec_stored_bytes": 158010638, "sec_uncompressed_bytes": 538805235, "sec_index_sha256": "61c1adaa16f1219ddbe2be83ff14449fa3f149a992fc924cfba84477f953aaa2", "fmp_daily_rows": 1975, "fmp_daily_sha256": "d97d7f1cb3773c1923c173b7144f45bef9c004b755257cbb412d2946f423ad24"}
SEC_HISTORY IONQ 50/621
SEC_HISTORY IONQ 100/621
SEC_HISTORY IONQ 150/621
SEC_HISTORY IONQ 200/621
SEC_HISTORY IONQ 250/621
SEC_HISTORY IONQ 300/621
SEC_HISTORY IONQ 350/621
SEC_HISTORY IONQ 400/621
SEC_HISTORY IONQ 450/621
SEC_HISTORY IONQ 500/621
SEC_HISTORY IONQ 550/621
SEC_HISTORY IONQ 600/621
{"plan_id": "326f356e97dcc16f3cfef3a71c70eee17e345c3a534f1b01f37e84df342b4bd5", "status": "COMPLETE", "completed_at": "2026-09-14T03:44:59.063728+00:00", "history_floor": "2018-01-01", "sec_filing_count": 621, "sec_stored_bytes": 162142254, "sec_uncompressed_bytes": 604585685, "sec_index_sha256": "319b72cab0098a67d717f550ffb222154f337a3be6dc77a9b124c73ebcfaff71", "fmp_daily_rows": 1429, "fmp_daily_sha256": "3032e8440bea611f98b9e9b3232efad6c59411170a985e5a171951ffc81b9f2d"}
