SUBMITTED_BATCH definition/CROX.OPT job=OPRA-20260914-Y4BVTXSL8J days=2218 range=2018-01-02..2026-09-12
SUBMITTED_BATCH ohlcv-1h/CROX.OPT job=OPRA-20260914-FHDKVWGMPQ days=2218 range=2018-01-02..2026-09-12
SUBMITTED_BATCH cbbo-1m/CROX.OPT job=OPRA-20260914-MEU8BBXHAW days=259 range=2025-09-15..2026-09-12
SUBMITTED_BATCH ohlcv-1s/CROX.OPT job=OPRA-20260914-CEGHW8JX4P days=2218 range=2018-01-02..2026-09-12
SUBMITTED_BATCH ohlcv-1m/CROX.OPT job=OPRA-20260914-MNPDC3JJ6C days=2218 range=2018-01-02..2026-09-12
SUBMITTED_BATCH ohlcv-1d/CROX.OPT job=OPRA-20260914-6X8F9WYQEH days=2218 range=2018-01-02..2026-09-12
SUBMITTED_BATCH statistics/CROX.OPT job=OPRA-20260914-BGCVAVA34L days=2218 range=2018-01-02..2026-09-12
SUBMITTED_BATCH status/CROX.OPT job=OPRA-20260914-UEPVQ987D8 days=563 range=2024-07-17..2026-09-12
SUBMITTED_BATCH tcbbo/CROX.OPT job=OPRA-20260914-VM7WW3HRBF days=259 range=2025-09-15..2026-09-12
SUBMITTED_BATCH trades/CROX.OPT job=OPRA-20260914-GBLF7RWDDK days=259 range=2025-09-15..2026-09-12
SUBMITTED_BATCH definition/PATH.OPT job=OPRA-20260914-LG5ANLBF77 days=1389 range=2021-04-21..2026-09-12
SUBMITTED_BATCH ohlcv-1h/PATH.OPT job=OPRA-20260914-UVHSMCPPKJ days=1389 range=2021-04-21..2026-09-12
SUBMITTED_BATCH cbbo-1m/PATH.OPT job=OPRA-20260914-P5YPDTEMFV days=259 range=2025-09-15..2026-09-12
SUBMITTED_BATCH ohlcv-1s/PATH.OPT job=OPRA-20260914-GAKYKBY3WQ days=1389 range=2021-04-21..2026-09-12
SUBMITTED_BATCH ohlcv-1m/PATH.OPT job=OPRA-20260914-ATVN94JESA days=1389 range=2021-04-21..2026-09-12
SUBMITTED_BATCH ohlcv-1d/PATH.OPT job=OPRA-20260914-6U3A37KW77 days=1389 range=2021-04-21..2026-09-12
SUBMITTED_BATCH statistics/PATH.OPT job=OPRA-20260914-BUSXGMJW8U days=1389 range=2021-04-21..2026-09-12
SUBMITTED_BATCH status/PATH.OPT job=OPRA-20260914-59U8NW3SA4 days=563 range=2024-07-17..2026-09-12
SUBMITTED_BATCH tcbbo/PATH.OPT job=OPRA-20260914-R7BMLQYH95 days=259 range=2025-09-15..2026-09-12
SUBMITTED_BATCH trades/PATH.OPT job=OPRA-20260914-YXW8SUBRVL days=259 range=2025-09-15..2026-09-12
SUBMITTED_BATCH definition/TWST.OPT job=OPRA-20260914-KFMMSWGN9S days=2009 range=2018-10-31..2026-09-12
SUBMITTED_BATCH ohlcv-1h/TWST.OPT job=OPRA-20260914-KPQLXAH45L days=2009 range=2018-10-31..2026-09-12
SUBMITTED_BATCH cbbo-1m/TWST.OPT job=OPRA-20260914-7KU7EKELCG days=259 range=2025-09-15..2026-09-12
SUBMITTED_BATCH ohlcv-1s/TWST.OPT job=OPRA-20260914-CCMTFUX7G5 days=2009 range=2018-10-31..2026-09-12
SUBMITTED_BATCH ohlcv-1m/TWST.OPT job=OPRA-20260914-HM6BGD3ATP days=2009 range=2018-10-31..2026-09-12
SUBMITTED_BATCH ohlcv-1d/TWST.OPT job=OPRA-20260914-PNW7HB5DH5 days=2009 range=2018-10-31..2026-09-12
SUBMITTED_BATCH statistics/TWST.OPT job=OPRA-20260914-VBUW5B7YTY days=2009 range=2018-10-31..2026-09-12
SUBMITTED_BATCH status/TWST.OPT job=OPRA-20260914-XHMWEQLBHF days=563 range=2024-07-17..2026-09-12
SUBMITTED_BATCH tcbbo/TWST.OPT job=OPRA-20260914-G48UQ8CJBV days=259 range=2025-09-15..2026-09-12
SUBMITTED_BATCH trades/TWST.OPT job=OPRA-20260914-LWSFVNYUVW days=259 range=2025-09-15..2026-09-12
SUBMITTED_BATCH definition/IONQ.OPT job=OPRA-20260914-PDM5Y5RGTK days=1463 range=2021-01-04..2026-09-12
SUBMITTED_BATCH ohlcv-1h/IONQ.OPT job=OPRA-20260914-KA8QVGY3JH days=1463 range=2021-01-04..2026-09-12
SUBMITTED_BATCH cbbo-1m/IONQ.OPT job=OPRA-20260914-CTHA3CKY33 days=259 range=2025-09-15..2026-09-12
SUBMITTED_BATCH ohlcv-1s/IONQ.OPT job=OPRA-20260914-S8PGYNU6VL days=1463 range=2021-01-04..2026-09-12
SUBMITTED_BATCH ohlcv-1m/IONQ.OPT job=OPRA-20260914-JHTJAPFUGB days=1463 range=2021-01-04..2026-09-12
SUBMITTED_BATCH ohlcv-1d/IONQ.OPT job=OPRA-20260914-4APXL4DVBP days=1463 range=2021-01-04..2026-09-12
SUBMITTED_BATCH statistics/IONQ.OPT job=OPRA-20260914-WGJ6PGEFR5 days=1463 range=2021-01-04..2026-09-12
SUBMITTED_BATCH status/IONQ.OPT job=OPRA-20260914-7VQAY6FFF9 days=563 range=2024-07-17..2026-09-12
SUBMITTED_BATCH tcbbo/IONQ.OPT job=OPRA-20260914-SG99KA865P days=259 range=2025-09-15..2026-09-12
SUBMITTED_BATCH trades/IONQ.OPT job=OPRA-20260914-RYE3T4BW69 days=259 range=2025-09-15..2026-09-12
[CROX/databento] fetching...
[databento/archive-bridge] cold archive retained as provenance; operational_dataset=EQUS.MINI; archive_dataset=XNAS.ITCH
[2026-09-14T03:37:44.693942Z] START provider.request name="equities dataset-range metadata" src=databento/dataset-range try=1
[2026-09-14T03:37:45.156866Z] END   provider.request name="equities dataset-range metadata" src=databento/dataset-range try=1 elapsed=462.9ms rows=3 op=fetched status=ok
[CROX/databento/source_100d_1m_ohlcv-1m_1m] no stored dataset; requesting configured history
[2026-09-14T03:37:45.157293Z] START provider.request name="CROX ohlcv-1m/1m" sym=CROX src=databento/ohlcv-1m req=2026-06-04T00:00:00Z..2026-09-12T00:00:00Z try=1
[2026-09-14T03:37:48.416210Z] END   provider.request name="CROX ohlcv-1m/1m" sym=CROX src=databento/ohlcv-1m req=2026-06-04T00:00:00Z..2026-09-12T00:00:00Z try=1 elapsed=3258.7ms rows=20385 op=fetched status=ok
[CROX/databento/source_10d_1s_ohlcv-1s_1s] no stored dataset; requesting configured history
[2026-09-14T03:37:59.801464Z] START provider.request name="CROX ohlcv-1s/1s" sym=CROX src=databento/ohlcv-1s req=2026-09-02T00:00:00Z..2026-09-12T00:00:00Z try=1
[2026-09-14T03:38:04.462737Z] END   provider.request name="CROX ohlcv-1s/1s" sym=CROX src=databento/ohlcv-1s req=2026-09-02T00:00:00Z..2026-09-12T00:00:00Z try=1 elapsed=4661.0ms rows=4864 op=fetched status=ok
[CROX/databento/source_1825d_1h_ohlcv-1h_1h] no stored dataset; requesting configured history
[2026-09-14T03:38:04.463169Z] START provider.request name="CROX ohlcv-1h/1h" sym=CROX src=databento/ohlcv-1h req=2023-03-28T00:00:00Z..2026-09-12T00:00:00Z try=1
C:\dev\ducketz\app\services\databento_market_data.py:128: BentoWarning: The streaming request contained one or more days which have reduced quality: 2025-03-24 (degraded), 2025-04-04 (degraded), 2025-05-06 (degraded)... See: https://databento.com/docs/api-reference-historical/metadata/metadata-get-dataset-condition
  store = self._client().timeseries.get_range(dataset=self.dataset, schema=spec.schema, symbols=[clean_symbol], stype_in="raw_symbol", start=selected_range.start.isoformat(), end=selected_range.end.isoformat())
[2026-09-14T03:38:07.488528Z] END   provider.request name="CROX ohlcv-1h/1h" sym=CROX src=databento/ohlcv-1h req=2023-03-28T00:00:00Z..2026-09-12T00:00:00Z try=1 elapsed=3025.2ms rows=6587 op=fetched status=ok
[CROX/databento/source_2555d_1d_ohlcv-1d_1d] no stored dataset; requesting configured history
[2026-09-14T03:38:07.488971Z] START provider.request name="CROX ohlcv-1d/1d" sym=CROX src=databento/ohlcv-1d req=2023-03-28T00:00:00Z..2026-09-12T00:00:00Z try=1
C:\dev\ducketz\app\services\databento_market_data.py:128: BentoWarning: The streaming request contained one or more days which have reduced quality: 2025-03-24 (degraded), 2025-04-04 (degraded), 2025-05-06 (degraded)... See: https://databento.com/docs/api-reference-historical/metadata/metadata-get-dataset-condition
  store = self._client().timeseries.get_range(dataset=self.dataset, schema=spec.schema, symbols=[clean_symbol], stype_in="raw_symbol", start=selected_range.start.isoformat(), end=selected_range.end.isoformat())
[2026-09-14T03:38:11.635839Z] END   provider.request name="CROX ohlcv-1d/1d" sym=CROX src=databento/ohlcv-1d req=2023-03-28T00:00:00Z..2026-09-12T00:00:00Z try=1 elapsed=4146.6ms rows=868 op=fetched status=ok
[databento/bar-consolidation] symbol=CROX; shadowed_derived_rows_removed=488; derived_gap_rows_retained=611
[CROX/fmp] fetching...
[CROX/schwab] fetching...
[CROX/schwab/day_10_minute_1] no stored dataset; requesting configured history
[CROX/schwab/day_10_minute_5] no stored dataset; requesting configured history
[CROX/schwab/day_10_minute_10] no stored dataset; requesting configured history
[CROX/schwab/day_10_minute_15] no stored dataset; requesting configured history
[CROX/schwab/day_10_minute_30] no stored dataset; requesting configured history
[CROX/schwab/year_20_daily_1] no stored dataset; requesting configured history
[CROX/schwab/year_20_weekly_1] no stored dataset; requesting configured history
[CROX/schwab/year_20_monthly_1] no stored dataset; requesting configured history
[CROX/schwab/options] 390 contracts at decision time 2026-09-11T20:00:00+00:00 -> C:\DATASTORE\stocks\CROX\options\features\option-quality\schwab\2026-09.parquet
[CROX/sec] fetching...
ONBOARDING OPRA.PILLAR/definition 2018-01-01 to 2026-09-12
BATCH_SCAN definition/CROX.OPT verified_existing=0 verified_no_data=0 missing=2218
WAITING_BATCH job=OPRA-20260914-Y4BVTXSL8J state=processing progress=17
WAITING_BATCH job=OPRA-20260914-Y4BVTXSL8J state=processing progress=18
WAITING_BATCH job=OPRA-20260914-Y4BVTXSL8J state=processing progress=19
WAITING_BATCH job=OPRA-20260914-Y4BVTXSL8J state=processing progress=20
WAITING_BATCH job=OPRA-20260914-Y4BVTXSL8J state=processing progress=21
WAITING_BATCH job=OPRA-20260914-Y4BVTXSL8J state=processing progress=22
WAITING_BATCH job=OPRA-20260914-Y4BVTXSL8J state=processing progress=23
WAITING_BATCH job=OPRA-20260914-Y4BVTXSL8J state=processing progress=24
WAITING_BATCH job=OPRA-20260914-Y4BVTXSL8J state=processing progress=25
WAITING_BATCH job=OPRA-20260914-Y4BVTXSL8J state=processing progress=26
WAITING_BATCH job=OPRA-20260914-Y4BVTXSL8J state=processing progress=27
WAITING_BATCH job=OPRA-20260914-Y4BVTXSL8J state=processing progress=28
WAITING_BATCH job=OPRA-20260914-Y4BVTXSL8J state=processing progress=29
WAITING_BATCH job=OPRA-20260914-Y4BVTXSL8J state=processing progress=30
WAITING_BATCH job=OPRA-20260914-Y4BVTXSL8J state=processing progress=31
WAITING_BATCH job=OPRA-20260914-Y4BVTXSL8J state=processing progress=32
WAITING_BATCH job=OPRA-20260914-Y4BVTXSL8J state=processing progress=33
WAITING_BATCH job=OPRA-20260914-Y4BVTXSL8J state=processing progress=34
WAITING_BATCH job=OPRA-20260914-Y4BVTXSL8J state=processing progress=35
WAITING_BATCH job=OPRA-20260914-Y4BVTXSL8J state=processing progress=36
WAITING_BATCH job=OPRA-20260914-Y4BVTXSL8J state=processing progress=37
WAITING_BATCH job=OPRA-20260914-Y4BVTXSL8J state=processing progress=38
WAITING_BATCH job=OPRA-20260914-Y4BVTXSL8J state=processing progress=39
WAITING_BATCH job=OPRA-20260914-Y4BVTXSL8J state=processing progress=40
WAITING_BATCH job=OPRA-20260914-Y4BVTXSL8J state=processing progress=41
WAITING_BATCH job=OPRA-20260914-Y4BVTXSL8J state=processing progress=42
WAITING_BATCH job=OPRA-20260914-Y4BVTXSL8J state=processing progress=43
WAITING_BATCH job=OPRA-20260914-Y4BVTXSL8J state=processing progress=44
WAITING_BATCH job=OPRA-20260914-Y4BVTXSL8J state=processing progress=45
WAITING_BATCH job=OPRA-20260914-Y4BVTXSL8J state=processing progress=46
WAITING_BATCH job=OPRA-20260914-Y4BVTXSL8J state=processing progress=47
WAITING_BATCH job=OPRA-20260914-Y4BVTXSL8J state=processing progress=48
WAITING_BATCH job=OPRA-20260914-Y4BVTXSL8J state=processing progress=49
WAITING_BATCH job=OPRA-20260914-Y4BVTXSL8J state=processing progress=50
WAITING_BATCH job=OPRA-20260914-Y4BVTXSL8J state=processing progress=51
WAITING_BATCH job=OPRA-20260914-Y4BVTXSL8J state=processing progress=52
WAITING_BATCH job=OPRA-20260914-Y4BVTXSL8J state=processing progress=53
WAITING_BATCH job=OPRA-20260914-Y4BVTXSL8J state=processing progress=54
WAITING_BATCH job=OPRA-20260914-Y4BVTXSL8J state=processing progress=55
WAITING_BATCH job=OPRA-20260914-Y4BVTXSL8J state=processing progress=56
WAITING_BATCH job=OPRA-20260914-Y4BVTXSL8J state=processing progress=57
WAITING_BATCH job=OPRA-20260914-Y4BVTXSL8J state=processing progress=58
WAITING_BATCH job=OPRA-20260914-Y4BVTXSL8J state=processing progress=59
WAITING_BATCH job=OPRA-20260914-Y4BVTXSL8J state=processing progress=60
WAITING_BATCH job=OPRA-20260914-Y4BVTXSL8J state=processing progress=61
WAITING_BATCH job=OPRA-20260914-Y4BVTXSL8J state=processing progress=62
WAITING_BATCH job=OPRA-20260914-Y4BVTXSL8J state=processing progress=63
WAITING_BATCH job=OPRA-20260914-Y4BVTXSL8J state=processing progress=64
WAITING_BATCH job=OPRA-20260914-Y4BVTXSL8J state=processing progress=65
WAITING_BATCH job=OPRA-20260914-Y4BVTXSL8J state=processing progress=66
WAITING_BATCH job=OPRA-20260914-Y4BVTXSL8J state=processing progress=67
WAITING_BATCH job=OPRA-20260914-Y4BVTXSL8J state=processing progress=68
WAITING_BATCH job=OPRA-20260914-Y4BVTXSL8J state=processing progress=69
WAITING_BATCH job=OPRA-20260914-Y4BVTXSL8J state=processing progress=70
WAITING_BATCH job=OPRA-20260914-Y4BVTXSL8J state=processing progress=71
WAITING_BATCH job=OPRA-20260914-Y4BVTXSL8J state=processing progress=72
WAITING_BATCH job=OPRA-20260914-Y4BVTXSL8J state=processing progress=73
WAITING_BATCH job=OPRA-20260914-Y4BVTXSL8J state=processing progress=74
WAITING_BATCH job=OPRA-20260914-Y4BVTXSL8J state=processing progress=75
WAITING_BATCH job=OPRA-20260914-Y4BVTXSL8J state=processing progress=76
WAITING_BATCH job=OPRA-20260914-Y4BVTXSL8J state=processing progress=78
WAITING_BATCH job=OPRA-20260914-Y4BVTXSL8J state=processing progress=79
WAITING_BATCH job=OPRA-20260914-Y4BVTXSL8J state=processing progress=81
WAITING_BATCH job=OPRA-20260914-Y4BVTXSL8J state=processing progress=82
WAITING_BATCH job=OPRA-20260914-Y4BVTXSL8J state=processing progress=84
WAITING_BATCH job=OPRA-20260914-Y4BVTXSL8J state=processing progress=85
WAITING_BATCH job=OPRA-20260914-Y4BVTXSL8J state=processing progress=86
WAITING_BATCH job=OPRA-20260914-Y4BVTXSL8J state=processing progress=87
WAITING_BATCH job=OPRA-20260914-Y4BVTXSL8J state=processing progress=88
WAITING_BATCH job=OPRA-20260914-Y4BVTXSL8J state=processing progress=90
WAITING_BATCH job=OPRA-20260914-Y4BVTXSL8J state=processing progress=91
WAITING_BATCH job=OPRA-20260914-Y4BVTXSL8J state=processing progress=93
WAITING_BATCH job=OPRA-20260914-Y4BVTXSL8J state=processing progress=94
WAITING_BATCH job=OPRA-20260914-Y4BVTXSL8J state=processing progress=95
WAITING_BATCH job=OPRA-20260914-Y4BVTXSL8J state=processing progress=96
WAITING_BATCH job=OPRA-20260914-Y4BVTXSL8J state=processing progress=97
WAITING_BATCH job=OPRA-20260914-Y4BVTXSL8J state=processing progress=98
WAITING_BATCH job=OPRA-20260914-Y4BVTXSL8J state=processing progress=99
WAITING_BATCH job=OPRA-20260914-Y4BVTXSL8J state=processing progress=100
WAITING_BATCH job=OPRA-20260914-Y4BVTXSL8J state=done progress=100
IGNORED_UNAVAILABLE_BATCH_FILES definition/CROX.OPT job=OPRA-20260914-Y4BVTXSL8J files=4
DOWNLOADING_BATCH definition/CROX.OPT job=OPRA-20260914-Y4BVTXSL8J files=2181 bytes=38991971
BATCH_PROGRESS definition/CROX.OPT job=OPRA-20260914-Y4BVTXSL8J files=25/2181 rows=3422
BATCH_PROGRESS definition/CROX.OPT job=OPRA-20260914-Y4BVTXSL8J files=50/2181 rows=6880
BATCH_PROGRESS definition/CROX.OPT job=OPRA-20260914-Y4BVTXSL8J files=75/2181 rows=10406
BATCH_PROGRESS definition/CROX.OPT job=OPRA-20260914-Y4BVTXSL8J files=100/2181 rows=14136
BATCH_PROGRESS definition/CROX.OPT job=OPRA-20260914-Y4BVTXSL8J files=125/2181 rows=17956
BATCH_PROGRESS definition/CROX.OPT job=OPRA-20260914-Y4BVTXSL8J files=150/2181 rows=21870
BATCH_PROGRESS definition/CROX.OPT job=OPRA-20260914-Y4BVTXSL8J files=175/2181 rows=25920
BATCH_PROGRESS definition/CROX.OPT job=OPRA-20260914-Y4BVTXSL8J files=200/2181 rows=30854
BATCH_PROGRESS definition/CROX.OPT job=OPRA-20260914-Y4BVTXSL8J files=225/2181 rows=36164
BATCH_PROGRESS definition/CROX.OPT job=OPRA-20260914-Y4BVTXSL8J files=250/2181 rows=42250
BATCH_PROGRESS definition/CROX.OPT job=OPRA-20260914-Y4BVTXSL8J files=275/2181 rows=49226
BATCH_PROGRESS definition/CROX.OPT job=OPRA-20260914-Y4BVTXSL8J files=300/2181 rows=56534
BATCH_PROGRESS definition/CROX.OPT job=OPRA-20260914-Y4BVTXSL8J files=325/2181 rows=62886
BATCH_PROGRESS definition/CROX.OPT job=OPRA-20260914-Y4BVTXSL8J files=350/2181 rows=70716
BATCH_PROGRESS definition/CROX.OPT job=OPRA-20260914-Y4BVTXSL8J files=375/2181 rows=78704
BATCH_PROGRESS definition/CROX.OPT job=OPRA-20260914-Y4BVTXSL8J files=400/2181 rows=86156
BATCH_PROGRESS definition/CROX.OPT job=OPRA-20260914-Y4BVTXSL8J files=425/2181 rows=93858
BATCH_PROGRESS definition/CROX.OPT job=OPRA-20260914-Y4BVTXSL8J files=450/2181 rows=102194
BATCH_PROGRESS definition/CROX.OPT job=OPRA-20260914-Y4BVTXSL8J files=475/2181 rows=111974
BATCH_PROGRESS definition/CROX.OPT job=OPRA-20260914-Y4BVTXSL8J files=500/2181 rows=120772
BATCH_PROGRESS definition/CROX.OPT job=OPRA-20260914-Y4BVTXSL8J files=525/2181 rows=129074
BATCH_PROGRESS definition/CROX.OPT job=OPRA-20260914-Y4BVTXSL8J files=550/2181 rows=138688
BATCH_PROGRESS definition/CROX.OPT job=OPRA-20260914-Y4BVTXSL8J files=575/2181 rows=151498
BATCH_PROGRESS definition/CROX.OPT job=OPRA-20260914-Y4BVTXSL8J files=600/2181 rows=163454
BATCH_PROGRESS definition/CROX.OPT job=OPRA-20260914-Y4BVTXSL8J files=625/2181 rows=175522
BATCH_PROGRESS definition/CROX.OPT job=OPRA-20260914-Y4BVTXSL8J files=650/2181 rows=186818
BATCH_PROGRESS definition/CROX.OPT job=OPRA-20260914-Y4BVTXSL8J files=675/2181 rows=198084
BATCH_PROGRESS definition/CROX.OPT job=OPRA-20260914-Y4BVTXSL8J files=700/2181 rows=208294
BATCH_PROGRESS definition/CROX.OPT job=OPRA-20260914-Y4BVTXSL8J files=725/2181 rows=218608
BATCH_PROGRESS definition/CROX.OPT job=OPRA-20260914-Y4BVTXSL8J files=750/2181 rows=227078
BATCH_PROGRESS definition/CROX.OPT job=OPRA-20260914-Y4BVTXSL8J files=775/2181 rows=234564
BATCH_PROGRESS definition/CROX.OPT job=OPRA-20260914-Y4BVTXSL8J files=800/2181 rows=242302
BATCH_PROGRESS definition/CROX.OPT job=OPRA-20260914-Y4BVTXSL8J files=825/2181 rows=249610
BATCH_PROGRESS definition/CROX.OPT job=OPRA-20260914-Y4BVTXSL8J files=850/2181 rows=257720
BATCH_PROGRESS definition/CROX.OPT job=OPRA-20260914-Y4BVTXSL8J files=875/2181 rows=266856
BATCH_PROGRESS definition/CROX.OPT job=OPRA-20260914-Y4BVTXSL8J files=900/2181 rows=276306
BATCH_PROGRESS definition/CROX.OPT job=OPRA-20260914-Y4BVTXSL8J files=925/2181 rows=287156
BATCH_PROGRESS definition/CROX.OPT job=OPRA-20260914-Y4BVTXSL8J files=950/2181 rows=299696
BATCH_PROGRESS definition/CROX.OPT job=OPRA-20260914-Y4BVTXSL8J files=975/2181 rows=312688
BATCH_PROGRESS definition/CROX.OPT job=OPRA-20260914-Y4BVTXSL8J files=1000/2181 rows=325208
BATCH_PROGRESS definition/CROX.OPT job=OPRA-20260914-Y4BVTXSL8J files=1025/2181 rows=336960
BATCH_PROGRESS definition/CROX.OPT job=OPRA-20260914-Y4BVTXSL8J files=1050/2181 rows=347954
BATCH_PROGRESS definition/CROX.OPT job=OPRA-20260914-Y4BVTXSL8J files=1075/2181 rows=358374
BATCH_PROGRESS definition/CROX.OPT job=OPRA-20260914-Y4BVTXSL8J files=1100/2181 rows=368082
BATCH_PROGRESS definition/CROX.OPT job=OPRA-20260914-Y4BVTXSL8J files=1125/2181 rows=377772
BATCH_PROGRESS definition/CROX.OPT job=OPRA-20260914-Y4BVTXSL8J files=1150/2181 rows=387968
BATCH_PROGRESS definition/CROX.OPT job=OPRA-20260914-Y4BVTXSL8J files=1175/2181 rows=398650
BATCH_PROGRESS definition/CROX.OPT job=OPRA-20260914-Y4BVTXSL8J files=1200/2181 rows=409980
BATCH_PROGRESS definition/CROX.OPT job=OPRA-20260914-Y4BVTXSL8J files=1225/2181 rows=421440
BATCH_PROGRESS definition/CROX.OPT job=OPRA-20260914-Y4BVTXSL8J files=1250/2181 rows=433044
BATCH_PROGRESS definition/CROX.OPT job=OPRA-20260914-Y4BVTXSL8J files=1275/2181 rows=444482
BATCH_PROGRESS definition/CROX.OPT job=OPRA-20260914-Y4BVTXSL8J files=1300/2181 rows=458694
BATCH_PROGRESS definition/CROX.OPT job=OPRA-20260914-Y4BVTXSL8J files=1325/2181 rows=484058
BATCH_PROGRESS definition/CROX.OPT job=OPRA-20260914-Y4BVTXSL8J files=1350/2181 rows=514396
BATCH_PROGRESS definition/CROX.OPT job=OPRA-20260914-Y4BVTXSL8J files=1375/2181 rows=543642
BATCH_PROGRESS definition/CROX.OPT job=OPRA-20260914-Y4BVTXSL8J files=1400/2181 rows=572408
BATCH_PROGRESS definition/CROX.OPT job=OPRA-20260914-Y4BVTXSL8J files=1425/2181 rows=602024
BATCH_PROGRESS definition/CROX.OPT job=OPRA-20260914-Y4BVTXSL8J files=1450/2181 rows=628984
BATCH_PROGRESS definition/CROX.OPT job=OPRA-20260914-Y4BVTXSL8J files=1475/2181 rows=654790
BATCH_PROGRESS definition/CROX.OPT job=OPRA-20260914-Y4BVTXSL8J files=1500/2181 rows=681340
BATCH_PROGRESS definition/CROX.OPT job=OPRA-20260914-Y4BVTXSL8J files=1525/2181 rows=708720
BATCH_PROGRESS definition/CROX.OPT job=OPRA-20260914-Y4BVTXSL8J files=1550/2181 rows=734016
BATCH_PROGRESS definition/CROX.OPT job=OPRA-20260914-Y4BVTXSL8J files=1575/2181 rows=761072
BATCH_PROGRESS definition/CROX.OPT job=OPRA-20260914-Y4BVTXSL8J files=1600/2181 rows=789704
BATCH_PROGRESS definition/CROX.OPT job=OPRA-20260914-Y4BVTXSL8J files=1625/2181 rows=817158
BATCH_PROGRESS definition/CROX.OPT job=OPRA-20260914-Y4BVTXSL8J files=1650/2181 rows=845024
BATCH_PROGRESS definition/CROX.OPT job=OPRA-20260914-Y4BVTXSL8J files=1675/2181 rows=875290
BATCH_PROGRESS definition/CROX.OPT job=OPRA-20260914-Y4BVTXSL8J files=1700/2181 rows=905628
BATCH_PROGRESS definition/CROX.OPT job=OPRA-20260914-Y4BVTXSL8J files=1725/2181 rows=937106
BATCH_PROGRESS definition/CROX.OPT job=OPRA-20260914-Y4BVTXSL8J files=1750/2181 rows=967710
BATCH_PROGRESS definition/CROX.OPT job=OPRA-20260914-Y4BVTXSL8J files=1775/2181 rows=994044
BATCH_PROGRESS definition/CROX.OPT job=OPRA-20260914-Y4BVTXSL8J files=1800/2181 rows=1020914
BATCH_PROGRESS definition/CROX.OPT job=OPRA-20260914-Y4BVTXSL8J files=1825/2181 rows=1047458
BATCH_PROGRESS definition/CROX.OPT job=OPRA-20260914-Y4BVTXSL8J files=1850/2181 rows=1076590
BATCH_PROGRESS definition/CROX.OPT job=OPRA-20260914-Y4BVTXSL8J files=1875/2181 rows=1106414
BATCH_PROGRESS definition/CROX.OPT job=OPRA-20260914-Y4BVTXSL8J files=1900/2181 rows=1133008
BATCH_PROGRESS definition/CROX.OPT job=OPRA-20260914-Y4BVTXSL8J files=1925/2181 rows=1162822
BATCH_PROGRESS definition/CROX.OPT job=OPRA-20260914-Y4BVTXSL8J files=1950/2181 rows=1191888
BATCH_PROGRESS definition/CROX.OPT job=OPRA-20260914-Y4BVTXSL8J files=1975/2181 rows=1219194
BATCH_PROGRESS definition/CROX.OPT job=OPRA-20260914-Y4BVTXSL8J files=2000/2181 rows=1247100
BATCH_PROGRESS definition/CROX.OPT job=OPRA-20260914-Y4BVTXSL8J files=2025/2181 rows=1267106
BATCH_PROGRESS definition/CROX.OPT job=OPRA-20260914-Y4BVTXSL8J files=2050/2181 rows=1280666
BATCH_PROGRESS definition/CROX.OPT job=OPRA-20260914-Y4BVTXSL8J files=2075/2181 rows=1294512
BATCH_PROGRESS definition/CROX.OPT job=OPRA-20260914-Y4BVTXSL8J files=2100/2181 rows=1307028
BATCH_PROGRESS definition/CROX.OPT job=OPRA-20260914-Y4BVTXSL8J files=2125/2181 rows=1319818
BATCH_PROGRESS definition/CROX.OPT job=OPRA-20260914-Y4BVTXSL8J files=2150/2181 rows=1333598
BATCH_PROGRESS definition/CROX.OPT job=OPRA-20260914-Y4BVTXSL8J files=2175/2181 rows=1347618
BATCH_PROGRESS definition/CROX.OPT job=OPRA-20260914-Y4BVTXSL8J files=2181/2181 rows=1351142
COMPLETED_BATCH definition/CROX.OPT job=OPRA-20260914-Y4BVTXSL8J published=2181 no_data=37
ONBOARDING OPRA.PILLAR/ohlcv-1h 2018-01-01 to 2026-09-12
BATCH_SCAN ohlcv-1h/CROX.OPT verified_existing=0 verified_no_data=0 missing=2218
WAITING_BATCH job=OPRA-20260914-FHDKVWGMPQ state=done progress=100
IGNORED_UNAVAILABLE_BATCH_FILES ohlcv-1h/CROX.OPT job=OPRA-20260914-FHDKVWGMPQ files=4
DOWNLOADING_BATCH ohlcv-1h/CROX.OPT job=OPRA-20260914-FHDKVWGMPQ files=2181 bytes=26833718
BATCH_PROGRESS ohlcv-1h/CROX.OPT job=OPRA-20260914-FHDKVWGMPQ files=25/2181 rows=1021
BATCH_PROGRESS ohlcv-1h/CROX.OPT job=OPRA-20260914-FHDKVWGMPQ files=50/2181 rows=1717
BATCH_PROGRESS ohlcv-1h/CROX.OPT job=OPRA-20260914-FHDKVWGMPQ files=75/2181 rows=3064
BATCH_PROGRESS ohlcv-1h/CROX.OPT job=OPRA-20260914-FHDKVWGMPQ files=100/2181 rows=4890
BATCH_PROGRESS ohlcv-1h/CROX.OPT job=OPRA-20260914-FHDKVWGMPQ files=125/2181 rows=7685
BATCH_PROGRESS ohlcv-1h/CROX.OPT job=OPRA-20260914-FHDKVWGMPQ files=150/2181 rows=10071
BATCH_PROGRESS ohlcv-1h/CROX.OPT job=OPRA-20260914-FHDKVWGMPQ files=175/2181 rows=13805
BATCH_PROGRESS ohlcv-1h/CROX.OPT job=OPRA-20260914-FHDKVWGMPQ files=200/2181 rows=15756
BATCH_PROGRESS ohlcv-1h/CROX.OPT job=OPRA-20260914-FHDKVWGMPQ files=225/2181 rows=20045
BATCH_PROGRESS ohlcv-1h/CROX.OPT job=OPRA-20260914-FHDKVWGMPQ files=250/2181 rows=22965
BATCH_PROGRESS ohlcv-1h/CROX.OPT job=OPRA-20260914-FHDKVWGMPQ files=275/2181 rows=26936
BATCH_PROGRESS ohlcv-1h/CROX.OPT job=OPRA-20260914-FHDKVWGMPQ files=300/2181 rows=30240
BATCH_PROGRESS ohlcv-1h/CROX.OPT job=OPRA-20260914-FHDKVWGMPQ files=325/2181 rows=32146
BATCH_PROGRESS ohlcv-1h/CROX.OPT job=OPRA-20260914-FHDKVWGMPQ files=350/2181 rows=35063
BATCH_PROGRESS ohlcv-1h/CROX.OPT job=OPRA-20260914-FHDKVWGMPQ files=375/2181 rows=37126
BATCH_PROGRESS ohlcv-1h/CROX.OPT job=OPRA-20260914-FHDKVWGMPQ files=400/2181 rows=41226
BATCH_PROGRESS ohlcv-1h/CROX.OPT job=OPRA-20260914-FHDKVWGMPQ files=425/2181 rows=43678
BATCH_PROGRESS ohlcv-1h/CROX.OPT job=OPRA-20260914-FHDKVWGMPQ files=450/2181 rows=46360
BATCH_PROGRESS ohlcv-1h/CROX.OPT job=OPRA-20260914-FHDKVWGMPQ files=475/2181 rows=51714
BATCH_PROGRESS ohlcv-1h/CROX.OPT job=OPRA-20260914-FHDKVWGMPQ files=500/2181 rows=55187
BATCH_PROGRESS ohlcv-1h/CROX.OPT job=OPRA-20260914-FHDKVWGMPQ files=525/2181 rows=58491
BATCH_PROGRESS ohlcv-1h/CROX.OPT job=OPRA-20260914-FHDKVWGMPQ files=550/2181 rows=61789
BATCH_PROGRESS ohlcv-1h/CROX.OPT job=OPRA-20260914-FHDKVWGMPQ files=575/2181 rows=63791
BATCH_PROGRESS ohlcv-1h/CROX.OPT job=OPRA-20260914-FHDKVWGMPQ files=600/2181 rows=66939
BATCH_PROGRESS ohlcv-1h/CROX.OPT job=OPRA-20260914-FHDKVWGMPQ files=625/2181 rows=69442
BATCH_PROGRESS ohlcv-1h/CROX.OPT job=OPRA-20260914-FHDKVWGMPQ files=650/2181 rows=72843
BATCH_PROGRESS ohlcv-1h/CROX.OPT job=OPRA-20260914-FHDKVWGMPQ files=675/2181 rows=76573
BATCH_PROGRESS ohlcv-1h/CROX.OPT job=OPRA-20260914-FHDKVWGMPQ files=700/2181 rows=82829
BATCH_PROGRESS ohlcv-1h/CROX.OPT job=OPRA-20260914-FHDKVWGMPQ files=725/2181 rows=91118
BATCH_PROGRESS ohlcv-1h/CROX.OPT job=OPRA-20260914-FHDKVWGMPQ files=750/2181 rows=98027
BATCH_PROGRESS ohlcv-1h/CROX.OPT job=OPRA-20260914-FHDKVWGMPQ files=775/2181 rows=105606
BATCH_PROGRESS ohlcv-1h/CROX.OPT job=OPRA-20260914-FHDKVWGMPQ files=800/2181 rows=113428
BATCH_PROGRESS ohlcv-1h/CROX.OPT job=OPRA-20260914-FHDKVWGMPQ files=825/2181 rows=124675
BATCH_PROGRESS ohlcv-1h/CROX.OPT job=OPRA-20260914-FHDKVWGMPQ files=850/2181 rows=141136
BATCH_PROGRESS ohlcv-1h/CROX.OPT job=OPRA-20260914-FHDKVWGMPQ files=875/2181 rows=154928
BATCH_PROGRESS ohlcv-1h/CROX.OPT job=OPRA-20260914-FHDKVWGMPQ files=900/2181 rows=172025
BATCH_PROGRESS ohlcv-1h/CROX.OPT job=OPRA-20260914-FHDKVWGMPQ files=925/2181 rows=187469
BATCH_PROGRESS ohlcv-1h/CROX.OPT job=OPRA-20260914-FHDKVWGMPQ files=950/2181 rows=211944
BATCH_PROGRESS ohlcv-1h/CROX.OPT job=OPRA-20260914-FHDKVWGMPQ files=975/2181 rows=239951
BATCH_PROGRESS ohlcv-1h/CROX.OPT job=OPRA-20260914-FHDKVWGMPQ files=1000/2181 rows=255269
BATCH_PROGRESS ohlcv-1h/CROX.OPT job=OPRA-20260914-FHDKVWGMPQ files=1025/2181 rows=285782
BATCH_PROGRESS ohlcv-1h/CROX.OPT job=OPRA-20260914-FHDKVWGMPQ files=1050/2181 rows=307742
BATCH_PROGRESS ohlcv-1h/CROX.OPT job=OPRA-20260914-FHDKVWGMPQ files=1075/2181 rows=323944
BATCH_PROGRESS ohlcv-1h/CROX.OPT job=OPRA-20260914-FHDKVWGMPQ files=1100/2181 rows=338177
BATCH_PROGRESS ohlcv-1h/CROX.OPT job=OPRA-20260914-FHDKVWGMPQ files=1125/2181 rows=350450
BATCH_PROGRESS ohlcv-1h/CROX.OPT job=OPRA-20260914-FHDKVWGMPQ files=1150/2181 rows=364554
BATCH_PROGRESS ohlcv-1h/CROX.OPT job=OPRA-20260914-FHDKVWGMPQ files=1175/2181 rows=382065
BATCH_PROGRESS ohlcv-1h/CROX.OPT job=OPRA-20260914-FHDKVWGMPQ files=1200/2181 rows=394551
BATCH_PROGRESS ohlcv-1h/CROX.OPT job=OPRA-20260914-FHDKVWGMPQ files=1225/2181 rows=412821
BATCH_PROGRESS ohlcv-1h/CROX.OPT job=OPRA-20260914-FHDKVWGMPQ files=1250/2181 rows=427390
BATCH_PROGRESS ohlcv-1h/CROX.OPT job=OPRA-20260914-FHDKVWGMPQ files=1275/2181 rows=446450
BATCH_PROGRESS ohlcv-1h/CROX.OPT job=OPRA-20260914-FHDKVWGMPQ files=1300/2181 rows=467056
BATCH_PROGRESS ohlcv-1h/CROX.OPT job=OPRA-20260914-FHDKVWGMPQ files=1325/2181 rows=486766
BATCH_PROGRESS ohlcv-1h/CROX.OPT job=OPRA-20260914-FHDKVWGMPQ files=1350/2181 rows=530861
BATCH_PROGRESS ohlcv-1h/CROX.OPT job=OPRA-20260914-FHDKVWGMPQ files=1375/2181 rows=565282
BATCH_PROGRESS ohlcv-1h/CROX.OPT job=OPRA-20260914-FHDKVWGMPQ files=1400/2181 rows=607928
BATCH_PROGRESS ohlcv-1h/CROX.OPT job=OPRA-20260914-FHDKVWGMPQ files=1425/2181 rows=641817
BATCH_PROGRESS ohlcv-1h/CROX.OPT job=OPRA-20260914-FHDKVWGMPQ files=1450/2181 rows=668898
BATCH_PROGRESS ohlcv-1h/CROX.OPT job=OPRA-20260914-FHDKVWGMPQ files=1475/2181 rows=697223
BATCH_PROGRESS ohlcv-1h/CROX.OPT job=OPRA-20260914-FHDKVWGMPQ files=1500/2181 rows=725122
BATCH_PROGRESS ohlcv-1h/CROX.OPT job=OPRA-20260914-FHDKVWGMPQ files=1525/2181 rows=758652
BATCH_PROGRESS ohlcv-1h/CROX.OPT job=OPRA-20260914-FHDKVWGMPQ files=1550/2181 rows=789948
BATCH_PROGRESS ohlcv-1h/CROX.OPT job=OPRA-20260914-FHDKVWGMPQ files=1575/2181 rows=814547
BATCH_PROGRESS ohlcv-1h/CROX.OPT job=OPRA-20260914-FHDKVWGMPQ files=1600/2181 rows=839627
BATCH_PROGRESS ohlcv-1h/CROX.OPT job=OPRA-20260914-FHDKVWGMPQ files=1625/2181 rows=863068
BATCH_PROGRESS ohlcv-1h/CROX.OPT job=OPRA-20260914-FHDKVWGMPQ files=1650/2181 rows=881708
BATCH_PROGRESS ohlcv-1h/CROX.OPT job=OPRA-20260914-FHDKVWGMPQ files=1675/2181 rows=903049
BATCH_PROGRESS ohlcv-1h/CROX.OPT job=OPRA-20260914-FHDKVWGMPQ files=1700/2181 rows=918284
BATCH_PROGRESS ohlcv-1h/CROX.OPT job=OPRA-20260914-FHDKVWGMPQ files=1725/2181 rows=950555
BATCH_PROGRESS ohlcv-1h/CROX.OPT job=OPRA-20260914-FHDKVWGMPQ files=1750/2181 rows=981377
BATCH_PROGRESS ohlcv-1h/CROX.OPT job=OPRA-20260914-FHDKVWGMPQ files=1775/2181 rows=1001378
BATCH_PROGRESS ohlcv-1h/CROX.OPT job=OPRA-20260914-FHDKVWGMPQ files=1800/2181 rows=1034096
BATCH_PROGRESS ohlcv-1h/CROX.OPT job=OPRA-20260914-FHDKVWGMPQ files=1825/2181 rows=1056062
BATCH_PROGRESS ohlcv-1h/CROX.OPT job=OPRA-20260914-FHDKVWGMPQ files=1850/2181 rows=1078750
BATCH_PROGRESS ohlcv-1h/CROX.OPT job=OPRA-20260914-FHDKVWGMPQ files=1875/2181 rows=1094129
BATCH_PROGRESS ohlcv-1h/CROX.OPT job=OPRA-20260914-FHDKVWGMPQ files=1900/2181 rows=1111213
BATCH_PROGRESS ohlcv-1h/CROX.OPT job=OPRA-20260914-FHDKVWGMPQ files=1925/2181 rows=1148239
BATCH_PROGRESS ohlcv-1h/CROX.OPT job=OPRA-20260914-FHDKVWGMPQ files=1950/2181 rows=1181462
BATCH_PROGRESS ohlcv-1h/CROX.OPT job=OPRA-20260914-FHDKVWGMPQ files=1975/2181 rows=1204279
BATCH_PROGRESS ohlcv-1h/CROX.OPT job=OPRA-20260914-FHDKVWGMPQ files=2000/2181 rows=1222869
BATCH_PROGRESS ohlcv-1h/CROX.OPT job=OPRA-20260914-FHDKVWGMPQ files=2025/2181 rows=1236293
BATCH_PROGRESS ohlcv-1h/CROX.OPT job=OPRA-20260914-FHDKVWGMPQ files=2050/2181 rows=1248705
BATCH_PROGRESS ohlcv-1h/CROX.OPT job=OPRA-20260914-FHDKVWGMPQ files=2075/2181 rows=1257503
BATCH_PROGRESS ohlcv-1h/CROX.OPT job=OPRA-20260914-FHDKVWGMPQ files=2100/2181 rows=1265206
BATCH_PROGRESS ohlcv-1h/CROX.OPT job=OPRA-20260914-FHDKVWGMPQ files=2125/2181 rows=1273238
BATCH_PROGRESS ohlcv-1h/CROX.OPT job=OPRA-20260914-FHDKVWGMPQ files=2150/2181 rows=1277896
BATCH_PROGRESS ohlcv-1h/CROX.OPT job=OPRA-20260914-FHDKVWGMPQ files=2175/2181 rows=1283596
BATCH_PROGRESS ohlcv-1h/CROX.OPT job=OPRA-20260914-FHDKVWGMPQ files=2181/2181 rows=1284484
COMPLETED_BATCH ohlcv-1h/CROX.OPT job=OPRA-20260914-FHDKVWGMPQ published=2181 no_data=37
ONBOARDING OPRA.PILLAR/cbbo-1m 2025-09-14 to 2026-09-12
BATCH_SCAN cbbo-1m/CROX.OPT verified_existing=0 verified_no_data=0 missing=259
WAITING_BATCH job=OPRA-20260914-MEU8BBXHAW state=done progress=100
IGNORED_UNAVAILABLE_BATCH_FILES cbbo-1m/CROX.OPT job=OPRA-20260914-MEU8BBXHAW files=1
DOWNLOADING_BATCH cbbo-1m/CROX.OPT job=OPRA-20260914-MEU8BBXHAW files=249 bytes=588548094
BATCH_PROGRESS cbbo-1m/CROX.OPT job=OPRA-20260914-MEU8BBXHAW files=25/249 rows=9348090
BATCH_PROGRESS cbbo-1m/CROX.OPT job=OPRA-20260914-MEU8BBXHAW files=50/249 rows=17496729
BATCH_PROGRESS cbbo-1m/CROX.OPT job=OPRA-20260914-MEU8BBXHAW files=75/249 rows=24941979
BATCH_PROGRESS cbbo-1m/CROX.OPT job=OPRA-20260914-MEU8BBXHAW files=100/249 rows=29530235
BATCH_PROGRESS cbbo-1m/CROX.OPT job=OPRA-20260914-MEU8BBXHAW files=125/249 rows=33686113
BATCH_PROGRESS cbbo-1m/CROX.OPT job=OPRA-20260914-MEU8BBXHAW files=150/249 rows=37486290
BATCH_PROGRESS cbbo-1m/CROX.OPT job=OPRA-20260914-MEU8BBXHAW files=175/249 rows=41035531
BATCH_PROGRESS cbbo-1m/CROX.OPT job=OPRA-20260914-MEU8BBXHAW files=200/249 rows=44621542
BATCH_PROGRESS cbbo-1m/CROX.OPT job=OPRA-20260914-MEU8BBXHAW files=225/249 rows=47379456
BATCH_PROGRESS cbbo-1m/CROX.OPT job=OPRA-20260914-MEU8BBXHAW files=249/249 rows=49785893
COMPLETED_BATCH cbbo-1m/CROX.OPT job=OPRA-20260914-MEU8BBXHAW published=249 no_data=10
ONBOARDING OPRA.PILLAR/ohlcv-1s 2018-01-01 to 2026-09-12
BATCH_SCAN ohlcv-1s/CROX.OPT verified_existing=0 verified_no_data=0 missing=2218
WAITING_BATCH job=OPRA-20260914-CEGHW8JX4P state=done progress=100
IGNORED_UNAVAILABLE_BATCH_FILES ohlcv-1s/CROX.OPT job=OPRA-20260914-CEGHW8JX4P files=4
DOWNLOADING_BATCH ohlcv-1s/CROX.OPT job=OPRA-20260914-CEGHW8JX4P files=2181 bytes=35543182
BATCH_PROGRESS ohlcv-1s/CROX.OPT job=OPRA-20260914-CEGHW8JX4P files=25/2181 rows=1177
BATCH_PROGRESS ohlcv-1s/CROX.OPT job=OPRA-20260914-CEGHW8JX4P files=50/2181 rows=1973
BATCH_PROGRESS ohlcv-1s/CROX.OPT job=OPRA-20260914-CEGHW8JX4P files=75/2181 rows=3514
BATCH_PROGRESS ohlcv-1s/CROX.OPT job=OPRA-20260914-CEGHW8JX4P files=100/2181 rows=6347
BATCH_PROGRESS ohlcv-1s/CROX.OPT job=OPRA-20260914-CEGHW8JX4P files=125/2181 rows=10123
BATCH_PROGRESS ohlcv-1s/CROX.OPT job=OPRA-20260914-CEGHW8JX4P files=150/2181 rows=13031
BATCH_PROGRESS ohlcv-1s/CROX.OPT job=OPRA-20260914-CEGHW8JX4P files=175/2181 rows=18259
BATCH_PROGRESS ohlcv-1s/CROX.OPT job=OPRA-20260914-CEGHW8JX4P files=200/2181 rows=20589
BATCH_PROGRESS ohlcv-1s/CROX.OPT job=OPRA-20260914-CEGHW8JX4P files=225/2181 rows=26681
BATCH_PROGRESS ohlcv-1s/CROX.OPT job=OPRA-20260914-CEGHW8JX4P files=250/2181 rows=30629
BATCH_PROGRESS ohlcv-1s/CROX.OPT job=OPRA-20260914-CEGHW8JX4P files=275/2181 rows=35590
BATCH_PROGRESS ohlcv-1s/CROX.OPT job=OPRA-20260914-CEGHW8JX4P files=300/2181 rows=39874
BATCH_PROGRESS ohlcv-1s/CROX.OPT job=OPRA-20260914-CEGHW8JX4P files=325/2181 rows=42644
BATCH_PROGRESS ohlcv-1s/CROX.OPT job=OPRA-20260914-CEGHW8JX4P files=350/2181 rows=46912
BATCH_PROGRESS ohlcv-1s/CROX.OPT job=OPRA-20260914-CEGHW8JX4P files=375/2181 rows=49903
BATCH_PROGRESS ohlcv-1s/CROX.OPT job=OPRA-20260914-CEGHW8JX4P files=400/2181 rows=56133
BATCH_PROGRESS ohlcv-1s/CROX.OPT job=OPRA-20260914-CEGHW8JX4P files=425/2181 rows=59307
BATCH_PROGRESS ohlcv-1s/CROX.OPT job=OPRA-20260914-CEGHW8JX4P files=450/2181 rows=62541
BATCH_PROGRESS ohlcv-1s/CROX.OPT job=OPRA-20260914-CEGHW8JX4P files=475/2181 rows=71247
BATCH_PROGRESS ohlcv-1s/CROX.OPT job=OPRA-20260914-CEGHW8JX4P files=500/2181 rows=75788
BATCH_PROGRESS ohlcv-1s/CROX.OPT job=OPRA-20260914-CEGHW8JX4P files=525/2181 rows=80661
BATCH_PROGRESS ohlcv-1s/CROX.OPT job=OPRA-20260914-CEGHW8JX4P files=550/2181 rows=85496
BATCH_PROGRESS ohlcv-1s/CROX.OPT job=OPRA-20260914-CEGHW8JX4P files=575/2181 rows=87883
BATCH_PROGRESS ohlcv-1s/CROX.OPT job=OPRA-20260914-CEGHW8JX4P files=600/2181 rows=92115
BATCH_PROGRESS ohlcv-1s/CROX.OPT job=OPRA-20260914-CEGHW8JX4P files=625/2181 rows=95690
BATCH_PROGRESS ohlcv-1s/CROX.OPT job=OPRA-20260914-CEGHW8JX4P files=650/2181 rows=100758
BATCH_PROGRESS ohlcv-1s/CROX.OPT job=OPRA-20260914-CEGHW8JX4P files=675/2181 rows=106288
BATCH_PROGRESS ohlcv-1s/CROX.OPT job=OPRA-20260914-CEGHW8JX4P files=700/2181 rows=115784
BATCH_PROGRESS ohlcv-1s/CROX.OPT job=OPRA-20260914-CEGHW8JX4P files=725/2181 rows=128323
BATCH_PROGRESS ohlcv-1s/CROX.OPT job=OPRA-20260914-CEGHW8JX4P files=750/2181 rows=139036
BATCH_PROGRESS ohlcv-1s/CROX.OPT job=OPRA-20260914-CEGHW8JX4P files=775/2181 rows=151449
BATCH_PROGRESS ohlcv-1s/CROX.OPT job=OPRA-20260914-CEGHW8JX4P files=800/2181 rows=163393
BATCH_PROGRESS ohlcv-1s/CROX.OPT job=OPRA-20260914-CEGHW8JX4P files=825/2181 rows=184914
BATCH_PROGRESS ohlcv-1s/CROX.OPT job=OPRA-20260914-CEGHW8JX4P files=850/2181 rows=218487
BATCH_PROGRESS ohlcv-1s/CROX.OPT job=OPRA-20260914-CEGHW8JX4P files=875/2181 rows=241000
BATCH_PROGRESS ohlcv-1s/CROX.OPT job=OPRA-20260914-CEGHW8JX4P files=900/2181 rows=269803
BATCH_PROGRESS ohlcv-1s/CROX.OPT job=OPRA-20260914-CEGHW8JX4P files=925/2181 rows=294180
BATCH_PROGRESS ohlcv-1s/CROX.OPT job=OPRA-20260914-CEGHW8JX4P files=950/2181 rows=341924
BATCH_PROGRESS ohlcv-1s/CROX.OPT job=OPRA-20260914-CEGHW8JX4P files=975/2181 rows=395552
BATCH_PROGRESS ohlcv-1s/CROX.OPT job=OPRA-20260914-CEGHW8JX4P files=1000/2181 rows=419200
BATCH_PROGRESS ohlcv-1s/CROX.OPT job=OPRA-20260914-CEGHW8JX4P files=1025/2181 rows=470792
BATCH_PROGRESS ohlcv-1s/CROX.OPT job=OPRA-20260914-CEGHW8JX4P files=1050/2181 rows=506193
BATCH_PROGRESS ohlcv-1s/CROX.OPT job=OPRA-20260914-CEGHW8JX4P files=1075/2181 rows=531449
BATCH_PROGRESS ohlcv-1s/CROX.OPT job=OPRA-20260914-CEGHW8JX4P files=1100/2181 rows=552765
BATCH_PROGRESS ohlcv-1s/CROX.OPT job=OPRA-20260914-CEGHW8JX4P files=1125/2181 rows=571075
BATCH_PROGRESS ohlcv-1s/CROX.OPT job=OPRA-20260914-CEGHW8JX4P files=1150/2181 rows=591649
BATCH_PROGRESS ohlcv-1s/CROX.OPT job=OPRA-20260914-CEGHW8JX4P files=1175/2181 rows=618706
BATCH_PROGRESS ohlcv-1s/CROX.OPT job=OPRA-20260914-CEGHW8JX4P files=1200/2181 rows=635289
BATCH_PROGRESS ohlcv-1s/CROX.OPT job=OPRA-20260914-CEGHW8JX4P files=1225/2181 rows=661732
BATCH_PROGRESS ohlcv-1s/CROX.OPT job=OPRA-20260914-CEGHW8JX4P files=1250/2181 rows=683636
BATCH_PROGRESS ohlcv-1s/CROX.OPT job=OPRA-20260914-CEGHW8JX4P files=1275/2181 rows=717775
BATCH_PROGRESS ohlcv-1s/CROX.OPT job=OPRA-20260914-CEGHW8JX4P files=1300/2181 rows=754670
BATCH_PROGRESS ohlcv-1s/CROX.OPT job=OPRA-20260914-CEGHW8JX4P files=1325/2181 rows=779920
BATCH_PROGRESS ohlcv-1s/CROX.OPT job=OPRA-20260914-CEGHW8JX4P files=1350/2181 rows=839627
BATCH_PROGRESS ohlcv-1s/CROX.OPT job=OPRA-20260914-CEGHW8JX4P files=1375/2181 rows=885205
BATCH_PROGRESS ohlcv-1s/CROX.OPT job=OPRA-20260914-CEGHW8JX4P files=1400/2181 rows=946061
BATCH_PROGRESS ohlcv-1s/CROX.OPT job=OPRA-20260914-CEGHW8JX4P files=1425/2181 rows=989939
BATCH_PROGRESS ohlcv-1s/CROX.OPT job=OPRA-20260914-CEGHW8JX4P files=1450/2181 rows=1024405
BATCH_PROGRESS ohlcv-1s/CROX.OPT job=OPRA-20260914-CEGHW8JX4P files=1475/2181 rows=1062992
BATCH_PROGRESS ohlcv-1s/CROX.OPT job=OPRA-20260914-CEGHW8JX4P files=1500/2181 rows=1099152
BATCH_PROGRESS ohlcv-1s/CROX.OPT job=OPRA-20260914-CEGHW8JX4P files=1525/2181 rows=1146586
BATCH_PROGRESS ohlcv-1s/CROX.OPT job=OPRA-20260914-CEGHW8JX4P files=1550/2181 rows=1190403
BATCH_PROGRESS ohlcv-1s/CROX.OPT job=OPRA-20260914-CEGHW8JX4P files=1575/2181 rows=1223057
BATCH_PROGRESS ohlcv-1s/CROX.OPT job=OPRA-20260914-CEGHW8JX4P files=1600/2181 rows=1258890
BATCH_PROGRESS ohlcv-1s/CROX.OPT job=OPRA-20260914-CEGHW8JX4P files=1625/2181 rows=1291725
BATCH_PROGRESS ohlcv-1s/CROX.OPT job=OPRA-20260914-CEGHW8JX4P files=1650/2181 rows=1315291
BATCH_PROGRESS ohlcv-1s/CROX.OPT job=OPRA-20260914-CEGHW8JX4P files=1675/2181 rows=1344114
BATCH_PROGRESS ohlcv-1s/CROX.OPT job=OPRA-20260914-CEGHW8JX4P files=1700/2181 rows=1361955
BATCH_PROGRESS ohlcv-1s/CROX.OPT job=OPRA-20260914-CEGHW8JX4P files=1725/2181 rows=1404583
BATCH_PROGRESS ohlcv-1s/CROX.OPT job=OPRA-20260914-CEGHW8JX4P files=1750/2181 rows=1446548
BATCH_PROGRESS ohlcv-1s/CROX.OPT job=OPRA-20260914-CEGHW8JX4P files=1775/2181 rows=1471910
BATCH_PROGRESS ohlcv-1s/CROX.OPT job=OPRA-20260914-CEGHW8JX4P files=1800/2181 rows=1517157
BATCH_PROGRESS ohlcv-1s/CROX.OPT job=OPRA-20260914-CEGHW8JX4P files=1825/2181 rows=1545962
BATCH_PROGRESS ohlcv-1s/CROX.OPT job=OPRA-20260914-CEGHW8JX4P files=1850/2181 rows=1578125
BATCH_PROGRESS ohlcv-1s/CROX.OPT job=OPRA-20260914-CEGHW8JX4P files=1875/2181 rows=1599302
BATCH_PROGRESS ohlcv-1s/CROX.OPT job=OPRA-20260914-CEGHW8JX4P files=1900/2181 rows=1621629
BATCH_PROGRESS ohlcv-1s/CROX.OPT job=OPRA-20260914-CEGHW8JX4P files=1925/2181 rows=1680005
BATCH_PROGRESS ohlcv-1s/CROX.OPT job=OPRA-20260914-CEGHW8JX4P files=1950/2181 rows=1726579
BATCH_PROGRESS ohlcv-1s/CROX.OPT job=OPRA-20260914-CEGHW8JX4P files=1975/2181 rows=1756169
BATCH_PROGRESS ohlcv-1s/CROX.OPT job=OPRA-20260914-CEGHW8JX4P files=2000/2181 rows=1782255
BATCH_PROGRESS ohlcv-1s/CROX.OPT job=OPRA-20260914-CEGHW8JX4P files=2025/2181 rows=1799613
BATCH_PROGRESS ohlcv-1s/CROX.OPT job=OPRA-20260914-CEGHW8JX4P files=2050/2181 rows=1817365
BATCH_PROGRESS ohlcv-1s/CROX.OPT job=OPRA-20260914-CEGHW8JX4P files=2075/2181 rows=1828636
BATCH_PROGRESS ohlcv-1s/CROX.OPT job=OPRA-20260914-CEGHW8JX4P files=2100/2181 rows=1838861
BATCH_PROGRESS ohlcv-1s/CROX.OPT job=OPRA-20260914-CEGHW8JX4P files=2125/2181 rows=1849817
BATCH_PROGRESS ohlcv-1s/CROX.OPT job=OPRA-20260914-CEGHW8JX4P files=2150/2181 rows=1855826
BATCH_PROGRESS ohlcv-1s/CROX.OPT job=OPRA-20260914-CEGHW8JX4P files=2175/2181 rows=1863444
BATCH_PROGRESS ohlcv-1s/CROX.OPT job=OPRA-20260914-CEGHW8JX4P files=2181/2181 rows=1864492
COMPLETED_BATCH ohlcv-1s/CROX.OPT job=OPRA-20260914-CEGHW8JX4P published=2181 no_data=37
ONBOARDING OPRA.PILLAR/ohlcv-1m 2018-01-01 to 2026-09-12
BATCH_SCAN ohlcv-1m/CROX.OPT verified_existing=0 verified_no_data=0 missing=2218
WAITING_BATCH job=OPRA-20260914-MNPDC3JJ6C state=done progress=100
IGNORED_UNAVAILABLE_BATCH_FILES ohlcv-1m/CROX.OPT job=OPRA-20260914-MNPDC3JJ6C files=4
DOWNLOADING_BATCH ohlcv-1m/CROX.OPT job=OPRA-20260914-MNPDC3JJ6C files=2181 bytes=31792064
BATCH_PROGRESS ohlcv-1m/CROX.OPT job=OPRA-20260914-MNPDC3JJ6C files=25/2181 rows=1105
BATCH_PROGRESS ohlcv-1m/CROX.OPT job=OPRA-20260914-MNPDC3JJ6C files=50/2181 rows=1871
BATCH_PROGRESS ohlcv-1m/CROX.OPT job=OPRA-20260914-MNPDC3JJ6C files=75/2181 rows=3362
BATCH_PROGRESS ohlcv-1m/CROX.OPT job=OPRA-20260914-MNPDC3JJ6C files=100/2181 rows=5786
BATCH_PROGRESS ohlcv-1m/CROX.OPT job=OPRA-20260914-MNPDC3JJ6C files=125/2181 rows=9359
BATCH_PROGRESS ohlcv-1m/CROX.OPT job=OPRA-20260914-MNPDC3JJ6C files=150/2181 rows=12117
BATCH_PROGRESS ohlcv-1m/CROX.OPT job=OPRA-20260914-MNPDC3JJ6C files=175/2181 rows=16838
BATCH_PROGRESS ohlcv-1m/CROX.OPT job=OPRA-20260914-MNPDC3JJ6C files=200/2181 rows=19095
BATCH_PROGRESS ohlcv-1m/CROX.OPT job=OPRA-20260914-MNPDC3JJ6C files=225/2181 rows=24775
BATCH_PROGRESS ohlcv-1m/CROX.OPT job=OPRA-20260914-MNPDC3JJ6C files=250/2181 rows=28484
BATCH_PROGRESS ohlcv-1m/CROX.OPT job=OPRA-20260914-MNPDC3JJ6C files=275/2181 rows=33098
BATCH_PROGRESS ohlcv-1m/CROX.OPT job=OPRA-20260914-MNPDC3JJ6C files=300/2181 rows=37139
BATCH_PROGRESS ohlcv-1m/CROX.OPT job=OPRA-20260914-MNPDC3JJ6C files=325/2181 rows=39731
BATCH_PROGRESS ohlcv-1m/CROX.OPT job=OPRA-20260914-MNPDC3JJ6C files=350/2181 rows=43652
BATCH_PROGRESS ohlcv-1m/CROX.OPT job=OPRA-20260914-MNPDC3JJ6C files=375/2181 rows=46457
BATCH_PROGRESS ohlcv-1m/CROX.OPT job=OPRA-20260914-MNPDC3JJ6C files=400/2181 rows=52163
BATCH_PROGRESS ohlcv-1m/CROX.OPT job=OPRA-20260914-MNPDC3JJ6C files=425/2181 rows=55178
BATCH_PROGRESS ohlcv-1m/CROX.OPT job=OPRA-20260914-MNPDC3JJ6C files=450/2181 rows=58262
BATCH_PROGRESS ohlcv-1m/CROX.OPT job=OPRA-20260914-MNPDC3JJ6C files=475/2181 rows=65916
BATCH_PROGRESS ohlcv-1m/CROX.OPT job=OPRA-20260914-MNPDC3JJ6C files=500/2181 rows=70100
BATCH_PROGRESS ohlcv-1m/CROX.OPT job=OPRA-20260914-MNPDC3JJ6C files=525/2181 rows=74563
BATCH_PROGRESS ohlcv-1m/CROX.OPT job=OPRA-20260914-MNPDC3JJ6C files=550/2181 rows=78810
BATCH_PROGRESS ohlcv-1m/CROX.OPT job=OPRA-20260914-MNPDC3JJ6C files=575/2181 rows=81073
BATCH_PROGRESS ohlcv-1m/CROX.OPT job=OPRA-20260914-MNPDC3JJ6C files=600/2181 rows=84953
BATCH_PROGRESS ohlcv-1m/CROX.OPT job=OPRA-20260914-MNPDC3JJ6C files=625/2181 rows=87920
BATCH_PROGRESS ohlcv-1m/CROX.OPT job=OPRA-20260914-MNPDC3JJ6C files=650/2181 rows=92209
BATCH_PROGRESS ohlcv-1m/CROX.OPT job=OPRA-20260914-MNPDC3JJ6C files=675/2181 rows=97151
BATCH_PROGRESS ohlcv-1m/CROX.OPT job=OPRA-20260914-MNPDC3JJ6C files=700/2181 rows=105736
BATCH_PROGRESS ohlcv-1m/CROX.OPT job=OPRA-20260914-MNPDC3JJ6C files=725/2181 rows=117572
BATCH_PROGRESS ohlcv-1m/CROX.OPT job=OPRA-20260914-MNPDC3JJ6C files=750/2181 rows=127141
BATCH_PROGRESS ohlcv-1m/CROX.OPT job=OPRA-20260914-MNPDC3JJ6C files=775/2181 rows=138296
BATCH_PROGRESS ohlcv-1m/CROX.OPT job=OPRA-20260914-MNPDC3JJ6C files=800/2181 rows=149136
BATCH_PROGRESS ohlcv-1m/CROX.OPT job=OPRA-20260914-MNPDC3JJ6C files=825/2181 rows=168371
BATCH_PROGRESS ohlcv-1m/CROX.OPT job=OPRA-20260914-MNPDC3JJ6C files=850/2181 rows=197479
BATCH_PROGRESS ohlcv-1m/CROX.OPT job=OPRA-20260914-MNPDC3JJ6C files=875/2181 rows=217939
BATCH_PROGRESS ohlcv-1m/CROX.OPT job=OPRA-20260914-MNPDC3JJ6C files=900/2181 rows=244372
BATCH_PROGRESS ohlcv-1m/CROX.OPT job=OPRA-20260914-MNPDC3JJ6C files=925/2181 rows=265815
BATCH_PROGRESS ohlcv-1m/CROX.OPT job=OPRA-20260914-MNPDC3JJ6C files=950/2181 rows=306810
BATCH_PROGRESS ohlcv-1m/CROX.OPT job=OPRA-20260914-MNPDC3JJ6C files=975/2181 rows=353113
BATCH_PROGRESS ohlcv-1m/CROX.OPT job=OPRA-20260914-MNPDC3JJ6C files=1000/2181 rows=373296
BATCH_PROGRESS ohlcv-1m/CROX.OPT job=OPRA-20260914-MNPDC3JJ6C files=1025/2181 rows=419465
BATCH_PROGRESS ohlcv-1m/CROX.OPT job=OPRA-20260914-MNPDC3JJ6C files=1050/2181 rows=451081
BATCH_PROGRESS ohlcv-1m/CROX.OPT job=OPRA-20260914-MNPDC3JJ6C files=1075/2181 rows=473558
BATCH_PROGRESS ohlcv-1m/CROX.OPT job=OPRA-20260914-MNPDC3JJ6C files=1100/2181 rows=492556
BATCH_PROGRESS ohlcv-1m/CROX.OPT job=OPRA-20260914-MNPDC3JJ6C files=1125/2181 rows=509068
BATCH_PROGRESS ohlcv-1m/CROX.OPT job=OPRA-20260914-MNPDC3JJ6C files=1150/2181 rows=527603
BATCH_PROGRESS ohlcv-1m/CROX.OPT job=OPRA-20260914-MNPDC3JJ6C files=1175/2181 rows=552494
BATCH_PROGRESS ohlcv-1m/CROX.OPT job=OPRA-20260914-MNPDC3JJ6C files=1200/2181 rows=567844
BATCH_PROGRESS ohlcv-1m/CROX.OPT job=OPRA-20260914-MNPDC3JJ6C files=1225/2181 rows=592009
BATCH_PROGRESS ohlcv-1m/CROX.OPT job=OPRA-20260914-MNPDC3JJ6C files=1250/2181 rows=611235
BATCH_PROGRESS ohlcv-1m/CROX.OPT job=OPRA-20260914-MNPDC3JJ6C files=1275/2181 rows=639056
BATCH_PROGRESS ohlcv-1m/CROX.OPT job=OPRA-20260914-MNPDC3JJ6C files=1300/2181 rows=670080
BATCH_PROGRESS ohlcv-1m/CROX.OPT job=OPRA-20260914-MNPDC3JJ6C files=1325/2181 rows=693645
BATCH_PROGRESS ohlcv-1m/CROX.OPT job=OPRA-20260914-MNPDC3JJ6C files=1350/2181 rows=749174
BATCH_PROGRESS ohlcv-1m/CROX.OPT job=OPRA-20260914-MNPDC3JJ6C files=1375/2181 rows=790838
BATCH_PROGRESS ohlcv-1m/CROX.OPT job=OPRA-20260914-MNPDC3JJ6C files=1400/2181 rows=846648
BATCH_PROGRESS ohlcv-1m/CROX.OPT job=OPRA-20260914-MNPDC3JJ6C files=1425/2181 rows=887909
BATCH_PROGRESS ohlcv-1m/CROX.OPT job=OPRA-20260914-MNPDC3JJ6C files=1450/2181 rows=919982
BATCH_PROGRESS ohlcv-1m/CROX.OPT job=OPRA-20260914-MNPDC3JJ6C files=1475/2181 rows=955064
BATCH_PROGRESS ohlcv-1m/CROX.OPT job=OPRA-20260914-MNPDC3JJ6C files=1500/2181 rows=988488
BATCH_PROGRESS ohlcv-1m/CROX.OPT job=OPRA-20260914-MNPDC3JJ6C files=1525/2181 rows=1030706
BATCH_PROGRESS ohlcv-1m/CROX.OPT job=OPRA-20260914-MNPDC3JJ6C files=1550/2181 rows=1070889
BATCH_PROGRESS ohlcv-1m/CROX.OPT job=OPRA-20260914-MNPDC3JJ6C files=1575/2181 rows=1100703
BATCH_PROGRESS ohlcv-1m/CROX.OPT job=OPRA-20260914-MNPDC3JJ6C files=1600/2181 rows=1133173
BATCH_PROGRESS ohlcv-1m/CROX.OPT job=OPRA-20260914-MNPDC3JJ6C files=1625/2181 rows=1162641
BATCH_PROGRESS ohlcv-1m/CROX.OPT job=OPRA-20260914-MNPDC3JJ6C files=1650/2181 rows=1184464
BATCH_PROGRESS ohlcv-1m/CROX.OPT job=OPRA-20260914-MNPDC3JJ6C files=1675/2181 rows=1210223
BATCH_PROGRESS ohlcv-1m/CROX.OPT job=OPRA-20260914-MNPDC3JJ6C files=1700/2181 rows=1227107
BATCH_PROGRESS ohlcv-1m/CROX.OPT job=OPRA-20260914-MNPDC3JJ6C files=1725/2181 rows=1267396
BATCH_PROGRESS ohlcv-1m/CROX.OPT job=OPRA-20260914-MNPDC3JJ6C files=1750/2181 rows=1306629
BATCH_PROGRESS ohlcv-1m/CROX.OPT job=OPRA-20260914-MNPDC3JJ6C files=1775/2181 rows=1330075
BATCH_PROGRESS ohlcv-1m/CROX.OPT job=OPRA-20260914-MNPDC3JJ6C files=1800/2181 rows=1372146
BATCH_PROGRESS ohlcv-1m/CROX.OPT job=OPRA-20260914-MNPDC3JJ6C files=1825/2181 rows=1398271
BATCH_PROGRESS ohlcv-1m/CROX.OPT job=OPRA-20260914-MNPDC3JJ6C files=1850/2181 rows=1427041
BATCH_PROGRESS ohlcv-1m/CROX.OPT job=OPRA-20260914-MNPDC3JJ6C files=1875/2181 rows=1445517
BATCH_PROGRESS ohlcv-1m/CROX.OPT job=OPRA-20260914-MNPDC3JJ6C files=1900/2181 rows=1465957
BATCH_PROGRESS ohlcv-1m/CROX.OPT job=OPRA-20260914-MNPDC3JJ6C files=1925/2181 rows=1515753
BATCH_PROGRESS ohlcv-1m/CROX.OPT job=OPRA-20260914-MNPDC3JJ6C files=1950/2181 rows=1558023
BATCH_PROGRESS ohlcv-1m/CROX.OPT job=OPRA-20260914-MNPDC3JJ6C files=1975/2181 rows=1585299
BATCH_PROGRESS ohlcv-1m/CROX.OPT job=OPRA-20260914-MNPDC3JJ6C files=2000/2181 rows=1608997
BATCH_PROGRESS ohlcv-1m/CROX.OPT job=OPRA-20260914-MNPDC3JJ6C files=2025/2181 rows=1625169
BATCH_PROGRESS ohlcv-1m/CROX.OPT job=OPRA-20260914-MNPDC3JJ6C files=2050/2181 rows=1641293
BATCH_PROGRESS ohlcv-1m/CROX.OPT job=OPRA-20260914-MNPDC3JJ6C files=2075/2181 rows=1651742
BATCH_PROGRESS ohlcv-1m/CROX.OPT job=OPRA-20260914-MNPDC3JJ6C files=2100/2181 rows=1660949
BATCH_PROGRESS ohlcv-1m/CROX.OPT job=OPRA-20260914-MNPDC3JJ6C files=2125/2181 rows=1670731
BATCH_PROGRESS ohlcv-1m/CROX.OPT job=OPRA-20260914-MNPDC3JJ6C files=2150/2181 rows=1676198
BATCH_PROGRESS ohlcv-1m/CROX.OPT job=OPRA-20260914-MNPDC3JJ6C files=2175/2181 rows=1683085
BATCH_PROGRESS ohlcv-1m/CROX.OPT job=OPRA-20260914-MNPDC3JJ6C files=2181/2181 rows=1684059
COMPLETED_BATCH ohlcv-1m/CROX.OPT job=OPRA-20260914-MNPDC3JJ6C published=2181 no_data=37
ONBOARDING OPRA.PILLAR/ohlcv-1d 2018-01-01 to 2026-09-12
BATCH_SCAN ohlcv-1d/CROX.OPT verified_existing=0 verified_no_data=0 missing=2218
WAITING_BATCH job=OPRA-20260914-6X8F9WYQEH state=done progress=100
IGNORED_UNAVAILABLE_BATCH_FILES ohlcv-1d/CROX.OPT job=OPRA-20260914-6X8F9WYQEH files=4
DOWNLOADING_BATCH ohlcv-1d/CROX.OPT job=OPRA-20260914-6X8F9WYQEH files=2181 bytes=23357594
BATCH_PROGRESS ohlcv-1d/CROX.OPT job=OPRA-20260914-6X8F9WYQEH files=25/2181 rows=882
BATCH_PROGRESS ohlcv-1d/CROX.OPT job=OPRA-20260914-6X8F9WYQEH files=50/2181 rows=1496
BATCH_PROGRESS ohlcv-1d/CROX.OPT job=OPRA-20260914-6X8F9WYQEH files=75/2181 rows=2655
BATCH_PROGRESS ohlcv-1d/CROX.OPT job=OPRA-20260914-6X8F9WYQEH files=100/2181 rows=4007
BATCH_PROGRESS ohlcv-1d/CROX.OPT job=OPRA-20260914-6X8F9WYQEH files=125/2181 rows=6072
BATCH_PROGRESS ohlcv-1d/CROX.OPT job=OPRA-20260914-6X8F9WYQEH files=150/2181 rows=7858
BATCH_PROGRESS ohlcv-1d/CROX.OPT job=OPRA-20260914-6X8F9WYQEH files=175/2181 rows=10500
BATCH_PROGRESS ohlcv-1d/CROX.OPT job=OPRA-20260914-6X8F9WYQEH files=200/2181 rows=12060
BATCH_PROGRESS ohlcv-1d/CROX.OPT job=OPRA-20260914-6X8F9WYQEH files=225/2181 rows=14925
BATCH_PROGRESS ohlcv-1d/CROX.OPT job=OPRA-20260914-6X8F9WYQEH files=250/2181 rows=17221
BATCH_PROGRESS ohlcv-1d/CROX.OPT job=OPRA-20260914-6X8F9WYQEH files=275/2181 rows=20327
BATCH_PROGRESS ohlcv-1d/CROX.OPT job=OPRA-20260914-6X8F9WYQEH files=300/2181 rows=22852
BATCH_PROGRESS ohlcv-1d/CROX.OPT job=OPRA-20260914-6X8F9WYQEH files=325/2181 rows=24370
BATCH_PROGRESS ohlcv-1d/CROX.OPT job=OPRA-20260914-6X8F9WYQEH files=350/2181 rows=26416
BATCH_PROGRESS ohlcv-1d/CROX.OPT job=OPRA-20260914-6X8F9WYQEH files=375/2181 rows=27985
BATCH_PROGRESS ohlcv-1d/CROX.OPT job=OPRA-20260914-6X8F9WYQEH files=400/2181 rows=30854
BATCH_PROGRESS ohlcv-1d/CROX.OPT job=OPRA-20260914-6X8F9WYQEH files=425/2181 rows=32747
BATCH_PROGRESS ohlcv-1d/CROX.OPT job=OPRA-20260914-6X8F9WYQEH files=450/2181 rows=34980
BATCH_PROGRESS ohlcv-1d/CROX.OPT job=OPRA-20260914-6X8F9WYQEH files=475/2181 rows=38840
BATCH_PROGRESS ohlcv-1d/CROX.OPT job=OPRA-20260914-6X8F9WYQEH files=500/2181 rows=41523
BATCH_PROGRESS ohlcv-1d/CROX.OPT job=OPRA-20260914-6X8F9WYQEH files=525/2181 rows=44113
BATCH_PROGRESS ohlcv-1d/CROX.OPT job=OPRA-20260914-6X8F9WYQEH files=550/2181 rows=46786
BATCH_PROGRESS ohlcv-1d/CROX.OPT job=OPRA-20260914-6X8F9WYQEH files=575/2181 rows=48553
BATCH_PROGRESS ohlcv-1d/CROX.OPT job=OPRA-20260914-6X8F9WYQEH files=600/2181 rows=51037
BATCH_PROGRESS ohlcv-1d/CROX.OPT job=OPRA-20260914-6X8F9WYQEH files=625/2181 rows=53168
BATCH_PROGRESS ohlcv-1d/CROX.OPT job=OPRA-20260914-6X8F9WYQEH files=650/2181 rows=55864
BATCH_PROGRESS ohlcv-1d/CROX.OPT job=OPRA-20260914-6X8F9WYQEH files=675/2181 rows=58640
BATCH_PROGRESS ohlcv-1d/CROX.OPT job=OPRA-20260914-6X8F9WYQEH files=700/2181 rows=62938
BATCH_PROGRESS ohlcv-1d/CROX.OPT job=OPRA-20260914-6X8F9WYQEH files=725/2181 rows=68042
BATCH_PROGRESS ohlcv-1d/CROX.OPT job=OPRA-20260914-6X8F9WYQEH files=750/2181 rows=72296
BATCH_PROGRESS ohlcv-1d/CROX.OPT job=OPRA-20260914-6X8F9WYQEH files=775/2181 rows=76932
BATCH_PROGRESS ohlcv-1d/CROX.OPT job=OPRA-20260914-6X8F9WYQEH files=800/2181 rows=81902
BATCH_PROGRESS ohlcv-1d/CROX.OPT job=OPRA-20260914-6X8F9WYQEH files=825/2181 rows=87791
BATCH_PROGRESS ohlcv-1d/CROX.OPT job=OPRA-20260914-6X8F9WYQEH files=850/2181 rows=96184
BATCH_PROGRESS ohlcv-1d/CROX.OPT job=OPRA-20260914-6X8F9WYQEH files=875/2181 rows=103829
BATCH_PROGRESS ohlcv-1d/CROX.OPT job=OPRA-20260914-6X8F9WYQEH files=900/2181 rows=113373
BATCH_PROGRESS ohlcv-1d/CROX.OPT job=OPRA-20260914-6X8F9WYQEH files=925/2181 rows=122537
BATCH_PROGRESS ohlcv-1d/CROX.OPT job=OPRA-20260914-6X8F9WYQEH files=950/2181 rows=135781
BATCH_PROGRESS ohlcv-1d/CROX.OPT job=OPRA-20260914-6X8F9WYQEH files=975/2181 rows=151002
BATCH_PROGRESS ohlcv-1d/CROX.OPT job=OPRA-20260914-6X8F9WYQEH files=1000/2181 rows=161014
BATCH_PROGRESS ohlcv-1d/CROX.OPT job=OPRA-20260914-6X8F9WYQEH files=1025/2181 rows=177927
BATCH_PROGRESS ohlcv-1d/CROX.OPT job=OPRA-20260914-6X8F9WYQEH files=1050/2181 rows=190823
BATCH_PROGRESS ohlcv-1d/CROX.OPT job=OPRA-20260914-6X8F9WYQEH files=1075/2181 rows=201003
BATCH_PROGRESS ohlcv-1d/CROX.OPT job=OPRA-20260914-6X8F9WYQEH files=1100/2181 rows=209899
BATCH_PROGRESS ohlcv-1d/CROX.OPT job=OPRA-20260914-6X8F9WYQEH files=1125/2181 rows=217764
BATCH_PROGRESS ohlcv-1d/CROX.OPT job=OPRA-20260914-6X8F9WYQEH files=1150/2181 rows=226670
BATCH_PROGRESS ohlcv-1d/CROX.OPT job=OPRA-20260914-6X8F9WYQEH files=1175/2181 rows=236881
BATCH_PROGRESS ohlcv-1d/CROX.OPT job=OPRA-20260914-6X8F9WYQEH files=1200/2181 rows=245217
BATCH_PROGRESS ohlcv-1d/CROX.OPT job=OPRA-20260914-6X8F9WYQEH files=1225/2181 rows=256323
BATCH_PROGRESS ohlcv-1d/CROX.OPT job=OPRA-20260914-6X8F9WYQEH files=1250/2181 rows=265637
BATCH_PROGRESS ohlcv-1d/CROX.OPT job=OPRA-20260914-6X8F9WYQEH files=1275/2181 rows=277387
BATCH_PROGRESS ohlcv-1d/CROX.OPT job=OPRA-20260914-6X8F9WYQEH files=1300/2181 rows=289964
BATCH_PROGRESS ohlcv-1d/CROX.OPT job=OPRA-20260914-6X8F9WYQEH files=1325/2181 rows=305395
BATCH_PROGRESS ohlcv-1d/CROX.OPT job=OPRA-20260914-6X8F9WYQEH files=1350/2181 rows=335421
BATCH_PROGRESS ohlcv-1d/CROX.OPT job=OPRA-20260914-6X8F9WYQEH files=1375/2181 rows=360696
BATCH_PROGRESS ohlcv-1d/CROX.OPT job=OPRA-20260914-6X8F9WYQEH files=1400/2181 rows=389813
BATCH_PROGRESS ohlcv-1d/CROX.OPT job=OPRA-20260914-6X8F9WYQEH files=1425/2181 rows=414047
BATCH_PROGRESS ohlcv-1d/CROX.OPT job=OPRA-20260914-6X8F9WYQEH files=1450/2181 rows=434725
BATCH_PROGRESS ohlcv-1d/CROX.OPT job=OPRA-20260914-6X8F9WYQEH files=1475/2181 rows=455736
BATCH_PROGRESS ohlcv-1d/CROX.OPT job=OPRA-20260914-6X8F9WYQEH files=1500/2181 rows=476408
BATCH_PROGRESS ohlcv-1d/CROX.OPT job=OPRA-20260914-6X8F9WYQEH files=1525/2181 rows=499921
BATCH_PROGRESS ohlcv-1d/CROX.OPT job=OPRA-20260914-6X8F9WYQEH files=1550/2181 rows=521777
BATCH_PROGRESS ohlcv-1d/CROX.OPT job=OPRA-20260914-6X8F9WYQEH files=1575/2181 rows=540733
BATCH_PROGRESS ohlcv-1d/CROX.OPT job=OPRA-20260914-6X8F9WYQEH files=1600/2181 rows=559042
BATCH_PROGRESS ohlcv-1d/CROX.OPT job=OPRA-20260914-6X8F9WYQEH files=1625/2181 rows=576415
BATCH_PROGRESS ohlcv-1d/CROX.OPT job=OPRA-20260914-6X8F9WYQEH files=1650/2181 rows=591445
BATCH_PROGRESS ohlcv-1d/CROX.OPT job=OPRA-20260914-6X8F9WYQEH files=1675/2181 rows=608181
BATCH_PROGRESS ohlcv-1d/CROX.OPT job=OPRA-20260914-6X8F9WYQEH files=1700/2181 rows=621078
BATCH_PROGRESS ohlcv-1d/CROX.OPT job=OPRA-20260914-6X8F9WYQEH files=1725/2181 rows=643675
BATCH_PROGRESS ohlcv-1d/CROX.OPT job=OPRA-20260914-6X8F9WYQEH files=1750/2181 rows=665953
BATCH_PROGRESS ohlcv-1d/CROX.OPT job=OPRA-20260914-6X8F9WYQEH files=1775/2181 rows=681595
BATCH_PROGRESS ohlcv-1d/CROX.OPT job=OPRA-20260914-6X8F9WYQEH files=1800/2181 rows=704852
BATCH_PROGRESS ohlcv-1d/CROX.OPT job=OPRA-20260914-6X8F9WYQEH files=1825/2181 rows=722260
BATCH_PROGRESS ohlcv-1d/CROX.OPT job=OPRA-20260914-6X8F9WYQEH files=1850/2181 rows=739867
BATCH_PROGRESS ohlcv-1d/CROX.OPT job=OPRA-20260914-6X8F9WYQEH files=1875/2181 rows=752186
BATCH_PROGRESS ohlcv-1d/CROX.OPT job=OPRA-20260914-6X8F9WYQEH files=1900/2181 rows=765710
BATCH_PROGRESS ohlcv-1d/CROX.OPT job=OPRA-20260914-6X8F9WYQEH files=1925/2181 rows=790956
BATCH_PROGRESS ohlcv-1d/CROX.OPT job=OPRA-20260914-6X8F9WYQEH files=1950/2181 rows=815067
BATCH_PROGRESS ohlcv-1d/CROX.OPT job=OPRA-20260914-6X8F9WYQEH files=1975/2181 rows=833102
BATCH_PROGRESS ohlcv-1d/CROX.OPT job=OPRA-20260914-6X8F9WYQEH files=2000/2181 rows=847526
BATCH_PROGRESS ohlcv-1d/CROX.OPT job=OPRA-20260914-6X8F9WYQEH files=2025/2181 rows=858342
BATCH_PROGRESS ohlcv-1d/CROX.OPT job=OPRA-20260914-6X8F9WYQEH files=2050/2181 rows=867242
BATCH_PROGRESS ohlcv-1d/CROX.OPT job=OPRA-20260914-6X8F9WYQEH files=2075/2181 rows=874116
BATCH_PROGRESS ohlcv-1d/CROX.OPT job=OPRA-20260914-6X8F9WYQEH files=2100/2181 rows=880333
BATCH_PROGRESS ohlcv-1d/CROX.OPT job=OPRA-20260914-6X8F9WYQEH files=2125/2181 rows=886644
BATCH_PROGRESS ohlcv-1d/CROX.OPT job=OPRA-20260914-6X8F9WYQEH files=2150/2181 rows=890498
BATCH_PROGRESS ohlcv-1d/CROX.OPT job=OPRA-20260914-6X8F9WYQEH files=2175/2181 rows=895011
BATCH_PROGRESS ohlcv-1d/CROX.OPT job=OPRA-20260914-6X8F9WYQEH files=2181/2181 rows=895811
COMPLETED_BATCH ohlcv-1d/CROX.OPT job=OPRA-20260914-6X8F9WYQEH published=2181 no_data=37
ONBOARDING OPRA.PILLAR/statistics 2018-01-01 to 2026-09-12
BATCH_SCAN statistics/CROX.OPT verified_existing=0 verified_no_data=0 missing=2218
WAITING_BATCH job=OPRA-20260914-BGCVAVA34L state=done progress=100
IGNORED_UNAVAILABLE_BATCH_FILES statistics/CROX.OPT job=OPRA-20260914-BGCVAVA34L files=4
DOWNLOADING_BATCH statistics/CROX.OPT job=OPRA-20260914-BGCVAVA34L files=2181 bytes=265873748
BATCH_PROGRESS statistics/CROX.OPT job=OPRA-20260914-BGCVAVA34L files=25/2181 rows=3422
BATCH_PROGRESS statistics/CROX.OPT job=OPRA-20260914-BGCVAVA34L files=50/2181 rows=6880
BATCH_PROGRESS statistics/CROX.OPT job=OPRA-20260914-BGCVAVA34L files=75/2181 rows=10406
BATCH_PROGRESS statistics/CROX.OPT job=OPRA-20260914-BGCVAVA34L files=100/2181 rows=14136
BATCH_PROGRESS statistics/CROX.OPT job=OPRA-20260914-BGCVAVA34L files=125/2181 rows=17956
BATCH_PROGRESS statistics/CROX.OPT job=OPRA-20260914-BGCVAVA34L files=150/2181 rows=21870
BATCH_PROGRESS statistics/CROX.OPT job=OPRA-20260914-BGCVAVA34L files=175/2181 rows=25920
BATCH_PROGRESS statistics/CROX.OPT job=OPRA-20260914-BGCVAVA34L files=200/2181 rows=30854
BATCH_PROGRESS statistics/CROX.OPT job=OPRA-20260914-BGCVAVA34L files=225/2181 rows=36164
BATCH_PROGRESS statistics/CROX.OPT job=OPRA-20260914-BGCVAVA34L files=250/2181 rows=42250
BATCH_PROGRESS statistics/CROX.OPT job=OPRA-20260914-BGCVAVA34L files=275/2181 rows=49226
BATCH_PROGRESS statistics/CROX.OPT job=OPRA-20260914-BGCVAVA34L files=300/2181 rows=56534
BATCH_PROGRESS statistics/CROX.OPT job=OPRA-20260914-BGCVAVA34L files=325/2181 rows=62886
BATCH_PROGRESS statistics/CROX.OPT job=OPRA-20260914-BGCVAVA34L files=350/2181 rows=70716
BATCH_PROGRESS statistics/CROX.OPT job=OPRA-20260914-BGCVAVA34L files=375/2181 rows=78704
BATCH_PROGRESS statistics/CROX.OPT job=OPRA-20260914-BGCVAVA34L files=400/2181 rows=86156
BATCH_PROGRESS statistics/CROX.OPT job=OPRA-20260914-BGCVAVA34L files=425/2181 rows=93858
BATCH_PROGRESS statistics/CROX.OPT job=OPRA-20260914-BGCVAVA34L files=450/2181 rows=102194
BATCH_PROGRESS statistics/CROX.OPT job=OPRA-20260914-BGCVAVA34L files=475/2181 rows=111974
BATCH_PROGRESS statistics/CROX.OPT job=OPRA-20260914-BGCVAVA34L files=500/2181 rows=120772
BATCH_PROGRESS statistics/CROX.OPT job=OPRA-20260914-BGCVAVA34L files=525/2181 rows=129074
BATCH_PROGRESS statistics/CROX.OPT job=OPRA-20260914-BGCVAVA34L files=550/2181 rows=138688
BATCH_PROGRESS statistics/CROX.OPT job=OPRA-20260914-BGCVAVA34L files=575/2181 rows=151498
BATCH_PROGRESS statistics/CROX.OPT job=OPRA-20260914-BGCVAVA34L files=600/2181 rows=163454
BATCH_PROGRESS statistics/CROX.OPT job=OPRA-20260914-BGCVAVA34L files=625/2181 rows=175522
BATCH_PROGRESS statistics/CROX.OPT job=OPRA-20260914-BGCVAVA34L files=650/2181 rows=186818
BATCH_PROGRESS statistics/CROX.OPT job=OPRA-20260914-BGCVAVA34L files=675/2181 rows=198084
BATCH_PROGRESS statistics/CROX.OPT job=OPRA-20260914-BGCVAVA34L files=700/2181 rows=208294
BATCH_PROGRESS statistics/CROX.OPT job=OPRA-20260914-BGCVAVA34L files=725/2181 rows=218608
BATCH_PROGRESS statistics/CROX.OPT job=OPRA-20260914-BGCVAVA34L files=750/2181 rows=227078
BATCH_PROGRESS statistics/CROX.OPT job=OPRA-20260914-BGCVAVA34L files=775/2181 rows=234564
BATCH_PROGRESS statistics/CROX.OPT job=OPRA-20260914-BGCVAVA34L files=800/2181 rows=242302
BATCH_PROGRESS statistics/CROX.OPT job=OPRA-20260914-BGCVAVA34L files=825/2181 rows=249610
BATCH_PROGRESS statistics/CROX.OPT job=OPRA-20260914-BGCVAVA34L files=850/2181 rows=257720
BATCH_PROGRESS statistics/CROX.OPT job=OPRA-20260914-BGCVAVA34L files=875/2181 rows=266856
BATCH_PROGRESS statistics/CROX.OPT job=OPRA-20260914-BGCVAVA34L files=900/2181 rows=276306
BATCH_PROGRESS statistics/CROX.OPT job=OPRA-20260914-BGCVAVA34L files=925/2181 rows=287156
BATCH_PROGRESS statistics/CROX.OPT job=OPRA-20260914-BGCVAVA34L files=950/2181 rows=299696
BATCH_PROGRESS statistics/CROX.OPT job=OPRA-20260914-BGCVAVA34L files=975/2181 rows=312688
BATCH_PROGRESS statistics/CROX.OPT job=OPRA-20260914-BGCVAVA34L files=1000/2181 rows=325208
BATCH_PROGRESS statistics/CROX.OPT job=OPRA-20260914-BGCVAVA34L files=1025/2181 rows=336960
BATCH_PROGRESS statistics/CROX.OPT job=OPRA-20260914-BGCVAVA34L files=1050/2181 rows=347954
BATCH_PROGRESS statistics/CROX.OPT job=OPRA-20260914-BGCVAVA34L files=1075/2181 rows=358374
BATCH_PROGRESS statistics/CROX.OPT job=OPRA-20260914-BGCVAVA34L files=1100/2181 rows=368082
BATCH_PROGRESS statistics/CROX.OPT job=OPRA-20260914-BGCVAVA34L files=1125/2181 rows=377772
BATCH_PROGRESS statistics/CROX.OPT job=OPRA-20260914-BGCVAVA34L files=1150/2181 rows=387968
BATCH_PROGRESS statistics/CROX.OPT job=OPRA-20260914-BGCVAVA34L files=1175/2181 rows=398650
BATCH_PROGRESS statistics/CROX.OPT job=OPRA-20260914-BGCVAVA34L files=1200/2181 rows=409980
BATCH_PROGRESS statistics/CROX.OPT job=OPRA-20260914-BGCVAVA34L files=1225/2181 rows=421440
BATCH_PROGRESS statistics/CROX.OPT job=OPRA-20260914-BGCVAVA34L files=1250/2181 rows=433044
BATCH_PROGRESS statistics/CROX.OPT job=OPRA-20260914-BGCVAVA34L files=1275/2181 rows=444482
BATCH_PROGRESS statistics/CROX.OPT job=OPRA-20260914-BGCVAVA34L files=1300/2181 rows=458694
BATCH_PROGRESS statistics/CROX.OPT job=OPRA-20260914-BGCVAVA34L files=1325/2181 rows=1201104
BATCH_PROGRESS statistics/CROX.OPT job=OPRA-20260914-BGCVAVA34L files=1350/2181 rows=3373574
BATCH_PROGRESS statistics/CROX.OPT job=OPRA-20260914-BGCVAVA34L files=1375/2181 rows=5439545
BATCH_PROGRESS statistics/CROX.OPT job=OPRA-20260914-BGCVAVA34L files=1400/2181 rows=7527782
BATCH_PROGRESS statistics/CROX.OPT job=OPRA-20260914-BGCVAVA34L files=1425/2181 rows=9630108
BATCH_PROGRESS statistics/CROX.OPT job=OPRA-20260914-BGCVAVA34L files=1450/2181 rows=11581565
BATCH_PROGRESS statistics/CROX.OPT job=OPRA-20260914-BGCVAVA34L files=1475/2181 rows=13435319
BATCH_PROGRESS statistics/CROX.OPT job=OPRA-20260914-BGCVAVA34L files=1500/2181 rows=15113676
BATCH_PROGRESS statistics/CROX.OPT job=OPRA-20260914-BGCVAVA34L files=1525/2181 rows=16816210
BATCH_PROGRESS statistics/CROX.OPT job=OPRA-20260914-BGCVAVA34L files=1550/2181 rows=18359632
BATCH_PROGRESS statistics/CROX.OPT job=OPRA-20260914-BGCVAVA34L files=1575/2181 rows=19929403
BATCH_PROGRESS statistics/CROX.OPT job=OPRA-20260914-BGCVAVA34L files=1600/2181 rows=21558485
BATCH_PROGRESS statistics/CROX.OPT job=OPRA-20260914-BGCVAVA34L files=1625/2181 rows=23131615
BATCH_PROGRESS statistics/CROX.OPT job=OPRA-20260914-BGCVAVA34L files=1650/2181 rows=25016681
BATCH_PROGRESS statistics/CROX.OPT job=OPRA-20260914-BGCVAVA34L files=1675/2181 rows=27167461
BATCH_PROGRESS statistics/CROX.OPT job=OPRA-20260914-BGCVAVA34L files=1700/2181 rows=29366245
BATCH_PROGRESS statistics/CROX.OPT job=OPRA-20260914-BGCVAVA34L files=1725/2181 rows=31679993
BATCH_PROGRESS statistics/CROX.OPT job=OPRA-20260914-BGCVAVA34L files=1750/2181 rows=33931829
BATCH_PROGRESS statistics/CROX.OPT job=OPRA-20260914-BGCVAVA34L files=1775/2181 rows=35851173
BATCH_PROGRESS statistics/CROX.OPT job=OPRA-20260914-BGCVAVA34L files=1800/2181 rows=37831945
BATCH_PROGRESS statistics/CROX.OPT job=OPRA-20260914-BGCVAVA34L files=1825/2181 rows=39778813
BATCH_PROGRESS statistics/CROX.OPT job=OPRA-20260914-BGCVAVA34L files=1850/2181 rows=41950281
BATCH_PROGRESS statistics/CROX.OPT job=OPRA-20260914-BGCVAVA34L files=1875/2181 rows=44170221
BATCH_PROGRESS statistics/CROX.OPT job=OPRA-20260914-BGCVAVA34L files=1900/2181 rows=46153213
BATCH_PROGRESS statistics/CROX.OPT job=OPRA-20260914-BGCVAVA34L files=1925/2181 rows=48397349
BATCH_PROGRESS statistics/CROX.OPT job=OPRA-20260914-BGCVAVA34L files=1950/2181 rows=50581045
BATCH_PROGRESS statistics/CROX.OPT job=OPRA-20260914-BGCVAVA34L files=1975/2181 rows=52623041
BATCH_PROGRESS statistics/CROX.OPT job=OPRA-20260914-BGCVAVA34L files=2000/2181 rows=54706209
BATCH_PROGRESS statistics/CROX.OPT job=OPRA-20260914-BGCVAVA34L files=2025/2181 rows=56203737
BATCH_PROGRESS statistics/CROX.OPT job=OPRA-20260914-BGCVAVA34L files=2050/2181 rows=57218329
BATCH_PROGRESS statistics/CROX.OPT job=OPRA-20260914-BGCVAVA34L files=2075/2181 rows=58253201
BATCH_PROGRESS statistics/CROX.OPT job=OPRA-20260914-BGCVAVA34L files=2100/2181 rows=59184533
BATCH_PROGRESS statistics/CROX.OPT job=OPRA-20260914-BGCVAVA34L files=2125/2181 rows=60134405
BATCH_PROGRESS statistics/CROX.OPT job=OPRA-20260914-BGCVAVA34L files=2150/2181 rows=61157877
BATCH_PROGRESS statistics/CROX.OPT job=OPRA-20260914-BGCVAVA34L files=2175/2181 rows=62197493
BATCH_PROGRESS statistics/CROX.OPT job=OPRA-20260914-BGCVAVA34L files=2181/2181 rows=62459197
COMPLETED_BATCH statistics/CROX.OPT job=OPRA-20260914-BGCVAVA34L published=2181 no_data=37
ONBOARDING OPRA.PILLAR/status 2024-07-17 to 2026-09-12
BATCH_SCAN status/CROX.OPT verified_existing=0 verified_no_data=0 missing=563
WAITING_BATCH job=OPRA-20260914-UEPVQ987D8 state=done progress=100
IGNORED_UNAVAILABLE_BATCH_FILES status/CROX.OPT job=OPRA-20260914-UEPVQ987D8 files=1
DOWNLOADING_BATCH status/CROX.OPT job=OPRA-20260914-UEPVQ987D8 files=493 bytes=37311227
FAILED status/batch OpraSyncError: Databento OPRA batch file failed canonical publication: opra-pillar-20240725.status.dbn.zst: OpraSyncError: Databento partition contains duplicate natural keys
Traceback (most recent call last):
  File "C:\dev\ducketz\datafetching\databento_opra_history.py", line 1592, in _execute_batch_job_state
    manifest = _download_partition(
        client,
    ...<11 lines>...
        },
    )
  File "C:\dev\ducketz\datafetching\databento_opra_history.py", line 2355, in _download_partition
    raise OpraSyncError("Databento partition contains duplicate natural keys")
datafetching.databento_opra_history.OpraSyncError: Databento partition contains duplicate natural keys

The above exception was the direct cause of the following exception:

Traceback (most recent call last):
  File "<frozen runpy>", line 198, in _run_module_as_main
  File "<frozen runpy>", line 88, in _run_code
  File "C:\dev\ducketz\datafetching\research_onboarding.py", line 431, in <module>
    root = Path(batch['datastore_root'])
                     ^^^^^^
  File "C:\dev\ducketz\datafetching\research_onboarding.py", line 413, in main
    or receipt.get('manifest_sha256') != file_checksum(run/'manifest.json')
                          ^^^^^^^^^^^^^^^^^^^^^^^^^^^^^^^^^^^^^^^^^^^^^^^^^
  File "C:\dev\ducketz\datafetching\research_onboarding.py", line 223, in fetch_batch
  File "C:\dev\ducketz\datafetching\symbol_onboarding.py", line 251, in fetch_plan
    _execute_opra_entry(client, datastore_root=root, request=request, manifest_id=plan["plan_id"],
    ~~~~~~~~~~~~~~~~~~~^^^^^^^^^^^^^^^^^^^^^^^^^^^^^^^^^^^^^^^^^^^^^^^^^^^^^^^^^^^^^^^^^^^^^^^^^^^
        reporter=print, preflight_estimate=estimate, available_free_bytes=shutil.disk_usage(root).free)
        ^^^^^^^^^^^^^^^^^^^^^^^^^^^^^^^^^^^^^^^^^^^^^^^^^^^^^^^^^^^^^^^^^^^^^^^^^^^^^^^^^^^^^^^^^^^^^^^
  File "C:\dev\ducketz\datafetching\databento_cold_start.py", line 1300, in _execute_opra_entry
    result = synchronize_opra(
        client,
    ...<12 lines>...
        refresh_health=False,
    )
  File "C:\dev\ducketz\datafetching\databento_opra_history.py", line 390, in synchronize
    progress = _execute_batch_aware_plan(
        client,
    ...<5 lines>...
        fail_fast=fail_fast,
    )
  File "C:\dev\ducketz\datafetching\databento_opra_history.py", line 528, in _execute_batch_aware_plan
    current = _synchronize_daily_batch(
        client,
    ...<5 lines>...
        reporter=reporter,
    )
  File "C:\dev\ducketz\datafetching\databento_opra_history.py", line 1161, in _synchronize_daily_batch
    resumed = _execute_batch_job_state(
        client,
    ...<7 lines>...
        reporter=reporter,
    )
  File "C:\dev\ducketz\datafetching\databento_opra_history.py", line 1608, in _execute_batch_job_state
    raise OpraSyncError(
    ...<2 lines>...
    ) from exc
datafetching.databento_opra_history.OpraSyncError: Databento OPRA batch file failed canonical publication: opra-pillar-20240725.status.dbn.zst: OpraSyncError: Databento partition contains duplicate natural keys
