PREFETCH CROX/trades job=OPRA-20260914-GBLF7RWDDK files=249
CACHED CROX/trades files=249
PREFETCH PATH/definition job=OPRA-20260914-LG5ANLBF77 files=1348
CACHED PATH/definition files=1348
PREFETCH PATH/ohlcv-1h job=OPRA-20260914-UVHSMCPPKJ files=1348
CACHED PATH/ohlcv-1h files=1348
PREFETCH PATH/cbbo-1m job=OPRA-20260914-P5YPDTEMFV files=249
CACHED PATH/cbbo-1m files=249
PREFETCH PATH/ohlcv-1s job=OPRA-20260914-GAKYKBY3WQ files=1348
CACHED PATH/ohlcv-1s files=1348
PREFETCH PATH/ohlcv-1m job=OPRA-20260914-ATVN94JESA files=1348
CACHED PATH/ohlcv-1m files=1348
PREFETCH PATH/ohlcv-1d job=OPRA-20260914-6U3A37KW77 files=1348
CACHED PATH/ohlcv-1d files=1348
PREFETCH PATH/statistics job=OPRA-20260914-BUSXGMJW8U files=1348
CACHED PATH/statistics files=1348
PREFETCH PATH/status job=OPRA-20260914-59U8NW3SA4 files=493
CACHED PATH/status files=493
PREFETCH PATH/tcbbo job=OPRA-20260914-R7BMLQYH95 files=249
CACHED PATH/tcbbo files=249
PREFETCH PATH/trades job=OPRA-20260914-YXW8SUBRVL files=249
CACHED PATH/trades files=249
PREFETCH TWST/definition job=OPRA-20260914-KFMMSWGN9S files=1805
CACHED TWST/definition files=1805
PREFETCH TWST/ohlcv-1h job=OPRA-20260914-KPQLXAH45L files=1736
CACHED TWST/ohlcv-1h files=1736
PREFETCH TWST/cbbo-1m job=OPRA-20260914-7KU7EKELCG files=249
CACHED TWST/cbbo-1m files=249
PREFETCH TWST/ohlcv-1s job=OPRA-20260914-CCMTFUX7G5 files=1736
CACHED TWST/ohlcv-1s files=1736
PREFETCH TWST/ohlcv-1m job=OPRA-20260914-HM6BGD3ATP files=1736
CACHED TWST/ohlcv-1m files=1736
PREFETCH TWST/ohlcv-1d job=OPRA-20260914-PNW7HB5DH5 files=1736
CACHED TWST/ohlcv-1d files=1736
PREFETCH TWST/statistics job=OPRA-20260914-VBUW5B7YTY files=1805
CACHED TWST/statistics files=1805
PREFETCH TWST/status job=OPRA-20260914-XHMWEQLBHF files=493
CACHED TWST/status files=493
PREFETCH TWST/tcbbo job=OPRA-20260914-G48UQ8CJBV files=249
CACHED TWST/tcbbo files=249
PREFETCH TWST/trades job=OPRA-20260914-LWSFVNYUVW files=249
CACHED TWST/trades files=249
PREFETCH IONQ/definition job=OPRA-20260914-PDM5Y5RGTK files=1239
CACHED IONQ/definition files=1239
PREFETCH IONQ/ohlcv-1h job=OPRA-20260914-KA8QVGY3JH files=1239
CACHED IONQ/ohlcv-1h files=1239
PREFETCH IONQ/cbbo-1m job=OPRA-20260914-CTHA3CKY33 files=249
CACHED IONQ/cbbo-1m files=249
PREFETCH IONQ/ohlcv-1s job=OPRA-20260914-S8PGYNU6VL files=1239
CACHED IONQ/ohlcv-1s files=1239
PREFETCH IONQ/ohlcv-1m job=OPRA-20260914-JHTJAPFUGB files=1239
CACHED IONQ/ohlcv-1m files=1239
PREFETCH IONQ/ohlcv-1d job=OPRA-20260914-4APXL4DVBP files=1239
CACHED IONQ/ohlcv-1d files=1239
PREFETCH IONQ/statistics job=OPRA-20260914-WGJ6PGEFR5 files=1239
CACHED IONQ/statistics files=1239
PREFETCH IONQ/status job=OPRA-20260914-7VQAY6FFF9 files=493
CACHED IONQ/status files=493
PREFETCH IONQ/tcbbo job=OPRA-20260914-SG99KA865P files=249
CACHED IONQ/tcbbo files=249
PREFETCH IONQ/trades job=OPRA-20260914-RYE3T4BW69 files=249
CACHED IONQ/trades files=249
