BATCH_FALLBACK_RESUMED job_id=XNAS-20260914-6LSPSP4RFW
BATCH_FALLBACK_RESUMED job_id=XNAS-20260914-4DE6GWDMSF
BATCH_FALLBACK_RESUMED job_id=XNAS-20260914-8RS6YVN8JQ
BATCH_FALLBACK_RESUMED job_id=XNAS-20260914-QGU7JBSN8H
BATCH_FALLBACK_RESUMED job_id=XNAS-20260914-BYXVYSVFMA
BATCH_FALLBACK_RESUMED job_id=XNAS-20260914-CY4VJGUAJE
BATCH_FALLBACK_RESUMED job_id=XNAS-20260914-6N7KJK8TC8
BATCH_FALLBACK_RESUMED job_id=XNAS-20260914-NFU499CRAE
BATCH_FALLBACK_RESUMED job_id=XNAS-20260914-9XQFKJTEHM
BATCH_FALLBACK_RESUMED job_id=XNAS-20260914-95STNJ4FQR
BATCH_FALLBACK_RESUMED job_id=XNAS-20260914-7K94R5EH58
BATCH_FALLBACK_RESUMED job_id=XNAS-20260914-S6B5DL5W6B
BATCH_FALLBACK_RESUMED job_id=XNAS-20260914-5GQY54GDSX
BATCH_FALLBACK_RESUMED job_id=XNAS-20260914-TGAJ6CNSFK
BATCH_FALLBACK_RESUMED job_id=XNAS-20260914-PFEGJTLVVN
BATCH_FALLBACK_RESUMED job_id=XNAS-20260914-RY9NSX47Q7
BATCH_FALLBACK_RESUMED job_id=XNAS-20260914-PJTNWQSXVA
BATCH_FALLBACK_RESUMED job_id=XNAS-20260914-G7N8CF63TT
BATCH_FALLBACK_RESUMED job_id=XNAS-20260914-A39MHAFFEJ
BATCH_FALLBACK_RESUMED job_id=XNAS-20260914-JNH9JNL5CW
BATCH_FALLBACK_RESUMED job_id=XNAS-20260914-BGHTUAJAEM
BATCH_FALLBACK_RESUMED job_id=XNAS-20260914-W7BYXFDYPW
BATCH_FALLBACK_RESUMED job_id=XNAS-20260914-JYPXGFR3HF
BATCH_FALLBACK_RESUMED job_id=XNAS-20260914-383M4ETWHA
BATCH_FALLBACK_RESUMED job_id=XNAS-20260914-V6RV9E3K5V
BATCH_FALLBACK_RESUMED job_id=XNAS-20260914-9HPTWQDWU7
BATCH_FALLBACK_RESUMED job_id=XNAS-20260914-347YEGNX9P
BATCH_FALLBACK_RESUMED job_id=XNAS-20260914-QNP6W383PX
BATCH_FALLBACK_RESUMED job_id=XNAS-20260914-H47Y7RWLJW
BATCH_FALLBACK_RESUMED job_id=XNAS-20260914-HAJMTDYBX8
BATCH_FALLBACK_RESUMED job_id=XNAS-20260914-QQCB9YBFC6
BATCH_FALLBACK_RESUMED job_id=XNAS-20260914-3VWHHUXE6G
BATCH_FALLBACK_RESUMED job_id=XNAS-20260914-F3WV57QAP9
BATCH_FALLBACK_RESUMED job_id=XNAS-20260914-SCJ9W7AEGX
BATCH_FALLBACK_RESUMED job_id=XNAS-20260914-X9NG9M5NKD
BATCH_FALLBACK_RESUMED job_id=XNAS-20260914-EUHR5NUETE
BATCH_FALLBACK_RESUMED job_id=XNAS-20260914-ULVTRARV9M
BATCH_FALLBACK_RESUMED job_id=XNAS-20260914-JRA8KMW6ES
BATCH_FALLBACK_RESUMED job_id=XNAS-20260914-CEJPVRY5G6
BATCH_FALLBACK_RESUMED job_id=XNAS-20260914-48VDCAXFV3
BATCH_FALLBACK_RESUMED job_id=XNAS-20260914-6VF5Y9N5JD
BATCH_FALLBACK_RESUMED job_id=XNAS-20260914-9TXDSHDDD3
BATCH_FALLBACK_RESUMED job_id=XNAS-20260914-WSRPRSR5QD
BATCH_FALLBACK_RESUMED job_id=XNAS-20260914-V6Y66AK3QD
BATCH_FALLBACK_RESUMED job_id=XNAS-20260914-NCKKV7P4GB
BATCH_FALLBACK_RESUMED job_id=XNAS-20260914-VDMHH7KW55
BATCH_FALLBACK_RESUMED job_id=XNAS-20260914-BPP7H4A4ML
BATCH_FALLBACK_RESUMED job_id=XNAS-20260914-3WVX45KSK4
BATCH_FALLBACK_RESUMED job_id=XNAS-20260914-T86XBE5R3P
BATCH_FALLBACK_RESUMED job_id=XNAS-20260914-MWN8V9LDWB
BATCH_FALLBACK_RESUMED job_id=XNAS-20260914-T6QQYVM3E7
BATCH_FALLBACK_RESUMED job_id=XNAS-20260914-WNUAT5WEXK
BATCH_FALLBACK_RESUMED job_id=XNAS-20260914-4LLAQFXNSY
BATCH_FALLBACK_RESUMED job_id=XNAS-20260914-WC4TELWEEH
BATCH_FALLBACK_RESUMED job_id=XNAS-20260914-5B9GNGRYEK
BATCH_FALLBACK_RESUMED job_id=XNAS-20260914-65KY8VYWTE
ONBOARDING OPRA.PILLAR/definition 2018-01-01 to 2026-09-12
BATCH_SCAN definition/CROX.OPT verified_existing=2181 verified_no_data=37 missing=0
ONBOARDING OPRA.PILLAR/ohlcv-1h 2018-01-01 to 2026-09-12
BATCH_SCAN ohlcv-1h/CROX.OPT verified_existing=2181 verified_no_data=37 missing=0
ONBOARDING OPRA.PILLAR/cbbo-1m 2025-09-14 to 2026-09-12
BATCH_SCAN cbbo-1m/CROX.OPT verified_existing=249 verified_no_data=10 missing=0
ONBOARDING OPRA.PILLAR/ohlcv-1s 2018-01-01 to 2026-09-12
BATCH_SCAN ohlcv-1s/CROX.OPT verified_existing=2181 verified_no_data=37 missing=0
ONBOARDING OPRA.PILLAR/ohlcv-1m 2018-01-01 to 2026-09-12
BATCH_SCAN ohlcv-1m/CROX.OPT verified_existing=2181 verified_no_data=37 missing=0
ONBOARDING OPRA.PILLAR/ohlcv-1d 2018-01-01 to 2026-09-12
BATCH_SCAN ohlcv-1d/CROX.OPT verified_existing=2181 verified_no_data=37 missing=0
ONBOARDING OPRA.PILLAR/statistics 2018-01-01 to 2026-09-12
BATCH_SCAN statistics/CROX.OPT verified_existing=2181 verified_no_data=37 missing=0
ONBOARDING OPRA.PILLAR/status 2024-07-17 to 2026-09-12
BATCH_SCAN status/CROX.OPT verified_existing=493 verified_no_data=70 missing=0
ONBOARDING OPRA.PILLAR/tcbbo 2025-09-14 to 2026-09-12
BATCH_SCAN tcbbo/CROX.OPT verified_existing=249 verified_no_data=10 missing=0
ONBOARDING OPRA.PILLAR/cbbo-1s 2025-09-14 to 2026-09-12
VERIFIED_EXISTING cbbo-1s/2025-09-15
VERIFIED_EXISTING cbbo-1s/2025-09-16
VERIFIED_EXISTING cbbo-1s/2025-09-17
VERIFIED_EXISTING cbbo-1s/2025-09-18
VERIFIED_EXISTING cbbo-1s/2025-09-19
VERIFIED_EXISTING cbbo-1s/2025-09-22
VERIFIED_EXISTING cbbo-1s/2025-09-23
VERIFIED_EXISTING cbbo-1s/2025-09-24
VERIFIED_EXISTING cbbo-1s/2025-09-25
VERIFIED_EXISTING cbbo-1s/2025-09-26
VERIFIED_EXISTING cbbo-1s/2025-09-29
VERIFIED_EXISTING cbbo-1s/2025-09-30
VERIFIED_EXISTING cbbo-1s/2025-10-01
VERIFIED_EXISTING cbbo-1s/2025-10-02
VERIFIED_EXISTING cbbo-1s/2025-10-03
VERIFIED_EXISTING cbbo-1s/2025-10-06
VERIFIED_EXISTING cbbo-1s/2025-10-07
VERIFIED_EXISTING cbbo-1s/2025-10-08
VERIFIED_EXISTING cbbo-1s/2025-10-09
VERIFIED_EXISTING cbbo-1s/2025-10-10
VERIFIED_EXISTING cbbo-1s/2025-10-13
VERIFIED_EXISTING cbbo-1s/2025-10-14
VERIFIED_EXISTING cbbo-1s/2025-10-15
VERIFIED_EXISTING cbbo-1s/2025-10-16
VERIFIED_EXISTING cbbo-1s/2025-10-17
VERIFIED_EXISTING cbbo-1s/2025-10-20
VERIFIED_EXISTING cbbo-1s/2025-10-21
VERIFIED_EXISTING cbbo-1s/2025-10-23
VERIFIED_EXISTING cbbo-1s/2025-10-24
VERIFIED_EXISTING cbbo-1s/2025-10-27
VERIFIED_EXISTING cbbo-1s/2025-10-28
VERIFIED_EXISTING cbbo-1s/2025-10-29
VERIFIED_EXISTING cbbo-1s/2025-10-30
VERIFIED_EXISTING cbbo-1s/2025-10-31
VERIFIED_EXISTING cbbo-1s/2025-11-03
VERIFIED_EXISTING cbbo-1s/2025-11-04
VERIFIED_EXISTING cbbo-1s/2025-11-05
VERIFIED_EXISTING cbbo-1s/2025-11-06
VERIFIED_EXISTING cbbo-1s/2025-11-07
VERIFIED_EXISTING cbbo-1s/2025-11-10
VERIFIED_EXISTING cbbo-1s/2025-11-11
VERIFIED_EXISTING cbbo-1s/2025-11-12
VERIFIED_EXISTING cbbo-1s/2025-11-13
VERIFIED_EXISTING cbbo-1s/2025-11-14
VERIFIED_EXISTING cbbo-1s/2025-11-17
VERIFIED_EXISTING cbbo-1s/2025-11-18
VERIFIED_EXISTING cbbo-1s/2025-11-19
VERIFIED_EXISTING cbbo-1s/2025-11-20
VERIFIED_EXISTING cbbo-1s/2025-11-21
VERIFIED_EXISTING cbbo-1s/2025-11-24
VERIFIED_EXISTING cbbo-1s/2025-11-25
VERIFIED_EXISTING cbbo-1s/2025-11-26
NO_DATA cbbo-1s/2025-11-27 provider returned no resolvable parent-symbol data
PUBLISHED cbbo-1s/2025-11-28 rows=823809 bytes=8132957
PUBLISHED cbbo-1s/2025-12-01 rows=1637805 bytes=16294381
PUBLISHED cbbo-1s/2025-12-02 rows=1714391 bytes=16220220
PUBLISHED cbbo-1s/2025-12-03 rows=1946706 bytes=19450559
PUBLISHED cbbo-1s/2025-12-04 rows=1806491 bytes=17667668
PUBLISHED cbbo-1s/2025-12-05 rows=1854221 bytes=18360133
PUBLISHED cbbo-1s/2025-12-08 rows=2074525 bytes=20832051
PUBLISHED cbbo-1s/2025-12-09 rows=1868914 bytes=18003981
PUBLISHED cbbo-1s/2025-12-10 rows=1991643 bytes=19456121
PUBLISHED cbbo-1s/2025-12-11 rows=2218176 bytes=21645002
PUBLISHED cbbo-1s/2025-12-12 rows=2211578 bytes=22262472
PUBLISHED cbbo-1s/2025-12-15 rows=1945923 bytes=18992154
PUBLISHED cbbo-1s/2025-12-16 rows=1878390 bytes=18448077
PUBLISHED cbbo-1s/2025-12-17 rows=2032180 bytes=19895868
PUBLISHED cbbo-1s/2025-12-18 rows=1835127 bytes=17987930
PUBLISHED cbbo-1s/2025-12-19 rows=1897093 bytes=19045724
PUBLISHED cbbo-1s/2025-12-22 rows=1907683 bytes=18679639
PUBLISHED cbbo-1s/2025-12-23 rows=1640734 bytes=15700960
PUBLISHED cbbo-1s/2025-12-24 rows=1020716 bytes=9566903
NO_DATA cbbo-1s/2025-12-25 provider returned no resolvable parent-symbol data
PUBLISHED cbbo-1s/2025-12-26 rows=1797123 bytes=17157252
PUBLISHED cbbo-1s/2025-12-29 rows=1987660 bytes=19797487
PUBLISHED cbbo-1s/2025-12-30 rows=1559126 bytes=14981570
PUBLISHED cbbo-1s/2025-12-31 rows=1355522 bytes=12856708
NO_DATA cbbo-1s/2026-01-01 provider returned no resolvable parent-symbol data
PUBLISHED cbbo-1s/2026-01-02 rows=1547266 bytes=14871064
PUBLISHED cbbo-1s/2026-01-05 rows=1738095 bytes=17060346
PUBLISHED cbbo-1s/2026-01-06 rows=1419752 bytes=14064032
PUBLISHED cbbo-1s/2026-01-07 rows=1594590 bytes=15772926
PUBLISHED cbbo-1s/2026-01-08 rows=1500177 bytes=14537560
PUBLISHED cbbo-1s/2026-01-09 rows=1200105 bytes=11766779
PUBLISHED cbbo-1s/2026-01-12 rows=1329192 bytes=13064188
PUBLISHED cbbo-1s/2026-01-13 rows=1210102 bytes=11918910
PUBLISHED cbbo-1s/2026-01-14 rows=1036518 bytes=10127829
PUBLISHED cbbo-1s/2026-01-15 rows=1147455 bytes=11198436
PUBLISHED cbbo-1s/2026-01-16 rows=1024200 bytes=10210431
NO_DATA cbbo-1s/2026-01-19 provider returned no resolvable parent-symbol data
PUBLISHED cbbo-1s/2026-01-20 rows=824691 bytes=8174857
PUBLISHED cbbo-1s/2026-01-21 rows=931868 bytes=9190911
PUBLISHED cbbo-1s/2026-01-22 rows=1053281 bytes=10381952
PUBLISHED cbbo-1s/2026-01-23 rows=966272 bytes=9177633
PUBLISHED cbbo-1s/2026-01-26 rows=911211 bytes=8867201
PUBLISHED cbbo-1s/2026-01-27 rows=782656 bytes=7580635
PUBLISHED cbbo-1s/2026-01-28 rows=725779 bytes=6978762
PUBLISHED cbbo-1s/2026-01-29 rows=697598 bytes=6817120
PUBLISHED cbbo-1s/2026-01-30 rows=818255 bytes=7996747
PUBLISHED cbbo-1s/2026-02-02 rows=764805 bytes=7283075
PUBLISHED cbbo-1s/2026-02-03 rows=771100 bytes=7332479
PUBLISHED cbbo-1s/2026-02-04 rows=723017 bytes=7060756
PUBLISHED cbbo-1s/2026-02-05 rows=700105 bytes=6660185
PUBLISHED cbbo-1s/2026-02-06 rows=596205 bytes=5654946
PUBLISHED cbbo-1s/2026-02-09 rows=763777 bytes=6948790
PUBLISHED cbbo-1s/2026-02-10 rows=747400 bytes=7070333
PUBLISHED cbbo-1s/2026-02-11 rows=967217 bytes=9401666
PUBLISHED cbbo-1s/2026-02-12 rows=1398773 bytes=15389838
PUBLISHED cbbo-1s/2026-02-13 rows=1161082 bytes=12041212
NO_DATA cbbo-1s/2026-02-16 provider returned no resolvable parent-symbol data
PUBLISHED cbbo-1s/2026-02-17 rows=1099300 bytes=11113837
PUBLISHED cbbo-1s/2026-02-18 rows=956345 bytes=9488540
PUBLISHED cbbo-1s/2026-02-19 rows=904907 bytes=8879299
PUBLISHED cbbo-1s/2026-02-20 rows=960288 bytes=9588479
PUBLISHED cbbo-1s/2026-02-23 rows=866621 bytes=8516963
PUBLISHED cbbo-1s/2026-02-24 rows=820316 bytes=8013065
PUBLISHED cbbo-1s/2026-02-25 rows=873988 bytes=8636007
PUBLISHED cbbo-1s/2026-02-26 rows=831868 bytes=7985351
PUBLISHED cbbo-1s/2026-02-27 rows=883866 bytes=8709293
PUBLISHED cbbo-1s/2026-03-02 rows=865035 bytes=8623682
PUBLISHED cbbo-1s/2026-03-03 rows=772587 bytes=7774193
PUBLISHED cbbo-1s/2026-03-04 rows=806773 bytes=8006719
PUBLISHED cbbo-1s/2026-03-05 rows=754328 bytes=7625685
