BATCH_FALLBACK_SUBMITTED job_id=XNAS-20260914-6LSPSP4RFW
BATCH_FALLBACK_SUBMITTED job_id=XNAS-20260914-4DE6GWDMSF
BATCH_FALLBACK_SUBMITTED job_id=XNAS-20260914-8RS6YVN8JQ
BATCH_FALLBACK_SUBMITTED job_id=XNAS-20260914-QGU7JBSN8H
BATCH_FALLBACK_SUBMITTED job_id=XNAS-20260914-BYXVYSVFMA
BATCH_FALLBACK_SUBMITTED job_id=XNAS-20260914-CY4VJGUAJE
BATCH_FALLBACK_SUBMITTED job_id=XNAS-20260914-6N7KJK8TC8
BATCH_FALLBACK_SUBMITTED job_id=XNAS-20260914-NFU499CRAE
BATCH_FALLBACK_SUBMITTED job_id=XNAS-20260914-9XQFKJTEHM
BATCH_FALLBACK_SUBMITTED job_id=XNAS-20260914-95STNJ4FQR
BATCH_FALLBACK_SUBMITTED job_id=XNAS-20260914-7K94R5EH58
BATCH_FALLBACK_SUBMITTED job_id=XNAS-20260914-S6B5DL5W6B
BATCH_FALLBACK_SUBMITTED job_id=XNAS-20260914-5GQY54GDSX
BATCH_FALLBACK_SUBMITTED job_id=XNAS-20260914-TGAJ6CNSFK
BATCH_FALLBACK_SUBMITTED job_id=XNAS-20260914-PFEGJTLVVN
BATCH_FALLBACK_SUBMITTED job_id=XNAS-20260914-RY9NSX47Q7
BATCH_FALLBACK_SUBMITTED job_id=XNAS-20260914-PJTNWQSXVA
BATCH_FALLBACK_SUBMITTED job_id=XNAS-20260914-G7N8CF63TT
BATCH_FALLBACK_SUBMITTED job_id=XNAS-20260914-A39MHAFFEJ
BATCH_FALLBACK_SUBMITTED job_id=XNAS-20260914-JNH9JNL5CW
BATCH_FALLBACK_SUBMITTED job_id=XNAS-20260914-BGHTUAJAEM
BATCH_FALLBACK_SUBMITTED job_id=XNAS-20260914-W7BYXFDYPW
BATCH_FALLBACK_SUBMITTED job_id=XNAS-20260914-JYPXGFR3HF
BATCH_FALLBACK_SUBMITTED job_id=XNAS-20260914-383M4ETWHA
BATCH_FALLBACK_SUBMITTED job_id=XNAS-20260914-V6RV9E3K5V
BATCH_FALLBACK_SUBMITTED job_id=XNAS-20260914-9HPTWQDWU7
BATCH_FALLBACK_SUBMITTED job_id=XNAS-20260914-347YEGNX9P
BATCH_FALLBACK_SUBMITTED job_id=XNAS-20260914-QNP6W383PX
BATCH_FALLBACK_SUBMITTED job_id=XNAS-20260914-H47Y7RWLJW
BATCH_FALLBACK_SUBMITTED job_id=XNAS-20260914-HAJMTDYBX8
BATCH_FALLBACK_SUBMITTED job_id=XNAS-20260914-QQCB9YBFC6
BATCH_FALLBACK_SUBMITTED job_id=XNAS-20260914-3VWHHUXE6G
BATCH_FALLBACK_SUBMITTED job_id=XNAS-20260914-F3WV57QAP9
BATCH_FALLBACK_SUBMITTED job_id=XNAS-20260914-SCJ9W7AEGX
BATCH_FALLBACK_SUBMITTED job_id=XNAS-20260914-X9NG9M5NKD
BATCH_FALLBACK_SUBMITTED job_id=XNAS-20260914-EUHR5NUETE
BATCH_FALLBACK_SUBMITTED job_id=XNAS-20260914-ULVTRARV9M
BATCH_FALLBACK_SUBMITTED job_id=XNAS-20260914-JRA8KMW6ES
BATCH_FALLBACK_SUBMITTED job_id=XNAS-20260914-CEJPVRY5G6
BATCH_FALLBACK_SUBMITTED job_id=XNAS-20260914-48VDCAXFV3
BATCH_FALLBACK_SUBMITTED job_id=XNAS-20260914-6VF5Y9N5JD
BATCH_FALLBACK_SUBMITTED job_id=XNAS-20260914-9TXDSHDDD3
BATCH_FALLBACK_SUBMITTED job_id=XNAS-20260914-WSRPRSR5QD
BATCH_FALLBACK_SUBMITTED job_id=XNAS-20260914-V6Y66AK3QD
BATCH_FALLBACK_SUBMITTED job_id=XNAS-20260914-NCKKV7P4GB
BATCH_FALLBACK_SUBMITTED job_id=XNAS-20260914-VDMHH7KW55
BATCH_FALLBACK_SUBMITTED job_id=XNAS-20260914-BPP7H4A4ML
BATCH_FALLBACK_SUBMITTED job_id=XNAS-20260914-3WVX45KSK4
BATCH_FALLBACK_SUBMITTED job_id=XNAS-20260914-T86XBE5R3P
BATCH_FALLBACK_SUBMITTED job_id=XNAS-20260914-MWN8V9LDWB
BATCH_FALLBACK_SUBMITTED job_id=XNAS-20260914-T6QQYVM3E7
BATCH_FALLBACK_SUBMITTED job_id=XNAS-20260914-WNUAT5WEXK
BATCH_FALLBACK_SUBMITTED job_id=XNAS-20260914-4LLAQFXNSY
BATCH_FALLBACK_SUBMITTED job_id=XNAS-20260914-WC4TELWEEH
BATCH_FALLBACK_SUBMITTED job_id=XNAS-20260914-5B9GNGRYEK
BATCH_FALLBACK_SUBMITTED job_id=XNAS-20260914-65KY8VYWTE
{"plan_id": "df613ade510b2775a99c051abf8472367e2c70208e13c1eacce8bad4c577d487", "prepared_at": "2026-09-14T03:54:01.083890+00:00", "jobs": [{"symbol": "CROX", "schema": "ohlcv-1s", "request_id": "0d7e49251cd82a6b1ce49a49", "job_id": "XNAS-20260914-6LSPSP4RFW"}, {"symbol": "CROX", "schema": "ohlcv-1m", "request_id": "a6bf038a84f55005194eb98d", "job_id": "XNAS-20260914-4DE6GWDMSF"}, {"symbol": "CROX", "schema": "ohlcv-1h", "request_id": "d79c51e979520380265eadea", "job_id": "XNAS-20260914-8RS6YVN8JQ"}, {"symbol": "CROX", "schema": "ohlcv-1d", "request_id": "c082e1fa05ba68f98a27140d", "job_id": "XNAS-20260914-QGU7JBSN8H"}, {"symbol": "CROX", "schema": "definition", "request_id": "37261501856209ce25f69688", "job_id": "XNAS-20260914-BYXVYSVFMA"}, {"symbol": "CROX", "schema": "statistics", "request_id": "cf8e1b1c181d620a9ee50fc5", "job_id": "XNAS-20260914-CY4VJGUAJE"}, {"symbol": "CROX", "schema": "status", "request_id": "e746754c0580e45a47c31a5b", "job_id": "XNAS-20260914-6N7KJK8TC8"}, {"symbol": "CROX", "schema": "tbbo", "request_id": "a4745b1556e080fc2ec21cac", "job_id": "XNAS-20260914-NFU499CRAE"}, {"symbol": "CROX", "schema": "bbo-1s", "request_id": "db9e886d11abf5e0b00eb9bf", "job_id": "XNAS-20260914-9XQFKJTEHM"}, {"symbol": "CROX", "schema": "bbo-1m", "request_id": "8c72756c36e7711211e07ac1", "job_id": "XNAS-20260914-95STNJ4FQR"}, {"symbol": "CROX", "schema": "trades", "request_id": "f75cb7558a835d2ead68b0a0", "job_id": "XNAS-20260914-7K94R5EH58"}, {"symbol": "CROX", "schema": "mbp-10", "request_id": "4ba93a5cb285c6f7912dd429", "job_id": "XNAS-20260914-S6B5DL5W6B"}, {"symbol": "CROX", "schema": "mbo", "request_id": "e68d7829b38d00554dd451e5", "job_id": "XNAS-20260914-5GQY54GDSX"}, {"symbol": "CROX", "schema": "imbalance", "request_id": "0eabedd493706e3bb6a27fc7", "job_id": "XNAS-20260914-TGAJ6CNSFK"}, {"symbol": "PATH", "schema": "ohlcv-1s", "request_id": "be8da8e8050d18d56aa1c45e", "job_id": "XNAS-20260914-PFEGJTLVVN"}, {"symbol": "PATH", "schema": "ohlcv-1m", "request_id": "e832edc573ce2123d88a38a0", "job_id": "XNAS-20260914-RY9NSX47Q7"}, {"symbol": "PATH", "schema": "ohlcv-1h", "request_id": "087350bd37bc0401bb0ff58a", "job_id": "XNAS-20260914-PJTNWQSXVA"}, {"symbol": "PATH", "schema": "ohlcv-1d", "request_id": "250d808825adc073a52df4b3", "job_id": "XNAS-20260914-G7N8CF63TT"}, {"symbol": "PATH", "schema": "definition", "request_id": "baf36c0447b504a32269d547", "job_id": "XNAS-20260914-A39MHAFFEJ"}, {"symbol": "PATH", "schema": "statistics", "request_id": "246977abfceb6d140ef6dfc4", "job_id": "XNAS-20260914-JNH9JNL5CW"}, {"symbol": "PATH", "schema": "status", "request_id": "676808b00bb81b2cac063efe", "job_id": "XNAS-20260914-BGHTUAJAEM"}, {"symbol": "PATH", "schema": "tbbo", "request_id": "4cf633252ee6fce079b191d1", "job_id": "XNAS-20260914-W7BYXFDYPW"}, {"symbol": "PATH", "schema": "bbo-1s", "request_id": "bfa5c7c32474c1d63c3c43a9", "job_id": "XNAS-20260914-JYPXGFR3HF"}, {"symbol": "PATH", "schema": "bbo-1m", "request_id": "cea2d1c96f344115171db0d0", "job_id": "XNAS-20260914-383M4ETWHA"}, {"symbol": "PATH", "schema": "trades", "request_id": "e69b094da97c5acf411e2436", "job_id": "XNAS-20260914-V6RV9E3K5V"}, {"symbol": "PATH", "schema": "mbp-10", "request_id": "ede47c89fc9b0674995765db", "job_id": "XNAS-20260914-9HPTWQDWU7"}, {"symbol": "PATH", "schema": "mbo", "request_id": "aa4b992ace4f18f56828d3cc", "job_id": "XNAS-20260914-347YEGNX9P"}, {"symbol": "PATH", "schema": "imbalance", "request_id": "b2cc9c00b76fd2813be76784", "job_id": "XNAS-20260914-QNP6W383PX"}, {"symbol": "TWST", "schema": "ohlcv-1s", "request_id": "543f3ade9bc8ba6249e23f02", "job_id": "XNAS-20260914-H47Y7RWLJW"}, {"symbol": "TWST", "schema": "ohlcv-1m", "request_id": "2eede89e65ee0ac35288ef21", "job_id": "XNAS-20260914-HAJMTDYBX8"}, {"symbol": "TWST", "schema": "ohlcv-1h", "request_id": "56c045a93e896c1873195564", "job_id": "XNAS-20260914-QQCB9YBFC6"}, {"symbol": "TWST", "schema": "ohlcv-1d", "request_id": "5fd970ca4b7b83dc15994bc4", "job_id": "XNAS-20260914-3VWHHUXE6G"}, {"symbol": "TWST", "schema": "definition", "request_id": "4150b837a8eaefaf65ac872a", "job_id": "XNAS-20260914-F3WV57QAP9"}, {"symbol": "TWST", "schema": "statistics", "request_id": "005b355356eeac597009f8c9", "job_id": "XNAS-20260914-SCJ9W7AEGX"}, {"symbol": "TWST", "schema": "status", "request_id": "fb5bdad6bb636e1a177cb7d8", "job_id": "XNAS-20260914-X9NG9M5NKD"}, {"symbol": "TWST", "schema": "tbbo", "request_id": "b53e4fc9e77366dbfef18b14", "job_id": "XNAS-20260914-EUHR5NUETE"}, {"symbol": "TWST", "schema": "bbo-1s", "request_id": "f3ebcdee5abeb0bf39364642", "job_id": "XNAS-20260914-ULVTRARV9M"}, {"symbol": "TWST", "schema": "bbo-1m", "request_id": "720874a1a0b771bf5bd810fa", "job_id": "XNAS-20260914-JRA8KMW6ES"}, {"symbol": "TWST", "schema": "trades", "request_id": "b19f3c61d5aafbde8b4ab8c2", "job_id": "XNAS-20260914-CEJPVRY5G6"}, {"symbol": "TWST", "schema": "mbp-10", "request_id": "6d297e2a82ede5f3f23de541", "job_id": "XNAS-20260914-48VDCAXFV3"}, {"symbol": "TWST", "schema": "mbo", "request_id": "5eb93d49c9497056e014db15", "job_id": "XNAS-20260914-6VF5Y9N5JD"}, {"symbol": "TWST", "schema": "imbalance", "request_id": "c8c0cdf85847755b109f2e30", "job_id": "XNAS-20260914-9TXDSHDDD3"}, {"symbol": "IONQ", "schema": "ohlcv-1s", "request_id": "cfffcda88013e3ec224c2c05", "job_id": "XNAS-20260914-WSRPRSR5QD"}, {"symbol": "IONQ", "schema": "ohlcv-1m", "request_id": "a56fc691e47d5a455efebe92", "job_id": "XNAS-20260914-V6Y66AK3QD"}, {"symbol": "IONQ", "schema": "ohlcv-1h", "request_id": "a167b4cc57c102b0b6f9f9de", "job_id": "XNAS-20260914-NCKKV7P4GB"}, {"symbol": "IONQ", "schema": "ohlcv-1d", "request_id": "8985aff01a00704cc7bf1c54", "job_id": "XNAS-20260914-VDMHH7KW55"}, {"symbol": "IONQ", "schema": "definition", "request_id": "33fe029b1143819cc81f092c", "job_id": "XNAS-20260914-BPP7H4A4ML"}, {"symbol": "IONQ", "schema": "statistics", "request_id": "c38ed5617b3a7ed0a53f6232", "job_id": "XNAS-20260914-3WVX45KSK4"}, {"symbol": "IONQ", "schema": "status", "request_id": "c8a6883a27e1cfd57dc1763d", "job_id": "XNAS-20260914-T86XBE5R3P"}, {"symbol": "IONQ", "schema": "tbbo", "request_id": "1447ed9f73cdedc029848275", "job_id": "XNAS-20260914-MWN8V9LDWB"}, {"symbol": "IONQ", "schema": "bbo-1s", "request_id": "e39847dba9b0a00bd7047aaa", "job_id": "XNAS-20260914-T6QQYVM3E7"}, {"symbol": "IONQ", "schema": "bbo-1m", "request_id": "199ce445384d49609d13b5c1", "job_id": "XNAS-20260914-WNUAT5WEXK"}, {"symbol": "IONQ", "schema": "trades", "request_id": "3a287944e849d5c93ed319e0", "job_id": "XNAS-20260914-4LLAQFXNSY"}, {"symbol": "IONQ", "schema": "mbp-10", "request_id": "5e98b111111e7f73ecd1cba4", "job_id": "XNAS-20260914-WC4TELWEEH"}, {"symbol": "IONQ", "schema": "mbo", "request_id": "cdf0f6730ac2e7c22a336705", "job_id": "XNAS-20260914-5B9GNGRYEK"}, {"symbol": "IONQ", "schema": "imbalance", "request_id": "fbeebf00655fa064465e4654", "job_id": "XNAS-20260914-65KY8VYWTE"}]}
