SEC_HISTORY CROX 50/663
SEC_HISTORY CROX 100/663
SEC_HISTORY CROX 150/663
SEC_HISTORY CROX 200/663
SEC_HISTORY CROX 250/663
SEC_HISTORY CROX 300/663
SEC_HISTORY CROX 350/663
SEC_HISTORY CROX 400/663
SEC_HISTORY CROX 450/663
SEC_HISTORY CROX 500/663
SEC_HISTORY CROX 550/663
SEC_HISTORY CROX 600/663
SEC_HISTORY CROX 650/663
SEC_HISTORY PATH 50/665
SEC_HISTORY PATH 100/665
SEC_HISTORY PATH 150/665
SEC_HISTORY PATH 200/665
SEC_HISTORY PATH 250/665
SEC_HISTORY PATH 300/665
SEC_HISTORY PATH 350/665
SEC_HISTORY PATH 400/665
SEC_HISTORY PATH 450/665
SEC_HISTORY PATH 500/665
SEC_HISTORY PATH 550/665
SEC_HISTORY PATH 600/665
SEC_HISTORY PATH 650/665
SEC_HISTORY TWST 50/1587
SEC_HISTORY TWST 100/1587
SEC_HISTORY TWST 150/1587
SEC_HISTORY TWST 200/1587
SEC_HISTORY TWST 250/1587
SEC_HISTORY TWST 300/1587
SEC_HISTORY TWST 350/1587
SEC_HISTORY TWST 400/1587
SEC_HISTORY TWST 450/1587
SEC_HISTORY TWST 500/1587
SEC_HISTORY TWST 550/1587
SEC_HISTORY TWST 600/1587
SEC_HISTORY TWST 650/1587
SEC_HISTORY TWST 700/1587
SEC_HISTORY TWST 750/1587
SEC_HISTORY TWST 800/1587
SEC_HISTORY TWST 850/1587
SEC_HISTORY TWST 900/1587
SEC_HISTORY TWST 950/1587
SEC_HISTORY TWST 1000/1587
SEC_HISTORY TWST 1050/1587
SEC_HISTORY TWST 1100/1587
SEC_HISTORY TWST 1150/1587
SEC_HISTORY TWST 1200/1587
SEC_HISTORY TWST 1250/1587
SEC_HISTORY TWST 1300/1587
SEC_HISTORY TWST 1350/1587
SEC_HISTORY TWST 1400/1587
SEC_HISTORY TWST 1450/1587
SEC_HISTORY TWST 1500/1587
SEC_HISTORY TWST 1550/1587
SEC_HISTORY IONQ 50/621
SEC_HISTORY IONQ 100/621
SEC_HISTORY IONQ 150/621
SEC_HISTORY IONQ 200/621
SEC_HISTORY IONQ 250/621
SEC_HISTORY IONQ 300/621
SEC_HISTORY IONQ 350/621
SEC_HISTORY IONQ 400/621
SEC_HISTORY IONQ 450/621
SEC_HISTORY IONQ 500/621
SEC_HISTORY IONQ 550/621
SEC_HISTORY IONQ 600/621
{"plan_id": "df613ade510b2775a99c051abf8472367e2c70208e13c1eacce8bad4c577d487", "symbols": ["AAPL", "AMZN", "GOOG", "MU", "NVDA", "SNDK", "COST", "CROX", "PATH", "TWST", "IONQ"], "observed_at": "2026-09-14T11:16:41.084855+00:00", "status": "COMPLETE", "orders_placed": 0, "broker_orders_enabled": false, "recorded_observed_holdings": false}
OVERNIGHT RUNNING gameplan_trade_planning C:\DATASTORE\ml\overnight-runs\20260914T111641.913351Z
OVERNIGHT RUNNING gameplan_trade_planning C:\DATASTORE\ml\overnight-runs\20260914T111641.913351Z
OVERNIGHT RUNNING gameplan_trade_planning C:\DATASTORE\ml\overnight-runs\20260914T111641.913351Z
OVERNIGHT RUNNING gameplan_trade_planning C:\DATASTORE\ml\overnight-runs\20260914T111641.913351Z
OVERNIGHT RUNNING gameplan_trade_planning C:\DATASTORE\ml\overnight-runs\20260914T111641.913351Z
OVERNIGHT RUNNING gameplan_actuals_review C:\DATASTORE\ml\overnight-runs\20260914T111641.913351Z
OVERNIGHT COMPLETE None C:\DATASTORE\ml\overnight-runs\20260914T111641.913351Z
