[COST/databento] fetching...
[databento/archive-bridge] cold archive retained as provenance; operational_dataset=EQUS.MINI; archive_dataset=XNAS.ITCH
[2026-09-06T08:12:20.318533Z] START provider.request name="equities dataset-range metadata" src=databento/dataset-range try=1
[2026-09-06T08:12:20.752156Z] END   provider.request name="equities dataset-range metadata" src=databento/dataset-range try=1 elapsed=433.6ms rows=3 op=fetched status=ok
[COST/databento/source_100d_1m_ohlcv-1m_1m] no stored dataset; requesting configured history
[2026-09-06T08:12:20.752643Z] START provider.request name="COST ohlcv-1m/1m" sym=COST src=databento/ohlcv-1m req=2026-05-28T00:00:00Z..2026-09-05T00:00:00Z try=1
[2026-09-06T08:12:28.546331Z] END   provider.request name="COST ohlcv-1m/1m" sym=COST src=databento/ohlcv-1m req=2026-05-28T00:00:00Z..2026-09-05T00:00:00Z try=1 elapsed=7793.7ms rows=26259 op=fetched status=ok
[COST/databento/source_10d_1s_ohlcv-1s_1s] no stored dataset; requesting configured history
[2026-09-06T08:12:42.707445Z] START provider.request name="COST ohlcv-1s/1s" sym=COST src=databento/ohlcv-1s req=2026-08-26T00:00:00Z..2026-09-05T00:00:00Z try=1
[2026-09-06T08:12:50.767321Z] END   provider.request name="COST ohlcv-1s/1s" sym=COST src=databento/ohlcv-1s req=2026-08-26T00:00:00Z..2026-09-05T00:00:00Z try=1 elapsed=8059.9ms rows=12551 op=fetched status=ok
[COST/databento/source_1825d_1h_ohlcv-1h_1h] no stored dataset; requesting configured history
[2026-09-06T08:12:50.767863Z] START provider.request name="COST ohlcv-1h/1h" sym=COST src=databento/ohlcv-1h req=2023-03-28T00:00:00Z..2026-09-05T00:00:00Z try=1
C:\dev\ducketz\app\services\databento_market_data.py:128: BentoWarning: The streaming request contained one or more days which have reduced quality: 2025-03-24 (degraded), 2025-04-04 (degraded), 2025-05-06 (degraded)... See: https://databento.com/docs/api-reference-historical/metadata/metadata-get-dataset-condition
  store = self._client().timeseries.get_range(dataset=self.dataset, schema=spec.schema, symbols=[clean_symbol], stype_in="raw_symbol", start=selected_range.start.isoformat(), end=selected_range.end.isoformat())
[2026-09-06T08:12:58.097369Z] END   provider.request name="COST ohlcv-1h/1h" sym=COST src=databento/ohlcv-1h req=2023-03-28T00:00:00Z..2026-09-05T00:00:00Z try=1 elapsed=7329.5ms rows=8123 op=fetched status=ok
[COST/databento/source_2555d_1d_ohlcv-1d_1d] no stored dataset; requesting configured history
[2026-09-06T08:12:58.097831Z] START provider.request name="COST ohlcv-1d/1d" sym=COST src=databento/ohlcv-1d req=2023-03-28T00:00:00Z..2026-09-05T00:00:00Z try=1
C:\dev\ducketz\app\services\databento_market_data.py:128: BentoWarning: The streaming request contained one or more days which have reduced quality: 2025-03-24 (degraded), 2025-04-04 (degraded), 2025-05-06 (degraded)... See: https://databento.com/docs/api-reference-historical/metadata/metadata-get-dataset-condition
  store = self._client().timeseries.get_range(dataset=self.dataset, schema=spec.schema, symbols=[clean_symbol], stype_in="raw_symbol", start=selected_range.start.isoformat(), end=selected_range.end.isoformat())
[2026-09-06T08:13:03.678807Z] END   provider.request name="COST ohlcv-1d/1d" sym=COST src=databento/ohlcv-1d req=2023-03-28T00:00:00Z..2026-09-05T00:00:00Z try=1 elapsed=5581.0ms rows=864 op=fetched status=ok
[databento/bar-consolidation] symbol=COST; shadowed_derived_rows_removed=563; derived_gap_rows_retained=553
[COST/fmp] fetching...
[COST/schwab] fetching...
[COST/schwab/day_10_minute_1] no stored dataset; requesting configured history
[COST/schwab/day_10_minute_5] no stored dataset; requesting configured history
[COST/schwab/day_10_minute_10] no stored dataset; requesting configured history
[COST/schwab/day_10_minute_15] no stored dataset; requesting configured history
[COST/schwab/day_10_minute_30] no stored dataset; requesting configured history
[COST/schwab/year_20_daily_1] no stored dataset; requesting configured history
[COST/schwab/year_20_weekly_1] no stored dataset; requesting configured history
[COST/schwab/year_20_monthly_1] no stored dataset; requesting configured history
[COST/schwab/options] 2206 contracts at decision time 2026-09-04T20:00:00+00:00 -> C:\DATASTORE\stocks\COST\options\features\option-quality\schwab\2026-09.parquet
[COST/sec] fetching...
ONBOARDING OPRA.PILLAR/definition 2026-05-07 to 2026-09-04
BATCH_SCAN definition/COST.OPT verified_existing=0 verified_no_data=0 missing=86
SUBMITTED_BATCH definition/COST.OPT job=OPRA-20260906-R5DD4CFMDS days=86 range=2026-05-07..2026-09-04
WAITING_BATCH job=OPRA-20260906-R5DD4CFMDS state=queued progress=0
WAITING_BATCH job=OPRA-20260906-R5DD4CFMDS state=processing progress=25
WAITING_BATCH job=OPRA-20260906-R5DD4CFMDS state=processing progress=30
WAITING_BATCH job=OPRA-20260906-R5DD4CFMDS state=processing progress=34
WAITING_BATCH job=OPRA-20260906-R5DD4CFMDS state=processing progress=42
WAITING_BATCH job=OPRA-20260906-R5DD4CFMDS state=processing progress=43
WAITING_BATCH job=OPRA-20260906-R5DD4CFMDS state=processing progress=49
WAITING_BATCH job=OPRA-20260906-R5DD4CFMDS state=processing progress=55
WAITING_BATCH job=OPRA-20260906-R5DD4CFMDS state=processing progress=60
WAITING_BATCH job=OPRA-20260906-R5DD4CFMDS state=processing progress=65
WAITING_BATCH job=OPRA-20260906-R5DD4CFMDS state=processing progress=70
WAITING_BATCH job=OPRA-20260906-R5DD4CFMDS state=processing progress=76
WAITING_BATCH job=OPRA-20260906-R5DD4CFMDS state=processing progress=82
WAITING_BATCH job=OPRA-20260906-R5DD4CFMDS state=processing progress=90
WAITING_BATCH job=OPRA-20260906-R5DD4CFMDS state=processing progress=96
WAITING_BATCH job=OPRA-20260906-R5DD4CFMDS state=processing progress=100
WAITING_BATCH job=OPRA-20260906-R5DD4CFMDS state=done progress=100
DOWNLOADING_BATCH definition/COST.OPT job=OPRA-20260906-R5DD4CFMDS files=83 bytes=9021989
BATCH_PROGRESS definition/COST.OPT job=OPRA-20260906-R5DD4CFMDS files=25/83 rows=81912
BATCH_PROGRESS definition/COST.OPT job=OPRA-20260906-R5DD4CFMDS files=50/83 rows=167300
BATCH_PROGRESS definition/COST.OPT job=OPRA-20260906-R5DD4CFMDS files=75/83 rows=254094
BATCH_PROGRESS definition/COST.OPT job=OPRA-20260906-R5DD4CFMDS files=83/83 rows=282076
COMPLETED_BATCH definition/COST.OPT job=OPRA-20260906-R5DD4CFMDS published=83 no_data=3
ONBOARDING OPRA.PILLAR/ohlcv-1h 2021-08-16 to 2026-09-04
BATCH_SCAN ohlcv-1h/COST.OPT verified_existing=0 verified_no_data=0 missing=1303
SUBMITTED_BATCH ohlcv-1h/COST.OPT job=OPRA-20260906-UVXYE88R3Y days=1303 range=2021-08-16..2026-09-04
WAITING_BATCH job=OPRA-20260906-UVXYE88R3Y state=queued progress=0
WAITING_BATCH job=OPRA-20260906-UVXYE88R3Y state=processing progress=0
WAITING_BATCH job=OPRA-20260906-UVXYE88R3Y state=processing progress=1
WAITING_BATCH job=OPRA-20260906-UVXYE88R3Y state=processing progress=2
WAITING_BATCH job=OPRA-20260906-UVXYE88R3Y state=processing progress=3
WAITING_BATCH job=OPRA-20260906-UVXYE88R3Y state=processing progress=4
WAITING_BATCH job=OPRA-20260906-UVXYE88R3Y state=processing progress=5
WAITING_BATCH job=OPRA-20260906-UVXYE88R3Y state=processing progress=6
WAITING_BATCH job=OPRA-20260906-UVXYE88R3Y state=processing progress=7
WAITING_BATCH job=OPRA-20260906-UVXYE88R3Y state=processing progress=8
WAITING_BATCH job=OPRA-20260906-UVXYE88R3Y state=processing progress=9
WAITING_BATCH job=OPRA-20260906-UVXYE88R3Y state=processing progress=10
WAITING_BATCH job=OPRA-20260906-UVXYE88R3Y state=processing progress=11
WAITING_BATCH job=OPRA-20260906-UVXYE88R3Y state=processing progress=12
WAITING_BATCH job=OPRA-20260906-UVXYE88R3Y state=processing progress=13
WAITING_BATCH job=OPRA-20260906-UVXYE88R3Y state=processing progress=14
WAITING_BATCH job=OPRA-20260906-UVXYE88R3Y state=processing progress=15
WAITING_BATCH job=OPRA-20260906-UVXYE88R3Y state=processing progress=16
WAITING_BATCH job=OPRA-20260906-UVXYE88R3Y state=processing progress=17
WAITING_BATCH job=OPRA-20260906-UVXYE88R3Y state=processing progress=18
WAITING_BATCH job=OPRA-20260906-UVXYE88R3Y state=processing progress=19
WAITING_BATCH job=OPRA-20260906-UVXYE88R3Y state=processing progress=20
WAITING_BATCH job=OPRA-20260906-UVXYE88R3Y state=processing progress=21
WAITING_BATCH job=OPRA-20260906-UVXYE88R3Y state=processing progress=22
WAITING_BATCH job=OPRA-20260906-UVXYE88R3Y state=processing progress=23
WAITING_BATCH job=OPRA-20260906-UVXYE88R3Y state=processing progress=24
WAITING_BATCH job=OPRA-20260906-UVXYE88R3Y state=processing progress=25
WAITING_BATCH job=OPRA-20260906-UVXYE88R3Y state=processing progress=26
WAITING_BATCH job=OPRA-20260906-UVXYE88R3Y state=processing progress=27
WAITING_BATCH job=OPRA-20260906-UVXYE88R3Y state=processing progress=28
WAITING_BATCH job=OPRA-20260906-UVXYE88R3Y state=processing progress=29
WAITING_BATCH job=OPRA-20260906-UVXYE88R3Y state=processing progress=30
WAITING_BATCH job=OPRA-20260906-UVXYE88R3Y state=processing progress=31
WAITING_BATCH job=OPRA-20260906-UVXYE88R3Y state=processing progress=32
WAITING_BATCH job=OPRA-20260906-UVXYE88R3Y state=processing progress=33
WAITING_BATCH job=OPRA-20260906-UVXYE88R3Y state=processing progress=34
WAITING_BATCH job=OPRA-20260906-UVXYE88R3Y state=processing progress=35
WAITING_BATCH job=OPRA-20260906-UVXYE88R3Y state=processing progress=36
WAITING_BATCH job=OPRA-20260906-UVXYE88R3Y state=processing progress=37
WAITING_BATCH job=OPRA-20260906-UVXYE88R3Y state=processing progress=38
WAITING_BATCH job=OPRA-20260906-UVXYE88R3Y state=processing progress=39
WAITING_BATCH job=OPRA-20260906-UVXYE88R3Y state=processing progress=40
WAITING_BATCH job=OPRA-20260906-UVXYE88R3Y state=processing progress=41
WAITING_BATCH job=OPRA-20260906-UVXYE88R3Y state=processing progress=42
WAITING_BATCH job=OPRA-20260906-UVXYE88R3Y state=processing progress=43
WAITING_BATCH job=OPRA-20260906-UVXYE88R3Y state=processing progress=44
WAITING_BATCH job=OPRA-20260906-UVXYE88R3Y state=processing progress=45
WAITING_BATCH job=OPRA-20260906-UVXYE88R3Y state=processing progress=46
WAITING_BATCH job=OPRA-20260906-UVXYE88R3Y state=processing progress=47
WAITING_BATCH job=OPRA-20260906-UVXYE88R3Y state=processing progress=48
WAITING_BATCH job=OPRA-20260906-UVXYE88R3Y state=processing progress=49
WAITING_BATCH job=OPRA-20260906-UVXYE88R3Y state=processing progress=50
WAITING_BATCH job=OPRA-20260906-UVXYE88R3Y state=processing progress=51
WAITING_BATCH job=OPRA-20260906-UVXYE88R3Y state=processing progress=52
WAITING_BATCH job=OPRA-20260906-UVXYE88R3Y state=processing progress=53
WAITING_BATCH job=OPRA-20260906-UVXYE88R3Y state=processing progress=54
WAITING_BATCH job=OPRA-20260906-UVXYE88R3Y state=processing progress=55
WAITING_BATCH job=OPRA-20260906-UVXYE88R3Y state=processing progress=56
WAITING_BATCH job=OPRA-20260906-UVXYE88R3Y state=processing progress=57
WAITING_BATCH job=OPRA-20260906-UVXYE88R3Y state=processing progress=58
WAITING_BATCH job=OPRA-20260906-UVXYE88R3Y state=processing progress=59
WAITING_BATCH job=OPRA-20260906-UVXYE88R3Y state=processing progress=60
WAITING_BATCH job=OPRA-20260906-UVXYE88R3Y state=processing progress=61
WAITING_BATCH job=OPRA-20260906-UVXYE88R3Y state=processing progress=62
WAITING_BATCH job=OPRA-20260906-UVXYE88R3Y state=processing progress=63
WAITING_BATCH job=OPRA-20260906-UVXYE88R3Y state=processing progress=65
WAITING_BATCH job=OPRA-20260906-UVXYE88R3Y state=processing progress=66
WAITING_BATCH job=OPRA-20260906-UVXYE88R3Y state=processing progress=67
WAITING_BATCH job=OPRA-20260906-UVXYE88R3Y state=processing progress=68
WAITING_BATCH job=OPRA-20260906-UVXYE88R3Y state=processing progress=69
WAITING_BATCH job=OPRA-20260906-UVXYE88R3Y state=processing progress=70
WAITING_BATCH job=OPRA-20260906-UVXYE88R3Y state=processing progress=71
WAITING_BATCH job=OPRA-20260906-UVXYE88R3Y state=processing progress=72
WAITING_BATCH job=OPRA-20260906-UVXYE88R3Y state=processing progress=73
WAITING_BATCH job=OPRA-20260906-UVXYE88R3Y state=processing progress=74
WAITING_BATCH job=OPRA-20260906-UVXYE88R3Y state=processing progress=75
WAITING_BATCH job=OPRA-20260906-UVXYE88R3Y state=processing progress=76
WAITING_BATCH job=OPRA-20260906-UVXYE88R3Y state=processing progress=77
WAITING_BATCH job=OPRA-20260906-UVXYE88R3Y state=processing progress=79
WAITING_BATCH job=OPRA-20260906-UVXYE88R3Y state=processing progress=80
WAITING_BATCH job=OPRA-20260906-UVXYE88R3Y state=processing progress=81
WAITING_BATCH job=OPRA-20260906-UVXYE88R3Y state=processing progress=82
WAITING_BATCH job=OPRA-20260906-UVXYE88R3Y state=processing progress=83
WAITING_BATCH job=OPRA-20260906-UVXYE88R3Y state=processing progress=84
WAITING_BATCH job=OPRA-20260906-UVXYE88R3Y state=processing progress=85
WAITING_BATCH job=OPRA-20260906-UVXYE88R3Y state=processing progress=87
WAITING_BATCH job=OPRA-20260906-UVXYE88R3Y state=processing progress=88
WAITING_BATCH job=OPRA-20260906-UVXYE88R3Y state=processing progress=89
WAITING_BATCH job=OPRA-20260906-UVXYE88R3Y state=processing progress=90
WAITING_BATCH job=OPRA-20260906-UVXYE88R3Y state=processing progress=91
WAITING_BATCH job=OPRA-20260906-UVXYE88R3Y state=processing progress=92
WAITING_BATCH job=OPRA-20260906-UVXYE88R3Y state=processing progress=93
WAITING_BATCH job=OPRA-20260906-UVXYE88R3Y state=processing progress=94
WAITING_BATCH job=OPRA-20260906-UVXYE88R3Y state=processing progress=96
WAITING_BATCH job=OPRA-20260906-UVXYE88R3Y state=processing progress=97
WAITING_BATCH job=OPRA-20260906-UVXYE88R3Y state=processing progress=98
WAITING_BATCH job=OPRA-20260906-UVXYE88R3Y state=processing progress=99
WAITING_BATCH job=OPRA-20260906-UVXYE88R3Y state=done progress=100
IGNORED_UNAVAILABLE_BATCH_FILES ohlcv-1h/COST.OPT job=OPRA-20260906-UVXYE88R3Y files=2
DOWNLOADING_BATCH ohlcv-1h/COST.OPT job=OPRA-20260906-UVXYE88R3Y files=1267 bytes=120827311
BATCH_PROGRESS ohlcv-1h/COST.OPT job=OPRA-20260906-UVXYE88R3Y files=25/1267 rows=96321
BATCH_PROGRESS ohlcv-1h/COST.OPT job=OPRA-20260906-UVXYE88R3Y files=50/1267 rows=207621
BATCH_PROGRESS ohlcv-1h/COST.OPT job=OPRA-20260906-UVXYE88R3Y files=75/1267 rows=327919
BATCH_PROGRESS ohlcv-1h/COST.OPT job=OPRA-20260906-UVXYE88R3Y files=100/1267 rows=473017
BATCH_PROGRESS ohlcv-1h/COST.OPT job=OPRA-20260906-UVXYE88R3Y files=125/1267 rows=602296
BATCH_PROGRESS ohlcv-1h/COST.OPT job=OPRA-20260906-UVXYE88R3Y files=150/1267 rows=734463
BATCH_PROGRESS ohlcv-1h/COST.OPT job=OPRA-20260906-UVXYE88R3Y files=175/1267 rows=874295
BATCH_PROGRESS ohlcv-1h/COST.OPT job=OPRA-20260906-UVXYE88R3Y files=200/1267 rows=1049197
BATCH_PROGRESS ohlcv-1h/COST.OPT job=OPRA-20260906-UVXYE88R3Y files=225/1267 rows=1175705
BATCH_PROGRESS ohlcv-1h/COST.OPT job=OPRA-20260906-UVXYE88R3Y files=250/1267 rows=1306157
BATCH_PROGRESS ohlcv-1h/COST.OPT job=OPRA-20260906-UVXYE88R3Y files=275/1267 rows=1451174
BATCH_PROGRESS ohlcv-1h/COST.OPT job=OPRA-20260906-UVXYE88R3Y files=300/1267 rows=1618466
BATCH_PROGRESS ohlcv-1h/COST.OPT job=OPRA-20260906-UVXYE88R3Y files=325/1267 rows=1748498
BATCH_PROGRESS ohlcv-1h/COST.OPT job=OPRA-20260906-UVXYE88R3Y files=350/1267 rows=1902906
BATCH_PROGRESS ohlcv-1h/COST.OPT job=OPRA-20260906-UVXYE88R3Y files=375/1267 rows=2037464
BATCH_PROGRESS ohlcv-1h/COST.OPT job=OPRA-20260906-UVXYE88R3Y files=400/1267 rows=2163988
BATCH_PROGRESS ohlcv-1h/COST.OPT job=OPRA-20260906-UVXYE88R3Y files=425/1267 rows=2284355
BATCH_PROGRESS ohlcv-1h/COST.OPT job=OPRA-20260906-UVXYE88R3Y files=450/1267 rows=2420666
BATCH_PROGRESS ohlcv-1h/COST.OPT job=OPRA-20260906-UVXYE88R3Y files=475/1267 rows=2542545
BATCH_PROGRESS ohlcv-1h/COST.OPT job=OPRA-20260906-UVXYE88R3Y files=500/1267 rows=2658757
BATCH_PROGRESS ohlcv-1h/COST.OPT job=OPRA-20260906-UVXYE88R3Y files=525/1267 rows=2764377
BATCH_PROGRESS ohlcv-1h/COST.OPT job=OPRA-20260906-UVXYE88R3Y files=550/1267 rows=2907663
BATCH_PROGRESS ohlcv-1h/COST.OPT job=OPRA-20260906-UVXYE88R3Y files=575/1267 rows=3024252
BATCH_PROGRESS ohlcv-1h/COST.OPT job=OPRA-20260906-UVXYE88R3Y files=600/1267 rows=3198854
BATCH_PROGRESS ohlcv-1h/COST.OPT job=OPRA-20260906-UVXYE88R3Y files=625/1267 rows=3348392
BATCH_PROGRESS ohlcv-1h/COST.OPT job=OPRA-20260906-UVXYE88R3Y files=650/1267 rows=3558098
BATCH_PROGRESS ohlcv-1h/COST.OPT job=OPRA-20260906-UVXYE88R3Y files=675/1267 rows=3705038
BATCH_PROGRESS ohlcv-1h/COST.OPT job=OPRA-20260906-UVXYE88R3Y files=700/1267 rows=3855651
BATCH_PROGRESS ohlcv-1h/COST.OPT job=OPRA-20260906-UVXYE88R3Y files=725/1267 rows=4017181
BATCH_PROGRESS ohlcv-1h/COST.OPT job=OPRA-20260906-UVXYE88R3Y files=750/1267 rows=4184518
BATCH_PROGRESS ohlcv-1h/COST.OPT job=OPRA-20260906-UVXYE88R3Y files=775/1267 rows=4336790
BATCH_PROGRESS ohlcv-1h/COST.OPT job=OPRA-20260906-UVXYE88R3Y files=800/1267 rows=4526855
BATCH_PROGRESS ohlcv-1h/COST.OPT job=OPRA-20260906-UVXYE88R3Y files=825/1267 rows=4698213
BATCH_PROGRESS ohlcv-1h/COST.OPT job=OPRA-20260906-UVXYE88R3Y files=850/1267 rows=4881186
BATCH_PROGRESS ohlcv-1h/COST.OPT job=OPRA-20260906-UVXYE88R3Y files=875/1267 rows=5056933
BATCH_PROGRESS ohlcv-1h/COST.OPT job=OPRA-20260906-UVXYE88R3Y files=900/1267 rows=5245962
BATCH_PROGRESS ohlcv-1h/COST.OPT job=OPRA-20260906-UVXYE88R3Y files=925/1267 rows=5430970
BATCH_PROGRESS ohlcv-1h/COST.OPT job=OPRA-20260906-UVXYE88R3Y files=950/1267 rows=5587517
BATCH_PROGRESS ohlcv-1h/COST.OPT job=OPRA-20260906-UVXYE88R3Y files=975/1267 rows=5759845
BATCH_PROGRESS ohlcv-1h/COST.OPT job=OPRA-20260906-UVXYE88R3Y files=1000/1267 rows=5932449
BATCH_PROGRESS ohlcv-1h/COST.OPT job=OPRA-20260906-UVXYE88R3Y files=1025/1267 rows=6094607
BATCH_PROGRESS ohlcv-1h/COST.OPT job=OPRA-20260906-UVXYE88R3Y files=1050/1267 rows=6322071
BATCH_PROGRESS ohlcv-1h/COST.OPT job=OPRA-20260906-UVXYE88R3Y files=1075/1267 rows=6499772
BATCH_PROGRESS ohlcv-1h/COST.OPT job=OPRA-20260906-UVXYE88R3Y files=1100/1267 rows=6692307
BATCH_PROGRESS ohlcv-1h/COST.OPT job=OPRA-20260906-UVXYE88R3Y files=1125/1267 rows=6883073
BATCH_PROGRESS ohlcv-1h/COST.OPT job=OPRA-20260906-UVXYE88R3Y files=1150/1267 rows=7029220
BATCH_PROGRESS ohlcv-1h/COST.OPT job=OPRA-20260906-UVXYE88R3Y files=1175/1267 rows=7167588
BATCH_PROGRESS ohlcv-1h/COST.OPT job=OPRA-20260906-UVXYE88R3Y files=1200/1267 rows=7360743
BATCH_PROGRESS ohlcv-1h/COST.OPT job=OPRA-20260906-UVXYE88R3Y files=1225/1267 rows=7534653
BATCH_PROGRESS ohlcv-1h/COST.OPT job=OPRA-20260906-UVXYE88R3Y files=1250/1267 rows=7719988
BATCH_PROGRESS ohlcv-1h/COST.OPT job=OPRA-20260906-UVXYE88R3Y files=1267/1267 rows=7838671
COMPLETED_BATCH ohlcv-1h/COST.OPT job=OPRA-20260906-UVXYE88R3Y published=1267 no_data=36
ONBOARDING OPRA.PILLAR/cbbo-1m 2026-07-27 to 2026-09-04
PUBLISHED cbbo-1m/2026-07-27 rows=1187111 bytes=14188633
PUBLISHED cbbo-1m/2026-07-28 rows=1183516 bytes=14560467
PUBLISHED cbbo-1m/2026-07-29 rows=1257899 bytes=14936354
PUBLISHED cbbo-1m/2026-07-30 rows=1212453 bytes=14307535
PUBLISHED cbbo-1m/2026-07-31 rows=1263550 bytes=14957122
PUBLISHED cbbo-1m/2026-08-03 rows=1187378 bytes=14243505
PUBLISHED cbbo-1m/2026-08-04 rows=1180169 bytes=13943704
PUBLISHED cbbo-1m/2026-08-05 rows=1130492 bytes=13449301
PUBLISHED cbbo-1m/2026-08-06 rows=1183915 bytes=13868665
PUBLISHED cbbo-1m/2026-08-07 rows=1174870 bytes=13720708
PUBLISHED cbbo-1m/2026-08-10 rows=1176752 bytes=13767663
PUBLISHED cbbo-1m/2026-08-11 rows=1184249 bytes=13989997
PUBLISHED cbbo-1m/2026-08-12 rows=1192899 bytes=13500330
PUBLISHED cbbo-1m/2026-08-13 rows=1211923 bytes=13909627
PUBLISHED cbbo-1m/2026-08-14 rows=1208400 bytes=13948603
PUBLISHED cbbo-1m/2026-08-17 rows=1187498 bytes=13659542
PUBLISHED cbbo-1m/2026-08-18 rows=1187235 bytes=13730212
PUBLISHED cbbo-1m/2026-08-19 rows=1205783 bytes=13757796
PUBLISHED cbbo-1m/2026-08-20 rows=1271357 bytes=15030801
PUBLISHED cbbo-1m/2026-08-21 rows=1242263 bytes=14171452
PUBLISHED cbbo-1m/2026-08-24 rows=1232859 bytes=13883088
PUBLISHED cbbo-1m/2026-08-25 rows=1130798 bytes=12710112
PUBLISHED cbbo-1m/2026-08-26 rows=1141158 bytes=12704197
PUBLISHED cbbo-1m/2026-08-27 rows=1205271 bytes=13821240
PUBLISHED cbbo-1m/2026-08-28 rows=1285614 bytes=14929815
PUBLISHED cbbo-1m/2026-08-31 rows=1218631 bytes=13763214
PUBLISHED cbbo-1m/2026-09-01 rows=1222309 bytes=13635057
PUBLISHED cbbo-1m/2026-09-02 rows=1258277 bytes=14512325
PUBLISHED cbbo-1m/2026-09-03 rows=1265962 bytes=14777170
ONBOARDING OPRA.PILLAR/ohlcv-1s 2026-08-05 to 2026-08-19
PUBLISHED ohlcv-1s/2026-08-05 rows=14730 bytes=269819
PUBLISHED ohlcv-1s/2026-08-06 rows=15614 bytes=290039
PUBLISHED ohlcv-1s/2026-08-07 rows=14211 bytes=272882
PUBLISHED ohlcv-1s/2026-08-10 rows=17288 bytes=317865
PUBLISHED ohlcv-1s/2026-08-11 rows=16036 bytes=306535
PUBLISHED ohlcv-1s/2026-08-12 rows=21755 bytes=362451
PUBLISHED ohlcv-1s/2026-08-13 rows=16534 bytes=296509
PUBLISHED ohlcv-1s/2026-08-14 rows=23887 bytes=398559
PUBLISHED ohlcv-1s/2026-08-17 rows=26343 bytes=425262
PUBLISHED ohlcv-1s/2026-08-18 rows=29711 bytes=469567
ONBOARDING OPRA.PILLAR/ohlcv-1m 2026-05-07 to 2026-08-19
BATCH_SCAN ohlcv-1m/COST.OPT verified_existing=0 verified_no_data=0 missing=74
WAITING_BATCH job=OPRA-20260906-DVGJJSMD3Q state=done progress=100
DOWNLOADING_BATCH ohlcv-1m/COST.OPT job=OPRA-20260906-DVGJJSMD3Q files=71 bytes=11939792
BATCH_PROGRESS ohlcv-1m/COST.OPT job=OPRA-20260906-DVGJJSMD3Q files=25/71 rows=404634
BATCH_PROGRESS ohlcv-1m/COST.OPT job=OPRA-20260906-DVGJJSMD3Q files=50/71 rows=725524
BATCH_PROGRESS ohlcv-1m/COST.OPT job=OPRA-20260906-DVGJJSMD3Q files=71/71 rows=1016035
COMPLETED_BATCH ohlcv-1m/COST.OPT job=OPRA-20260906-DVGJJSMD3Q published=71 no_data=3
ONBOARDING OPRA.PILLAR/ohlcv-1d 2019-08-19 to 2026-08-19
BATCH_SCAN ohlcv-1d/COST.OPT verified_existing=0 verified_no_data=0 missing=1792
WAITING_BATCH job=OPRA-20260906-KFKXXCVT9N state=done progress=100
IGNORED_UNAVAILABLE_BATCH_FILES ohlcv-1d/COST.OPT job=OPRA-20260906-KFKXXCVT9N files=3
DOWNLOADING_BATCH ohlcv-1d/COST.OPT job=OPRA-20260906-KFKXXCVT9N files=1756 bytes=106083118
BATCH_PROGRESS ohlcv-1d/COST.OPT job=OPRA-20260906-KFKXXCVT9N files=25/1756 rows=41787
BATCH_PROGRESS ohlcv-1d/COST.OPT job=OPRA-20260906-KFKXXCVT9N files=50/1756 rows=86187
BATCH_PROGRESS ohlcv-1d/COST.OPT job=OPRA-20260906-KFKXXCVT9N files=75/1756 rows=122507
BATCH_PROGRESS ohlcv-1d/COST.OPT job=OPRA-20260906-KFKXXCVT9N files=100/1756 rows=163967
BATCH_PROGRESS ohlcv-1d/COST.OPT job=OPRA-20260906-KFKXXCVT9N files=125/1756 rows=203315
BATCH_PROGRESS ohlcv-1d/COST.OPT job=OPRA-20260906-KFKXXCVT9N files=150/1756 rows=267640
BATCH_PROGRESS ohlcv-1d/COST.OPT job=OPRA-20260906-KFKXXCVT9N files=175/1756 rows=317690
BATCH_PROGRESS ohlcv-1d/COST.OPT job=OPRA-20260906-KFKXXCVT9N files=200/1756 rows=366961
BATCH_PROGRESS ohlcv-1d/COST.OPT job=OPRA-20260906-KFKXXCVT9N files=225/1756 rows=416109
BATCH_PROGRESS ohlcv-1d/COST.OPT job=OPRA-20260906-KFKXXCVT9N files=250/1756 rows=460464
BATCH_PROGRESS ohlcv-1d/COST.OPT job=OPRA-20260906-KFKXXCVT9N files=275/1756 rows=513687
BATCH_PROGRESS ohlcv-1d/COST.OPT job=OPRA-20260906-KFKXXCVT9N files=300/1756 rows=577952
BATCH_PROGRESS ohlcv-1d/COST.OPT job=OPRA-20260906-KFKXXCVT9N files=325/1756 rows=630977
BATCH_PROGRESS ohlcv-1d/COST.OPT job=OPRA-20260906-KFKXXCVT9N files=350/1756 rows=691192
BATCH_PROGRESS ohlcv-1d/COST.OPT job=OPRA-20260906-KFKXXCVT9N files=375/1756 rows=752320
BATCH_PROGRESS ohlcv-1d/COST.OPT job=OPRA-20260906-KFKXXCVT9N files=400/1756 rows=822485
BATCH_PROGRESS ohlcv-1d/COST.OPT job=OPRA-20260906-KFKXXCVT9N files=425/1756 rows=881431
BATCH_PROGRESS ohlcv-1d/COST.OPT job=OPRA-20260906-KFKXXCVT9N files=450/1756 rows=928981
BATCH_PROGRESS ohlcv-1d/COST.OPT job=OPRA-20260906-KFKXXCVT9N files=475/1756 rows=976065
BATCH_PROGRESS ohlcv-1d/COST.OPT job=OPRA-20260906-KFKXXCVT9N files=500/1756 rows=1024137
BATCH_PROGRESS ohlcv-1d/COST.OPT job=OPRA-20260906-KFKXXCVT9N files=525/1756 rows=1075193
BATCH_PROGRESS ohlcv-1d/COST.OPT job=OPRA-20260906-KFKXXCVT9N files=550/1756 rows=1131959
BATCH_PROGRESS ohlcv-1d/COST.OPT job=OPRA-20260906-KFKXXCVT9N files=575/1756 rows=1197186
BATCH_PROGRESS ohlcv-1d/COST.OPT job=OPRA-20260906-KFKXXCVT9N files=600/1756 rows=1270173
BATCH_PROGRESS ohlcv-1d/COST.OPT job=OPRA-20260906-KFKXXCVT9N files=625/1756 rows=1342863
BATCH_PROGRESS ohlcv-1d/COST.OPT job=OPRA-20260906-KFKXXCVT9N files=650/1756 rows=1410715
BATCH_PROGRESS ohlcv-1d/COST.OPT job=OPRA-20260906-KFKXXCVT9N files=675/1756 rows=1481931
BATCH_PROGRESS ohlcv-1d/COST.OPT job=OPRA-20260906-KFKXXCVT9N files=700/1756 rows=1572773
BATCH_PROGRESS ohlcv-1d/COST.OPT job=OPRA-20260906-KFKXXCVT9N files=725/1756 rows=1643436
BATCH_PROGRESS ohlcv-1d/COST.OPT job=OPRA-20260906-KFKXXCVT9N files=750/1756 rows=1713340
BATCH_PROGRESS ohlcv-1d/COST.OPT job=OPRA-20260906-KFKXXCVT9N files=775/1756 rows=1789855
BATCH_PROGRESS ohlcv-1d/COST.OPT job=OPRA-20260906-KFKXXCVT9N files=800/1756 rows=1876543
BATCH_PROGRESS ohlcv-1d/COST.OPT job=OPRA-20260906-KFKXXCVT9N files=825/1756 rows=1948432
BATCH_PROGRESS ohlcv-1d/COST.OPT job=OPRA-20260906-KFKXXCVT9N files=850/1756 rows=2028599
BATCH_PROGRESS ohlcv-1d/COST.OPT job=OPRA-20260906-KFKXXCVT9N files=875/1756 rows=2102827
BATCH_PROGRESS ohlcv-1d/COST.OPT job=OPRA-20260906-KFKXXCVT9N files=900/1756 rows=2170414
BATCH_PROGRESS ohlcv-1d/COST.OPT job=OPRA-20260906-KFKXXCVT9N files=925/1756 rows=2233435
BATCH_PROGRESS ohlcv-1d/COST.OPT job=OPRA-20260906-KFKXXCVT9N files=950/1756 rows=2299112
BATCH_PROGRESS ohlcv-1d/COST.OPT job=OPRA-20260906-KFKXXCVT9N files=975/1756 rows=2365068
BATCH_PROGRESS ohlcv-1d/COST.OPT job=OPRA-20260906-KFKXXCVT9N files=1000/1756 rows=2428241
BATCH_PROGRESS ohlcv-1d/COST.OPT job=OPRA-20260906-KFKXXCVT9N files=1025/1756 rows=2486716
BATCH_PROGRESS ohlcv-1d/COST.OPT job=OPRA-20260906-KFKXXCVT9N files=1050/1756 rows=2557209
BATCH_PROGRESS ohlcv-1d/COST.OPT job=OPRA-20260906-KFKXXCVT9N files=1075/1756 rows=2620273
BATCH_PROGRESS ohlcv-1d/COST.OPT job=OPRA-20260906-KFKXXCVT9N files=1100/1756 rows=2707636
BATCH_PROGRESS ohlcv-1d/COST.OPT job=OPRA-20260906-KFKXXCVT9N files=1125/1756 rows=2789016
BATCH_PROGRESS ohlcv-1d/COST.OPT job=OPRA-20260906-KFKXXCVT9N files=1150/1756 rows=2898058
BATCH_PROGRESS ohlcv-1d/COST.OPT job=OPRA-20260906-KFKXXCVT9N files=1175/1756 rows=2977746
BATCH_PROGRESS ohlcv-1d/COST.OPT job=OPRA-20260906-KFKXXCVT9N files=1200/1756 rows=3058146
BATCH_PROGRESS ohlcv-1d/COST.OPT job=OPRA-20260906-KFKXXCVT9N files=1225/1756 rows=3144277
BATCH_PROGRESS ohlcv-1d/COST.OPT job=OPRA-20260906-KFKXXCVT9N files=1250/1756 rows=3236853
BATCH_PROGRESS ohlcv-1d/COST.OPT job=OPRA-20260906-KFKXXCVT9N files=1275/1756 rows=3321024
BATCH_PROGRESS ohlcv-1d/COST.OPT job=OPRA-20260906-KFKXXCVT9N files=1300/1756 rows=3421570
BATCH_PROGRESS ohlcv-1d/COST.OPT job=OPRA-20260906-KFKXXCVT9N files=1325/1756 rows=3513395
BATCH_PROGRESS ohlcv-1d/COST.OPT job=OPRA-20260906-KFKXXCVT9N files=1350/1756 rows=3613472
BATCH_PROGRESS ohlcv-1d/COST.OPT job=OPRA-20260906-KFKXXCVT9N files=1375/1756 rows=3709675
BATCH_PROGRESS ohlcv-1d/COST.OPT job=OPRA-20260906-KFKXXCVT9N files=1400/1756 rows=3816723
BATCH_PROGRESS ohlcv-1d/COST.OPT job=OPRA-20260906-KFKXXCVT9N files=1425/1756 rows=3922205
BATCH_PROGRESS ohlcv-1d/COST.OPT job=OPRA-20260906-KFKXXCVT9N files=1450/1756 rows=4007886
BATCH_PROGRESS ohlcv-1d/COST.OPT job=OPRA-20260906-KFKXXCVT9N files=1475/1756 rows=4103556
BATCH_PROGRESS ohlcv-1d/COST.OPT job=OPRA-20260906-KFKXXCVT9N files=1500/1756 rows=4199840
BATCH_PROGRESS ohlcv-1d/COST.OPT job=OPRA-20260906-KFKXXCVT9N files=1525/1756 rows=4291450
BATCH_PROGRESS ohlcv-1d/COST.OPT job=OPRA-20260906-KFKXXCVT9N files=1550/1756 rows=4413684
BATCH_PROGRESS ohlcv-1d/COST.OPT job=OPRA-20260906-KFKXXCVT9N files=1575/1756 rows=4512581
BATCH_PROGRESS ohlcv-1d/COST.OPT job=OPRA-20260906-KFKXXCVT9N files=1600/1756 rows=4619035
BATCH_PROGRESS ohlcv-1d/COST.OPT job=OPRA-20260906-KFKXXCVT9N files=1625/1756 rows=4730108
BATCH_PROGRESS ohlcv-1d/COST.OPT job=OPRA-20260906-KFKXXCVT9N files=1650/1756 rows=4817881
BATCH_PROGRESS ohlcv-1d/COST.OPT job=OPRA-20260906-KFKXXCVT9N files=1675/1756 rows=4900145
BATCH_PROGRESS ohlcv-1d/COST.OPT job=OPRA-20260906-KFKXXCVT9N files=1700/1756 rows=5004226
BATCH_PROGRESS ohlcv-1d/COST.OPT job=OPRA-20260906-KFKXXCVT9N files=1725/1756 rows=5116915
BATCH_PROGRESS ohlcv-1d/COST.OPT job=OPRA-20260906-KFKXXCVT9N files=1750/1756 rows=5227011
BATCH_PROGRESS ohlcv-1d/COST.OPT job=OPRA-20260906-KFKXXCVT9N files=1756/1756 rows=5252077
COMPLETED_BATCH ohlcv-1d/COST.OPT job=OPRA-20260906-KFKXXCVT9N published=1756 no_data=36
ONBOARDING OPRA.PILLAR/statistics 2026-07-15 to 2026-08-19
PUBLISHED statistics/2026-07-15 rows=264176 bytes=1691599
PUBLISHED statistics/2026-07-16 rows=266776 bytes=1705435
PUBLISHED statistics/2026-07-17 rows=266292 bytes=1942094
PUBLISHED statistics/2026-07-20 rows=253056 bytes=1632736
PUBLISHED statistics/2026-07-21 rows=254648 bytes=1648105
PUBLISHED statistics/2026-07-22 rows=256976 bytes=1648812
PUBLISHED statistics/2026-07-23 rows=261976 bytes=1670933
PUBLISHED statistics/2026-07-24 rows=290806 bytes=2235393
PUBLISHED statistics/2026-07-27 rows=260212 bytes=1913864
PUBLISHED statistics/2026-07-28 rows=263428 bytes=1930675
PUBLISHED statistics/2026-07-29 rows=258396 bytes=1908799
PUBLISHED statistics/2026-07-30 rows=265244 bytes=1943949
PUBLISHED statistics/2026-07-31 rows=275196 bytes=2008226
PUBLISHED statistics/2026-08-03 rows=261656 bytes=1671768
PUBLISHED statistics/2026-08-04 rows=261560 bytes=1678051
PUBLISHED statistics/2026-08-05 rows=260776 bytes=1650719
PUBLISHED statistics/2026-08-06 rows=263944 bytes=1667846
PUBLISHED statistics/2026-08-07 rows=275116 bytes=1972347
PUBLISHED statistics/2026-08-10 rows=259828 bytes=1898542
PUBLISHED statistics/2026-08-11 rows=261208 bytes=1653987
PUBLISHED statistics/2026-08-12 rows=259952 bytes=1656171
PUBLISHED statistics/2026-08-13 rows=263256 bytes=1678024
PUBLISHED statistics/2026-08-14 rows=275484 bytes=1995510
PUBLISHED statistics/2026-08-17 rows=259220 bytes=1899909
PUBLISHED statistics/2026-08-18 rows=260412 bytes=1927025
ONBOARDING OPRA.PILLAR/status 2026-07-15 to 2026-08-19
PUBLISHED status/2026-07-15 rows=21070 bytes=178008
PUBLISHED status/2026-07-16 rows=21329 bytes=178577
PUBLISHED status/2026-07-17 rows=21288 bytes=171348
PUBLISHED status/2026-07-20 rows=20597 bytes=170865
PUBLISHED status/2026-07-21 rows=20144 bytes=173685
PUBLISHED status/2026-07-22 rows=20591 bytes=171566
PUBLISHED status/2026-07-23 rows=20841 bytes=180364
PUBLISHED status/2026-07-24 rows=11143 bytes=112507
PUBLISHED status/2026-07-27 rows=22296 bytes=185187
PUBLISHED status/2026-07-28 rows=20724 bytes=168189
PUBLISHED status/2026-07-29 rows=20796 bytes=177637
PUBLISHED status/2026-07-30 rows=21347 bytes=175410
PUBLISHED status/2026-07-31 rows=22287 bytes=192388
PUBLISHED status/2026-08-03 rows=21449 bytes=188782
PUBLISHED status/2026-08-04 rows=20738 bytes=183125
PUBLISHED status/2026-08-05 rows=21186 bytes=185340
PUBLISHED status/2026-08-06 rows=20943 bytes=182275
PUBLISHED status/2026-08-07 rows=22113 bytes=186084
PUBLISHED status/2026-08-10 rows=21803 bytes=192167
PUBLISHED status/2026-08-11 rows=20786 bytes=187999
PUBLISHED status/2026-08-12 rows=20690 bytes=186013
PUBLISHED status/2026-08-13 rows=20864 bytes=191150
PUBLISHED status/2026-08-14 rows=22145 bytes=192170
PUBLISHED status/2026-08-17 rows=20640 bytes=177041
PUBLISHED status/2026-08-18 rows=20900 bytes=179353
ONBOARDING OPRA.PILLAR/tcbbo 2026-07-15 to 2026-08-19
PUBLISHED tcbbo/2026-07-15 rows=16509 bytes=453086
PUBLISHED tcbbo/2026-07-16 rows=27323 bytes=729585
PUBLISHED tcbbo/2026-07-17 rows=22839 bytes=623200
PUBLISHED tcbbo/2026-07-20 rows=19812 bytes=540345
PUBLISHED tcbbo/2026-07-21 rows=23695 bytes=624658
PUBLISHED tcbbo/2026-07-22 rows=18297 bytes=502331
PUBLISHED tcbbo/2026-07-23 rows=14753 bytes=409043
PUBLISHED tcbbo/2026-07-24 rows=19796 bytes=535454
PUBLISHED tcbbo/2026-07-27 rows=23200 bytes=626555
PUBLISHED tcbbo/2026-07-28 rows=25887 bytes=699966
PUBLISHED tcbbo/2026-07-29 rows=31611 bytes=817254
PUBLISHED tcbbo/2026-07-30 rows=29462 bytes=766582
PUBLISHED tcbbo/2026-07-31 rows=21280 bytes=577708
PUBLISHED tcbbo/2026-08-03 rows=22636 bytes=616299
PUBLISHED tcbbo/2026-08-04 rows=18717 bytes=518308
PUBLISHED tcbbo/2026-08-05 rows=16179 bytes=442887
PUBLISHED tcbbo/2026-08-06 rows=16982 bytes=463026
PUBLISHED tcbbo/2026-08-07 rows=15603 bytes=426810
PUBLISHED tcbbo/2026-08-10 rows=18413 bytes=505792
PUBLISHED tcbbo/2026-08-11 rows=17649 bytes=480448
PUBLISHED tcbbo/2026-08-12 rows=22840 bytes=608008
PUBLISHED tcbbo/2026-08-13 rows=17782 bytes=505622
PUBLISHED tcbbo/2026-08-14 rows=25737 bytes=673847
PUBLISHED tcbbo/2026-08-17 rows=27829 bytes=717028
PUBLISHED tcbbo/2026-08-18 rows=31492 bytes=807941
ONBOARDING OPRA.PILLAR/cbbo-1s 2026-08-14 to 2026-08-19
PUBLISHED cbbo-1s/2026-08-14 rows=9829329 bytes=114488598
PUBLISHED cbbo-1s/2026-08-17 rows=10486015 bytes=120689759
PUBLISHED cbbo-1s/2026-08-18 rows=12022759 bytes=141355068
ONBOARDING OPRA.PILLAR/trades 2026-07-15 to 2026-08-19
PUBLISHED trades/2026-07-15 rows=16509 bytes=492191
PUBLISHED trades/2026-07-16 rows=27323 bytes=787478
PUBLISHED trades/2026-07-17 rows=22839 bytes=665112
PUBLISHED trades/2026-07-20 rows=19812 bytes=579660
PUBLISHED trades/2026-07-21 rows=23695 bytes=682188
PUBLISHED trades/2026-07-22 rows=18297 bytes=537342
PUBLISHED trades/2026-07-23 rows=14753 bytes=427916
PUBLISHED trades/2026-07-24 rows=19796 bytes=579566
PUBLISHED trades/2026-07-27 rows=23200 bytes=675306
PUBLISHED trades/2026-07-28 rows=25887 bytes=753959
PUBLISHED trades/2026-07-29 rows=31611 bytes=914992
PUBLISHED trades/2026-07-30 rows=29462 bytes=849976
PUBLISHED trades/2026-07-31 rows=21280 bytes=620601
PUBLISHED trades/2026-08-03 rows=22636 bytes=656472
PUBLISHED trades/2026-08-04 rows=18717 bytes=549733
PUBLISHED trades/2026-08-05 rows=16179 bytes=473513
PUBLISHED trades/2026-08-06 rows=16982 bytes=493617
PUBLISHED trades/2026-08-07 rows=15603 bytes=447394
PUBLISHED trades/2026-08-10 rows=18413 bytes=546837
PUBLISHED trades/2026-08-11 rows=17649 bytes=520553
PUBLISHED trades/2026-08-12 rows=22840 bytes=666222
PUBLISHED trades/2026-08-13 rows=17782 bytes=516845
PUBLISHED trades/2026-08-14 rows=25737 bytes=733970
PUBLISHED trades/2026-08-17 rows=27829 bytes=801822
PUBLISHED trades/2026-08-18 rows=31492 bytes=896180
ONBOARDING XNAS.ITCH/ohlcv-1s 2026-08-05 to 2026-08-15
ONBOARDING XNAS.ITCH/ohlcv-1m 2026-05-07 to 2026-08-15
ONBOARDING XNAS.ITCH/ohlcv-1h 2021-08-16 to 2026-08-15
C:\dev\ducketz\datafetching\databento_cold_start.py:1512: BentoWarning: The streaming request contained one or more days which have reduced quality: 2021-10-26 (degraded), 2022-09-19 (degraded). See: https://databento.com/docs/api-reference-historical/metadata/metadata-get-dataset-condition
  store = getattr(client, "timeseries").get_range(**kwargs)
ONBOARDING XNAS.ITCH/ohlcv-1d 2019-08-17 to 2026-08-15
C:\dev\ducketz\datafetching\databento_cold_start.py:1512: BentoWarning: The streaming request contained one or more days which have reduced quality: 2021-07-07 (degraded), 2021-10-26 (degraded), 2022-09-19 (degraded). See: https://databento.com/docs/api-reference-historical/metadata/metadata-get-dataset-condition
  store = getattr(client, "timeseries").get_range(**kwargs)
ONBOARDING XNAS.ITCH/definition 2026-05-07 to 2026-08-15
ONBOARDING XNAS.ITCH/statistics 2026-07-15 to 2026-08-15
ONBOARDING XNAS.ITCH/status 2026-07-15 to 2026-08-15
ONBOARDING XNAS.ITCH/tbbo 2026-07-15 to 2026-08-15
ONBOARDING XNAS.ITCH/bbo-1s 2026-08-12 to 2026-08-15
ONBOARDING XNAS.ITCH/bbo-1m 2026-05-07 to 2026-08-15
ONBOARDING XNAS.ITCH/trades 2026-07-15 to 2026-08-15
ONBOARDING XNAS.ITCH/mbp-10 2026-08-14 to 2026-08-15
ONBOARDING XNAS.ITCH/mbo 2026-08-14 to 2026-08-15
ONBOARDING XNAS.ITCH/imbalance 2026-07-15 to 2026-08-15
{"plan_id": "987dfa290e0f74a6cbb2962165af8d0cc3f1134edd0a4eef2a9434f7ee2ca221", "before": {"observed_at": "2026-09-06T08:12:20.313404+00:00", "datastore_bytes": 191711088282, "symbol_path_bytes": 0, "files": 154291, "free_bytes": 1424622886912}, "completed_requests": ["f087dc5a187c0a692cdc8c0c", "cfeae3dc42bf1de6bfe3d860", "20b1510c74d9df94dec15c7a", "2570802b8c58d654faca19c0", "0aa07836b14f19134d60b9ac", "18c40d144b955c45bcf37a23", "07cdfbf53dff35ced7a9ab28", "fb3340dbd65d6a8ea1f287aa", "2a6ab67083e520ed598d4ab9", "64bc90e2230b56830f6e9bd5", "a11f36df175a40fba50b785a", "bfa0084d85a27c5a4ca74e82", "3fef3163bc89bdb8071291b6", "de4bab88acf6920372989c48", "bd11607f2187fb2743ef5056", "aec291fb1a23c3bbfe4e4ecb", "15552c0c28983bea4dfdb41f", "7f818a8967d37b8db546b67f", "f566c0f07c4d6ba6b6ed8eec", "49c721aa8136caf60bdecc87", "9a8f75b7cbad6d0d1766d33e", "de3244c4222b90de1ee17506", "6530f768356337cf71fc354f", "28b656bb03764cd9f563d3f9", "57dcd2dbc071c2390e1ab424"], "providers": {"databento": {"provider": "databento", "data_files": 13, "error_files": 0, "advisory_files": 0}, "fmp": {"provider": "fmp", "data_files": 34, "error_files": 0, "advisory_files": 0}, "schwab": {"provider": "schwab", "data_files": 23, "error_files": 0, "advisory_files": 0}, "sec": {"provider": "sec", "data_files": 4, "error_files": 0, "advisory_files": 0}}, "status": "HISTORY_FETCHED", "updated_at": "2026-09-06T09:25:06.880957+00:00", "after": {"observed_at": "2026-09-06T09:25:19.900631+00:00", "datastore_bytes": 194578111692, "symbol_path_bytes": 2821978025, "files": 167797, "free_bytes": 1420026875904}, "datastore_growth_bytes": 2867023410, "symbol_path_growth_bytes": 2821978025}
