BACKFILL PREFLIGHT 1/5: 18305224 bytes
BACKFILL PREFLIGHT 2/5: 18693584 bytes
BACKFILL PREFLIGHT 3/5: 20582464 bytes
BACKFILL PREFLIGHT 4/5: 19894560 bytes
BACKFILL PREFLIGHT 5/5: 22588272 bytes
PUBLISHED XNAS.ITCH/ohlcv-1m/AAPL
PUBLISHED XNAS.ITCH/ohlcv-1m/AMZN
PUBLISHED XNAS.ITCH/ohlcv-1m/COST
PUBLISHED XNAS.ITCH/ohlcv-1m/GOOG
PUBLISHED XNAS.ITCH/ohlcv-1m/MU
PUBLISHED XNAS.ITCH/ohlcv-1m/NVDA
PUBLISHED XNAS.ITCH/ohlcv-1m/SNDK
PUBLISHED XNAS.ITCH/ohlcv-1m/AAPL
PUBLISHED XNAS.ITCH/ohlcv-1m/AMZN
PUBLISHED XNAS.ITCH/ohlcv-1m/COST
PUBLISHED XNAS.ITCH/ohlcv-1m/GOOG
PUBLISHED XNAS.ITCH/ohlcv-1m/MU
PUBLISHED XNAS.ITCH/ohlcv-1m/NVDA
PUBLISHED XNAS.ITCH/ohlcv-1m/SNDK
PUBLISHED XNAS.ITCH/ohlcv-1m/AAPL
PUBLISHED XNAS.ITCH/ohlcv-1m/AMZN
PUBLISHED XNAS.ITCH/ohlcv-1m/COST
PUBLISHED XNAS.ITCH/ohlcv-1m/GOOG
PUBLISHED XNAS.ITCH/ohlcv-1m/MU
PUBLISHED XNAS.ITCH/ohlcv-1m/NVDA
PUBLISHED XNAS.ITCH/ohlcv-1m/SNDK
PUBLISHED XNAS.ITCH/ohlcv-1m/AAPL
PUBLISHED XNAS.ITCH/ohlcv-1m/AMZN
PUBLISHED XNAS.ITCH/ohlcv-1m/COST
PUBLISHED XNAS.ITCH/ohlcv-1m/GOOG
PUBLISHED XNAS.ITCH/ohlcv-1m/MU
PUBLISHED XNAS.ITCH/ohlcv-1m/NVDA
PUBLISHED XNAS.ITCH/ohlcv-1m/SNDK
PUBLISHED XNAS.ITCH/ohlcv-1m/AAPL
PUBLISHED XNAS.ITCH/ohlcv-1m/AMZN
PUBLISHED XNAS.ITCH/ohlcv-1m/COST
PUBLISHED XNAS.ITCH/ohlcv-1m/GOOG
PUBLISHED XNAS.ITCH/ohlcv-1m/MU
PUBLISHED XNAS.ITCH/ohlcv-1m/NVDA
PUBLISHED XNAS.ITCH/ohlcv-1m/SNDK
{"run_path": "C:\\DATASTORE\\ml\\stock-target-backfill-runs\\20260908T091247.747357Z", "latest_attempt": {"attempt_path": "attempts/20260908T091312.559373Z"}, "orders_placed": 0}
