{
  "mode": "paper",
  "status": "stopped",
  "pid": 50844,
  "config_path": "C:\\dev\\ducketz\\configs\\hyperliquid-paper.json",
  "updated_at_utc": "2026-10-02T23:38:14.139451+00:00",
  "last_error": null,
  "portfolio": {
    "accounts": {
      "alex": {
        "account": "alex",
        "initial_cash": 6560.5045183699995,
        "cash": 7030.228646972984,
        "realized_pnl": 477.59639936766325,
        "fees": 7.873367561999999,
        "funding": 0.001096797318496,
        "net_transfers": 0.0,
        "initial_equity": 7040.242951828809,
        "initial_unrealized_pnl": 479.73559999999975,
        "role": "short_perp",
        "positions": [
          {
            "account": "alex",
            "coin": "BTC",
            "kind": "perp",
            "quantity": -0.0013400000000000005,
            "avg_entry": 84500.2094271169,
            "risk_reference_price": 84500.2094271169,
            "risk_reference_source": "weighted_entry",
            "market": "perp:BTC",
            "mark_price": 84482.0,
            "unrealized_pnl": 0.024400632336651917,
            "passive": false,
            "notional": 113.20588000000004,
            "side": "short"
          },
          {
            "account": "alex",
            "coin": "HYPE",
            "kind": "spot",
            "quantity": 3.283e-05,
            "avg_entry": 86.307,
            "risk_reference_price": 86.307,
            "risk_reference_source": "opening_mark",
            "market": "spot:HYPE",
            "mark_price": 88.33,
            "unrealized_pnl": 6.641508999999988e-05,
            "passive": true,
            "notional": 0.0028998739,
            "side": "long"
          }
        ],
        "unrealized_pnl": 0.024467047426651917,
        "gross_exposure": 113.20877987390004,
        "equity": 7030.255947479221,
        "free_cash": 6917.04716760532,
        "total_pnl": -9.98700434958846,
        "net_realized_pnl": 469.72412860298175
      },
      "clearpond": {
        "account": "clearpond",
        "initial_cash": 3181.09673727,
        "cash": 32624.588975286,
        "realized_pnl": 0.20656000000030045,
        "fees": 20.624881983999998,
        "funding": 0.0,
        "net_transfers": 0.0,
        "initial_equity": 32660.05207456863,
        "initial_unrealized_pnl": 0.0,
        "role": "spot",
        "positions": [
          {
            "account": "clearpond",
            "coin": "BTC",
            "kind": "spot",
            "quantity": 3.862399999998711e-06,
            "avg_entry": 84489.0,
            "risk_reference_price": 84489.0,
            "risk_reference_source": "opening_mark",
            "market": "spot:BTC",
            "mark_price": 84503.0,
            "unrealized_pnl": 5.407359999998196e-05,
            "passive": false,
            "notional": 0.3263843871998911,
            "side": "long"
          },
          {
            "account": "clearpond",
            "coin": "ETH",
            "kind": "spot",
            "quantity": 9.930000000002437e-05,
            "avg_entry": 2660.0,
            "risk_reference_price": 2660.0,
            "risk_reference_source": "opening_mark",
            "market": "spot:ETH",
            "mark_price": 2667.6,
            "unrealized_pnl": 0.0007546800000001762,
            "passive": false,
            "notional": 0.264892680000065,
            "side": "long"
          },
          {
            "account": "clearpond",
            "coin": "HYPE",
            "kind": "spot",
            "quantity": 0.05112968999999623,
            "avg_entry": 86.307,
            "risk_reference_price": 86.307,
            "risk_reference_source": "opening_mark",
            "market": "spot:HYPE",
            "mark_price": 88.33,
            "unrealized_pnl": 0.10343536286999218,
            "passive": false,
            "notional": 4.516285517699667,
            "side": "long"
          },
          {
            "account": "clearpond",
            "coin": "ZEC",
            "kind": "spot",
            "quantity": 0.007804647000000053,
            "avg_entry": 1286.6,
            "risk_reference_price": 1286.6,
            "risk_reference_source": "opening_mark",
            "market": "spot:ZEC",
            "mark_price": 1294.8,
            "unrealized_pnl": 0.0639981054000008,
            "passive": false,
            "notional": 10.105456935600069,
            "side": "long"
          }
        ],
        "unrealized_pnl": 0.16824222186999313,
        "gross_exposure": 15.213019520499692,
        "equity": 32639.801994806498,
        "free_cash": 32624.588975286,
        "total_pnl": -20.250079762132373,
        "net_realized_pnl": -20.418321983999697
      },
      "jeremy": {
        "account": "jeremy",
        "initial_cash": 5153.04659906,
        "cash": 4501.519402651901,
        "realized_pnl": -645.3565809846766,
        "fees": 6.168124448999999,
        "funding": -0.0024909744254960225,
        "net_transfers": 0.0,
        "initial_equity": 4505.385373088639,
        "initial_unrealized_pnl": -647.6618750000004,
        "role": "long_perp",
        "positions": [
          {
            "account": "jeremy",
            "coin": "ETH",
            "kind": "perp",
            "quantity": 0.0305,
            "avg_entry": 2669.0,
            "risk_reference_price": 2669.0,
            "risk_reference_source": "fill_price",
            "market": "perp:ETH",
            "mark_price": 2668.5,
            "unrealized_pnl": -0.01525,
            "passive": false,
            "notional": 81.38925,
            "side": "long"
          },
          {
            "account": "jeremy",
            "coin": "HYPE",
            "kind": "perp",
            "quantity": 0.1299999999999999,
            "avg_entry": 87.55245681302824,
            "risk_reference_price": 87.55245681302824,
            "risk_reference_source": "weighted_entry",
            "market": "perp:HYPE",
            "mark_price": 88.312,
            "unrealized_pnl": 0.098740614306328,
            "passive": false,
            "notional": 11.48055999999999,
            "side": "long"
          },
          {
            "account": "jeremy",
            "coin": "ZEC",
            "kind": "perp",
            "quantity": 0.08000000000000028,
            "avg_entry": 1299.9096828703705,
            "risk_reference_price": 1289.73037037037,
            "risk_reference_source": "weighted_entry",
            "market": "perp:ZEC",
            "mark_price": 1296.9,
            "unrealized_pnl": -0.24077462962963267,
            "passive": false,
            "notional": 103.75200000000036,
            "side": "long"
          },
          {
            "account": "jeremy",
            "coin": "HYPE",
            "kind": "spot",
            "quantity": 7.52e-06,
            "avg_entry": 86.307,
            "risk_reference_price": 86.307,
            "risk_reference_source": "opening_mark",
            "market": "spot:HYPE",
            "mark_price": 88.33,
            "unrealized_pnl": 1.5212959999999972e-05,
            "passive": true,
            "notional": 0.0006642416,
            "side": "long"
          }
        ],
        "unrealized_pnl": -0.15726880236330465,
        "gross_exposure": 196.62247424160037,
        "equity": 4501.362782878178,
        "free_cash": 4304.7403086365775,
        "total_pnl": -4.022590210461203,
        "net_realized_pnl": -651.5271964081021
      }
    },
    "pooled": {
      "initial_cash": 14894.647854699999,
      "initial_equity": 44205.68039948608,
      "initial_unrealized_pnl": -167.9262750000006,
      "cash": 44156.337024910885,
      "equity": 44171.420725163895,
      "free_cash": 43846.376451527896,
      "realized_pnl": -167.55362161701305,
      "unrealized_pnl": 0.035440466933340395,
      "fees": 34.666373994999994,
      "funding": -0.0013941771070000225,
      "net_transfers": 0.0,
      "total_pnl": -34.259674322182036,
      "gross_exposure": 325.0442736360001,
      "net_realized_pnl": -202.22138978912005,
      "positions": [
        {
          "account": "alex",
          "coin": "BTC",
          "kind": "perp",
          "quantity": -0.0013400000000000005,
          "avg_entry": 84500.2094271169,
          "risk_reference_price": 84500.2094271169,
          "risk_reference_source": "weighted_entry",
          "market": "perp:BTC",
          "mark_price": 84482.0,
          "unrealized_pnl": 0.024400632336651917,
          "passive": false,
          "notional": 113.20588000000004,
          "side": "short"
        },
        {
          "account": "alex",
          "coin": "HYPE",
          "kind": "spot",
          "quantity": 3.283e-05,
          "avg_entry": 86.307,
          "risk_reference_price": 86.307,
          "risk_reference_source": "opening_mark",
          "market": "spot:HYPE",
          "mark_price": 88.33,
          "unrealized_pnl": 6.641508999999988e-05,
          "passive": true,
          "notional": 0.0028998739,
          "side": "long"
        },
        {
          "account": "clearpond",
          "coin": "BTC",
          "kind": "spot",
          "quantity": 3.862399999998711e-06,
          "avg_entry": 84489.0,
          "risk_reference_price": 84489.0,
          "risk_reference_source": "opening_mark",
          "market": "spot:BTC",
          "mark_price": 84503.0,
          "unrealized_pnl": 5.407359999998196e-05,
          "passive": false,
          "notional": 0.3263843871998911,
          "side": "long"
        },
        {
          "account": "clearpond",
          "coin": "ETH",
          "kind": "spot",
          "quantity": 9.930000000002437e-05,
          "avg_entry": 2660.0,
          "risk_reference_price": 2660.0,
          "risk_reference_source": "opening_mark",
          "market": "spot:ETH",
          "mark_price": 2667.6,
          "unrealized_pnl": 0.0007546800000001762,
          "passive": false,
          "notional": 0.264892680000065,
          "side": "long"
        },
        {
          "account": "clearpond",
          "coin": "HYPE",
          "kind": "spot",
          "quantity": 0.05112968999999623,
          "avg_entry": 86.307,
          "risk_reference_price": 86.307,
          "risk_reference_source": "opening_mark",
          "market": "spot:HYPE",
          "mark_price": 88.33,
          "unrealized_pnl": 0.10343536286999218,
          "passive": false,
          "notional": 4.516285517699667,
          "side": "long"
        },
        {
          "account": "clearpond",
          "coin": "ZEC",
          "kind": "spot",
          "quantity": 0.007804647000000053,
          "avg_entry": 1286.6,
          "risk_reference_price": 1286.6,
          "risk_reference_source": "opening_mark",
          "market": "spot:ZEC",
          "mark_price": 1294.8,
          "unrealized_pnl": 0.0639981054000008,
          "passive": false,
          "notional": 10.105456935600069,
          "side": "long"
        },
        {
          "account": "jeremy",
          "coin": "ETH",
          "kind": "perp",
          "quantity": 0.0305,
          "avg_entry": 2669.0,
          "risk_reference_price": 2669.0,
          "risk_reference_source": "fill_price",
          "market": "perp:ETH",
          "mark_price": 2668.5,
          "unrealized_pnl": -0.01525,
          "passive": false,
          "notional": 81.38925,
          "side": "long"
        },
        {
          "account": "jeremy",
          "coin": "HYPE",
          "kind": "perp",
          "quantity": 0.1299999999999999,
          "avg_entry": 87.55245681302824,
          "risk_reference_price": 87.55245681302824,
          "risk_reference_source": "weighted_entry",
          "market": "perp:HYPE",
          "mark_price": 88.312,
          "unrealized_pnl": 0.098740614306328,
          "passive": false,
          "notional": 11.48055999999999,
          "side": "long"
        },
        {
          "account": "jeremy",
          "coin": "ZEC",
          "kind": "perp",
          "quantity": 0.08000000000000028,
          "avg_entry": 1299.9096828703705,
          "risk_reference_price": 1289.73037037037,
          "risk_reference_source": "weighted_entry",
          "market": "perp:ZEC",
          "mark_price": 1296.9,
          "unrealized_pnl": -0.24077462962963267,
          "passive": false,
          "notional": 103.75200000000036,
          "side": "long"
        },
        {
          "account": "jeremy",
          "coin": "HYPE",
          "kind": "spot",
          "quantity": 7.52e-06,
          "avg_entry": 86.307,
          "risk_reference_price": 86.307,
          "risk_reference_source": "opening_mark",
          "market": "spot:HYPE",
          "mark_price": 88.33,
          "unrealized_pnl": 1.5212959999999972e-05,
          "passive": true,
          "notional": 0.0006642416,
          "side": "long"
        }
      ]
    }
  },
  "simulated": true,
  "poll_seconds": 30,
  "horizon_bars": 1,
  "lifecycle_phase": "trading",
  "errors": {},
  "quote_errors": {},
  "funding_errors": {},
  "funding_valuation": "realized_rate/candle_close_proxy",
  "quote_attempt_count": 1,
  "prepare_only": false
}
