{
  "mode": "paper",
  "status": "stopped",
  "pid": 45752,
  "config_path": "C:\\dev\\ducketz\\configs\\hyperliquid-paper.json",
  "updated_at_utc": "2026-10-02T12:26:22.808264+00:00",
  "last_error": null,
  "portfolio": {
    "accounts": {
      "alex": {
        "account": "alex",
        "initial_cash": 6557.25082037,
        "cash": 5885.883953813999,
        "realized_pnl": -663.1006400000007,
        "fees": 8.266545917999997,
        "funding": 0.000319362,
        "net_transfers": 0.0,
        "initial_equity": 5850.119397098929,
        "initial_unrealized_pnl": -707.1344000000001,
        "role": "short_perp",
        "positions": [
          {
            "account": "alex",
            "coin": "HYPE",
            "kind": "spot",
            "quantity": 3.283e-05,
            "avg_entry": 90.671,
            "risk_reference_price": 90.671,
            "risk_reference_source": "opening_mark",
            "market": "spot:HYPE",
            "mark_price": 90.763,
            "unrealized_pnl": 3.020359999999959e-06,
            "passive": true,
            "notional": 0.0029797492900000004,
            "side": "long"
          }
        ],
        "unrealized_pnl": 3.020359999999959e-06,
        "gross_exposure": 0.0029797492900000004,
        "equity": 5885.886933563289,
        "free_cash": 5885.883953813999,
        "total_pnl": 35.76753646436009,
        "net_realized_pnl": -671.3668665560007
      },
      "clearpond": {
        "account": "clearpond",
        "initial_cash": 3181.09673727,
        "cash": 33437.834711103,
        "realized_pnl": -49.21688978680013,
        "fees": 21.303176166999997,
        "funding": 0.0,
        "net_transfers": 0.0,
        "initial_equity": 33532.13345379299,
        "initial_unrealized_pnl": 0.0,
        "role": "spot",
        "positions": [
          {
            "account": "clearpond",
            "coin": "BTC",
            "kind": "spot",
            "quantity": 3.862399999998711e-06,
            "avg_entry": 86173.13004507718,
            "risk_reference_price": 86173.13004507718,
            "risk_reference_source": "weighted_entry",
            "market": "spot:BTC",
            "mark_price": 86638.0,
            "unrealized_pnl": 0.0017955137138932955,
            "passive": false,
            "notional": 0.33463061119988835,
            "side": "long"
          },
          {
            "account": "clearpond",
            "coin": "ETH",
            "kind": "spot",
            "quantity": 0.005199300000000025,
            "avg_entry": 2744.5731773030916,
            "risk_reference_price": 2744.5731773030916,
            "risk_reference_source": "weighted_entry",
            "market": "spot:ETH",
            "mark_price": 2746.3,
            "unrealized_pnl": 0.008978269248036847,
            "passive": false,
            "notional": 14.27883759000007,
            "side": "long"
          },
          {
            "account": "clearpond",
            "coin": "HYPE",
            "kind": "spot",
            "quantity": 0.1011296900000005,
            "avg_entry": 90.671,
            "risk_reference_price": 90.671,
            "risk_reference_source": "opening_mark",
            "market": "spot:HYPE",
            "mark_price": 90.763,
            "unrealized_pnl": 0.00930393147999992,
            "passive": false,
            "notional": 9.178834053470045,
            "side": "long"
          },
          {
            "account": "clearpond",
            "coin": "ZEC",
            "kind": "spot",
            "quantity": 4.646999999982637e-06,
            "avg_entry": 1388.4648078307955,
            "risk_reference_price": 1388.4648078307955,
            "risk_reference_source": "weighted_entry",
            "market": "spot:ZEC",
            "mark_price": 1385.2,
            "unrealized_pnl": -1.5171561989649827e-05,
            "passive": false,
            "notional": 0.0064370243999759495,
            "side": "long"
          }
        ],
        "unrealized_pnl": 0.02006254287994041,
        "gross_exposure": 23.798739279069977,
        "equity": 33461.63345038207,
        "free_cash": 33437.834711103,
        "total_pnl": -70.500003410918,
        "net_realized_pnl": -70.52006595380013
      },
      "jeremy": {
        "account": "jeremy",
        "initial_cash": 5155.3395405,
        "cash": 5366.346192704448,
        "realized_pnl": 218.3490831401662,
        "fees": 7.3323445230000015,
        "funding": -0.010086412719300006,
        "net_transfers": 0.0,
        "initial_equity": 5408.96334734592,
        "initial_unrealized_pnl": 253.62312499999962,
        "role": "long_perp",
        "positions": [
          {
            "account": "jeremy",
            "coin": "ETH",
            "kind": "perp",
            "quantity": 0.046999999999999986,
            "avg_entry": 2746.0983187982283,
            "risk_reference_price": 2746.0983187982283,
            "risk_reference_source": "weighted_entry",
            "market": "perp:ETH",
            "mark_price": 2747.9,
            "unrealized_pnl": 0.08467901648327322,
            "passive": false,
            "notional": 129.15129999999996,
            "side": "long"
          },
          {
            "account": "jeremy",
            "coin": "HYPE",
            "kind": "perp",
            "quantity": 1.0399999999999998,
            "avg_entry": 91.03478572754791,
            "risk_reference_price": 91.03478572754791,
            "risk_reference_source": "weighted_entry",
            "market": "perp:HYPE",
            "mark_price": 90.826,
            "unrealized_pnl": -0.2171371566498362,
            "passive": false,
            "notional": 94.45903999999997,
            "side": "long"
          },
          {
            "account": "jeremy",
            "coin": "ZEC",
            "kind": "perp",
            "quantity": 0.04000000000000001,
            "avg_entry": 1381.8499999999997,
            "risk_reference_price": 1381.8499999999997,
            "risk_reference_source": "weighted_entry",
            "market": "perp:ZEC",
            "mark_price": 1386.9,
            "unrealized_pnl": 0.20200000000001642,
            "passive": false,
            "notional": 55.47600000000001,
            "side": "long"
          },
          {
            "account": "jeremy",
            "coin": "HYPE",
            "kind": "spot",
            "quantity": 7.52e-06,
            "avg_entry": 90.671,
            "risk_reference_price": 90.671,
            "risk_reference_source": "opening_mark",
            "market": "spot:HYPE",
            "mark_price": 90.763,
            "unrealized_pnl": 6.918399999999906e-07,
            "passive": true,
            "notional": 0.00068253776,
            "side": "long"
          }
        ],
        "unrealized_pnl": 0.06954255167345343,
        "gross_exposure": 279.08702253775994,
        "equity": 5366.416417102042,
        "free_cash": 5087.329394564282,
        "total_pnl": -42.546930243877796,
        "net_realized_pnl": 211.0066522044469
      }
    },
    "pooled": {
      "initial_cash": 14893.68709814,
      "initial_equity": 44791.21619823784,
      "initial_unrealized_pnl": -453.5112750000005,
      "cash": 44690.06485762145,
      "equity": 44713.9368010474,
      "free_cash": 44411.04805948128,
      "realized_pnl": -493.9684466466346,
      "unrealized_pnl": 0.08960811491339384,
      "fees": 36.902066608,
      "funding": -0.009767050719300006,
      "net_transfers": 0.0,
      "total_pnl": -77.2793971904357,
      "gross_exposure": 302.8887415661199,
      "net_realized_pnl": -530.8802803053538,
      "positions": [
        {
          "account": "alex",
          "coin": "HYPE",
          "kind": "spot",
          "quantity": 3.283e-05,
          "avg_entry": 90.671,
          "risk_reference_price": 90.671,
          "risk_reference_source": "opening_mark",
          "market": "spot:HYPE",
          "mark_price": 90.763,
          "unrealized_pnl": 3.020359999999959e-06,
          "passive": true,
          "notional": 0.0029797492900000004,
          "side": "long"
        },
        {
          "account": "clearpond",
          "coin": "BTC",
          "kind": "spot",
          "quantity": 3.862399999998711e-06,
          "avg_entry": 86173.13004507718,
          "risk_reference_price": 86173.13004507718,
          "risk_reference_source": "weighted_entry",
          "market": "spot:BTC",
          "mark_price": 86638.0,
          "unrealized_pnl": 0.0017955137138932955,
          "passive": false,
          "notional": 0.33463061119988835,
          "side": "long"
        },
        {
          "account": "clearpond",
          "coin": "ETH",
          "kind": "spot",
          "quantity": 0.005199300000000025,
          "avg_entry": 2744.5731773030916,
          "risk_reference_price": 2744.5731773030916,
          "risk_reference_source": "weighted_entry",
          "market": "spot:ETH",
          "mark_price": 2746.3,
          "unrealized_pnl": 0.008978269248036847,
          "passive": false,
          "notional": 14.27883759000007,
          "side": "long"
        },
        {
          "account": "clearpond",
          "coin": "HYPE",
          "kind": "spot",
          "quantity": 0.1011296900000005,
          "avg_entry": 90.671,
          "risk_reference_price": 90.671,
          "risk_reference_source": "opening_mark",
          "market": "spot:HYPE",
          "mark_price": 90.763,
          "unrealized_pnl": 0.00930393147999992,
          "passive": false,
          "notional": 9.178834053470045,
          "side": "long"
        },
        {
          "account": "clearpond",
          "coin": "ZEC",
          "kind": "spot",
          "quantity": 4.646999999982637e-06,
          "avg_entry": 1388.4648078307955,
          "risk_reference_price": 1388.4648078307955,
          "risk_reference_source": "weighted_entry",
          "market": "spot:ZEC",
          "mark_price": 1385.2,
          "unrealized_pnl": -1.5171561989649827e-05,
          "passive": false,
          "notional": 0.0064370243999759495,
          "side": "long"
        },
        {
          "account": "jeremy",
          "coin": "ETH",
          "kind": "perp",
          "quantity": 0.046999999999999986,
          "avg_entry": 2746.0983187982283,
          "risk_reference_price": 2746.0983187982283,
          "risk_reference_source": "weighted_entry",
          "market": "perp:ETH",
          "mark_price": 2747.9,
          "unrealized_pnl": 0.08467901648327322,
          "passive": false,
          "notional": 129.15129999999996,
          "side": "long"
        },
        {
          "account": "jeremy",
          "coin": "HYPE",
          "kind": "perp",
          "quantity": 1.0399999999999998,
          "avg_entry": 91.03478572754791,
          "risk_reference_price": 91.03478572754791,
          "risk_reference_source": "weighted_entry",
          "market": "perp:HYPE",
          "mark_price": 90.826,
          "unrealized_pnl": -0.2171371566498362,
          "passive": false,
          "notional": 94.45903999999997,
          "side": "long"
        },
        {
          "account": "jeremy",
          "coin": "ZEC",
          "kind": "perp",
          "quantity": 0.04000000000000001,
          "avg_entry": 1381.8499999999997,
          "risk_reference_price": 1381.8499999999997,
          "risk_reference_source": "weighted_entry",
          "market": "perp:ZEC",
          "mark_price": 1386.9,
          "unrealized_pnl": 0.20200000000001642,
          "passive": false,
          "notional": 55.47600000000001,
          "side": "long"
        },
        {
          "account": "jeremy",
          "coin": "HYPE",
          "kind": "spot",
          "quantity": 7.52e-06,
          "avg_entry": 90.671,
          "risk_reference_price": 90.671,
          "risk_reference_source": "opening_mark",
          "market": "spot:HYPE",
          "mark_price": 90.763,
          "unrealized_pnl": 6.918399999999906e-07,
          "passive": true,
          "notional": 0.00068253776,
          "side": "long"
        }
      ]
    }
  },
  "simulated": true,
  "poll_seconds": 30,
  "horizon_bars": 1,
  "lifecycle_phase": "trading",
  "errors": {},
  "quote_errors": {},
  "funding_errors": {},
  "funding_valuation": "realized_rate/candle_close_proxy",
  "quote_attempt_count": 1,
  "prepare_only": false
}
