{
  "mode": "paper",
  "status": "stopped",
  "pid": 65216,
  "config_path": "C:\\dev\\ducketz\\configs\\hyperliquid-paper.json",
  "updated_at_utc": "2026-10-02T10:17:12.287889+00:00",
  "last_error": null,
  "portfolio": {
    "accounts": {
      "alex": {
        "account": "alex",
        "initial_cash": 6556.58333037,
        "cash": 5986.894680745874,
        "realized_pnl": -560.9538413830012,
        "fees": 8.959848903,
        "funding": 0.22504066187500002,
        "net_transfers": 0.0,
        "initial_equity": 6036.64187617307,
        "initial_unrealized_pnl": -519.9444000000002,
        "role": "short_perp",
        "positions": [
          {
            "account": "alex",
            "coin": "ETH",
            "kind": "perp",
            "quantity": -9.999999999999593e-05,
            "avg_entry": 2746.2338299939197,
            "risk_reference_price": 2746.2338299939197,
            "risk_reference_source": "weighted_entry",
            "market": "perp:ETH",
            "mark_price": 2746.2,
            "unrealized_pnl": 3.382999391987913e-06,
            "passive": false,
            "notional": 0.2746199999999888,
            "side": "short"
          },
          {
            "account": "alex",
            "coin": "ZEC",
            "kind": "perp",
            "quantity": -0.009999999999999787,
            "avg_entry": 1356.7158,
            "risk_reference_price": 1385.1,
            "risk_reference_source": "opening_mark",
            "market": "perp:ZEC",
            "mark_price": 1391.8323,
            "unrealized_pnl": -0.3511649999999934,
            "passive": false,
            "notional": 13.918322999999704,
            "side": "short"
          },
          {
            "account": "alex",
            "coin": "HYPE",
            "kind": "spot",
            "quantity": 3.283e-05,
            "avg_entry": 89.729,
            "risk_reference_price": 89.729,
            "risk_reference_source": "opening_mark",
            "market": "spot:HYPE",
            "mark_price": 90.634,
            "unrealized_pnl": 2.9711150000000038e-05,
            "passive": true,
            "notional": 0.0029755142200000003,
            "side": "long"
          }
        ],
        "unrealized_pnl": -0.3511319058506014,
        "gross_exposure": 14.195918514219692,
        "equity": 5986.546494643094,
        "free_cash": 5972.350576128874,
        "total_pnl": -50.095381529976294,
        "net_realized_pnl": -569.6886496241261
      },
      "clearpond": {
        "account": "clearpond",
        "initial_cash": 3181.09673727,
        "cash": 33393.766776059,
        "realized_pnl": 45.989789040567736,
        "fees": 21.262291211000004,
        "funding": 0.0,
        "net_transfers": 0.0,
        "initial_equity": 33399.06439715501,
        "initial_unrealized_pnl": 0.0,
        "role": "spot",
        "positions": [
          {
            "account": "clearpond",
            "coin": "BTC",
            "kind": "spot",
            "quantity": 1.386239999999871e-05,
            "avg_entry": 86148.3689080677,
            "risk_reference_price": 86148.3689080677,
            "risk_reference_source": "weighted_entry",
            "market": "spot:BTC",
            "mark_price": 86366.0,
            "unrealized_pnl": 0.0030168892488020415,
            "passive": false,
            "notional": 1.1972400383998887,
            "side": "long"
          },
          {
            "account": "clearpond",
            "coin": "ETH",
            "kind": "spot",
            "quantity": 0.0040993000000000245,
            "avg_entry": 2747.4427020755365,
            "risk_reference_price": 2747.4427020755365,
            "risk_reference_source": "weighted_entry",
            "market": "spot:ETH",
            "mark_price": 2745.2,
            "unrealized_pnl": -0.009193508618247758,
            "passive": false,
            "notional": 11.253398360000066,
            "side": "long"
          },
          {
            "account": "clearpond",
            "coin": "HYPE",
            "kind": "spot",
            "quantity": 0.06112969000000135,
            "avg_entry": 89.729,
            "risk_reference_price": 89.729,
            "risk_reference_source": "opening_mark",
            "market": "spot:HYPE",
            "mark_price": 90.634,
            "unrealized_pnl": 0.05532236945000129,
            "passive": false,
            "notional": 5.540428323460122,
            "side": "long"
          },
          {
            "account": "clearpond",
            "coin": "ZEC",
            "kind": "spot",
            "quantity": 0.008704647000000077,
            "avg_entry": 1388.1318741357345,
            "risk_reference_price": 1388.1318741357345,
            "risk_reference_source": "weighted_entry",
            "market": "spot:ZEC",
            "mark_price": 1391.4,
            "unrealized_pnl": 0.028447882000002082,
            "passive": false,
            "notional": 12.11164583580011,
            "side": "long"
          }
        ],
        "unrealized_pnl": 0.07759363208055765,
        "gross_exposure": 30.102712557660183,
        "equity": 33423.869488616656,
        "free_cash": 33393.766776059,
        "total_pnl": 24.805091461646953,
        "net_realized_pnl": 24.72749782956773
      },
      "jeremy": {
        "account": "jeremy",
        "initial_cash": 5155.81347338,
        "cash": 5288.341787287019,
        "realized_pnl": 139.95998051126492,
        "fees": 7.259260653000001,
        "funding": -0.17240595125,
        "net_transfers": 0.0,
        "initial_equity": 5266.56727314208,
        "initial_unrealized_pnl": 110.75312499999964,
        "role": "long_perp",
        "positions": [
          {
            "account": "jeremy",
            "coin": "BTC",
            "kind": "perp",
            "quantity": 0.00034,
            "avg_entry": 86334.3653250774,
            "risk_reference_price": 86334.3653250774,
            "risk_reference_source": "weighted_entry",
            "market": "perp:BTC",
            "mark_price": 86369.0,
            "unrealized_pnl": 0.01177578947368631,
            "passive": false,
            "notional": 29.365460000000002,
            "side": "long"
          },
          {
            "account": "jeremy",
            "coin": "ETH",
            "kind": "perp",
            "quantity": 0.036699999999999997,
            "avg_entry": 2747.7868943802946,
            "risk_reference_price": 2747.7868943802946,
            "risk_reference_source": "weighted_entry",
            "market": "perp:ETH",
            "mark_price": 2746.2,
            "unrealized_pnl": -0.05823902375681841,
            "passive": false,
            "notional": 100.78553999999998,
            "side": "long"
          },
          {
            "account": "jeremy",
            "coin": "HYPE",
            "kind": "perp",
            "quantity": 0.48,
            "avg_entry": 90.16956250000001,
            "risk_reference_price": 90.16956250000001,
            "risk_reference_source": "weighted_entry",
            "market": "perp:HYPE",
            "mark_price": 90.6931,
            "unrealized_pnl": 0.25129799999999475,
            "passive": false,
            "notional": 43.532688,
            "side": "long"
          },
          {
            "account": "jeremy",
            "coin": "ZEC",
            "kind": "perp",
            "quantity": 0.0700000000000001,
            "avg_entry": 1389.8048896711753,
            "risk_reference_price": 1389.803265517551,
            "risk_reference_source": "weighted_entry",
            "market": "perp:ZEC",
            "mark_price": 1391.8323,
            "unrealized_pnl": 0.14191872301773423,
            "passive": false,
            "notional": 97.42826100000015,
            "side": "long"
          },
          {
            "account": "jeremy",
            "coin": "HYPE",
            "kind": "spot",
            "quantity": 7.52e-06,
            "avg_entry": 89.729,
            "risk_reference_price": 89.729,
            "risk_reference_source": "opening_mark",
            "market": "spot:HYPE",
            "mark_price": 90.634,
            "unrealized_pnl": 6.805600000000008e-06,
            "passive": true,
            "notional": 0.00068156768,
            "side": "long"
          }
        ],
        "unrealized_pnl": 0.3467602943345969,
        "gross_exposure": 271.1126305676801,
        "equity": 5288.689222343433,
        "free_cash": 5017.5765917757535,
        "total_pnl": 22.121949201353345,
        "net_realized_pnl": 132.5283139070149
      }
    },
    "pooled": {
      "initial_cash": 14893.49354102,
      "initial_equity": 44702.27354647016,
      "initial_unrealized_pnl": -409.1912750000006,
      "cash": 44669.00324409189,
      "equity": 44699.105205603184,
      "free_cash": 44383.693943963626,
      "realized_pnl": -375.0040718311685,
      "unrealized_pnl": 0.07322202056455314,
      "fees": 37.481400767000004,
      "funding": 0.052634710625000025,
      "net_transfers": 0.0,
      "total_pnl": -3.1683408669759956,
      "gross_exposure": 315.41126163956,
      "net_realized_pnl": -412.4328378875435,
      "positions": [
        {
          "account": "alex",
          "coin": "ETH",
          "kind": "perp",
          "quantity": -9.999999999999593e-05,
          "avg_entry": 2746.2338299939197,
          "risk_reference_price": 2746.2338299939197,
          "risk_reference_source": "weighted_entry",
          "market": "perp:ETH",
          "mark_price": 2746.2,
          "unrealized_pnl": 3.382999391987913e-06,
          "passive": false,
          "notional": 0.2746199999999888,
          "side": "short"
        },
        {
          "account": "alex",
          "coin": "ZEC",
          "kind": "perp",
          "quantity": -0.009999999999999787,
          "avg_entry": 1356.7158,
          "risk_reference_price": 1385.1,
          "risk_reference_source": "opening_mark",
          "market": "perp:ZEC",
          "mark_price": 1391.8323,
          "unrealized_pnl": -0.3511649999999934,
          "passive": false,
          "notional": 13.918322999999704,
          "side": "short"
        },
        {
          "account": "alex",
          "coin": "HYPE",
          "kind": "spot",
          "quantity": 3.283e-05,
          "avg_entry": 89.729,
          "risk_reference_price": 89.729,
          "risk_reference_source": "opening_mark",
          "market": "spot:HYPE",
          "mark_price": 90.634,
          "unrealized_pnl": 2.9711150000000038e-05,
          "passive": true,
          "notional": 0.0029755142200000003,
          "side": "long"
        },
        {
          "account": "clearpond",
          "coin": "BTC",
          "kind": "spot",
          "quantity": 1.386239999999871e-05,
          "avg_entry": 86148.3689080677,
          "risk_reference_price": 86148.3689080677,
          "risk_reference_source": "weighted_entry",
          "market": "spot:BTC",
          "mark_price": 86366.0,
          "unrealized_pnl": 0.0030168892488020415,
          "passive": false,
          "notional": 1.1972400383998887,
          "side": "long"
        },
        {
          "account": "clearpond",
          "coin": "ETH",
          "kind": "spot",
          "quantity": 0.0040993000000000245,
          "avg_entry": 2747.4427020755365,
          "risk_reference_price": 2747.4427020755365,
          "risk_reference_source": "weighted_entry",
          "market": "spot:ETH",
          "mark_price": 2745.2,
          "unrealized_pnl": -0.009193508618247758,
          "passive": false,
          "notional": 11.253398360000066,
          "side": "long"
        },
        {
          "account": "clearpond",
          "coin": "HYPE",
          "kind": "spot",
          "quantity": 0.06112969000000135,
          "avg_entry": 89.729,
          "risk_reference_price": 89.729,
          "risk_reference_source": "opening_mark",
          "market": "spot:HYPE",
          "mark_price": 90.634,
          "unrealized_pnl": 0.05532236945000129,
          "passive": false,
          "notional": 5.540428323460122,
          "side": "long"
        },
        {
          "account": "clearpond",
          "coin": "ZEC",
          "kind": "spot",
          "quantity": 0.008704647000000077,
          "avg_entry": 1388.1318741357345,
          "risk_reference_price": 1388.1318741357345,
          "risk_reference_source": "weighted_entry",
          "market": "spot:ZEC",
          "mark_price": 1391.4,
          "unrealized_pnl": 0.028447882000002082,
          "passive": false,
          "notional": 12.11164583580011,
          "side": "long"
        },
        {
          "account": "jeremy",
          "coin": "BTC",
          "kind": "perp",
          "quantity": 0.00034,
          "avg_entry": 86334.3653250774,
          "risk_reference_price": 86334.3653250774,
          "risk_reference_source": "weighted_entry",
          "market": "perp:BTC",
          "mark_price": 86369.0,
          "unrealized_pnl": 0.01177578947368631,
          "passive": false,
          "notional": 29.365460000000002,
          "side": "long"
        },
        {
          "account": "jeremy",
          "coin": "ETH",
          "kind": "perp",
          "quantity": 0.036699999999999997,
          "avg_entry": 2747.7868943802946,
          "risk_reference_price": 2747.7868943802946,
          "risk_reference_source": "weighted_entry",
          "market": "perp:ETH",
          "mark_price": 2746.2,
          "unrealized_pnl": -0.05823902375681841,
          "passive": false,
          "notional": 100.78553999999998,
          "side": "long"
        },
        {
          "account": "jeremy",
          "coin": "HYPE",
          "kind": "perp",
          "quantity": 0.48,
          "avg_entry": 90.16956250000001,
          "risk_reference_price": 90.16956250000001,
          "risk_reference_source": "weighted_entry",
          "market": "perp:HYPE",
          "mark_price": 90.6931,
          "unrealized_pnl": 0.25129799999999475,
          "passive": false,
          "notional": 43.532688,
          "side": "long"
        },
        {
          "account": "jeremy",
          "coin": "ZEC",
          "kind": "perp",
          "quantity": 0.0700000000000001,
          "avg_entry": 1389.8048896711753,
          "risk_reference_price": 1389.803265517551,
          "risk_reference_source": "weighted_entry",
          "market": "perp:ZEC",
          "mark_price": 1391.8323,
          "unrealized_pnl": 0.14191872301773423,
          "passive": false,
          "notional": 97.42826100000015,
          "side": "long"
        },
        {
          "account": "jeremy",
          "coin": "HYPE",
          "kind": "spot",
          "quantity": 7.52e-06,
          "avg_entry": 89.729,
          "risk_reference_price": 89.729,
          "risk_reference_source": "opening_mark",
          "market": "spot:HYPE",
          "mark_price": 90.634,
          "unrealized_pnl": 6.805600000000008e-06,
          "passive": true,
          "notional": 0.00068156768,
          "side": "long"
        }
      ]
    }
  },
  "simulated": true,
  "poll_seconds": 30,
  "horizon_bars": 1,
  "lifecycle_phase": "trading",
  "errors": {},
  "quote_errors": {},
  "funding_errors": {},
  "funding_valuation": "realized_rate/candle_close_proxy",
  "quote_attempt_count": 1,
  "prepare_only": false
}
